Component: ARM Compiler 5.06 update 5 (build 528) Tool: armlink [4d35e2]

==============================================================================

Section Cross References

    startup_stm32f767xx.o(RESET) refers to startup_stm32f767xx.o(STACK) for __initial_sp
    startup_stm32f767xx.o(RESET) refers to startup_stm32f767xx.o(.text) for Reset_Handler
    startup_stm32f767xx.o(RESET) refers to stm32f7xx_it.o(i.NMI_Handler) for NMI_Handler
    startup_stm32f767xx.o(RESET) refers to stm32f7xx_it.o(i.HardFault_Handler) for HardFault_Handler
    startup_stm32f767xx.o(RESET) refers to stm32f7xx_it.o(i.MemManage_Handler) for MemManage_Handler
    startup_stm32f767xx.o(RESET) refers to stm32f7xx_it.o(i.BusFault_Handler) for BusFault_Handler
    startup_stm32f767xx.o(RESET) refers to stm32f7xx_it.o(i.UsageFault_Handler) for UsageFault_Handler
    startup_stm32f767xx.o(RESET) refers to stm32f7xx_it.o(i.SVC_Handler) for SVC_Handler
    startup_stm32f767xx.o(RESET) refers to stm32f7xx_it.o(i.DebugMon_Handler) for DebugMon_Handler
    startup_stm32f767xx.o(RESET) refers to stm32f7xx_it.o(i.PendSV_Handler) for PendSV_Handler
    startup_stm32f767xx.o(RESET) refers to stm32f7xx_it.o(i.SysTick_Handler) for SysTick_Handler
    startup_stm32f767xx.o(RESET) refers to stm32f7xx_it.o(i.DMA1_Stream4_IRQHandler) for DMA1_Stream4_IRQHandler
    startup_stm32f767xx.o(RESET) refers to stm32f7xx_it.o(i.ADC_IRQHandler) for ADC_IRQHandler
    startup_stm32f767xx.o(RESET) refers to stm32f7xx_it.o(i.I2C1_EV_IRQHandler) for I2C1_EV_IRQHandler
    startup_stm32f767xx.o(RESET) refers to stm32f7xx_it.o(i.I2C1_ER_IRQHandler) for I2C1_ER_IRQHandler
    startup_stm32f767xx.o(RESET) refers to stm32f7xx_it.o(i.UART4_IRQHandler) for UART4_IRQHandler
    startup_stm32f767xx.o(RESET) refers to stm32f7xx_it.o(i.TIM6_DAC_IRQHandler) for TIM6_DAC_IRQHandler
    startup_stm32f767xx.o(RESET) refers to stm32f7xx_it.o(i.DMA2_Stream0_IRQHandler) for DMA2_Stream0_IRQHandler
    startup_stm32f767xx.o(RESET) refers to stm32f7xx_it.o(i.CAN2_TX_IRQHandler) for CAN2_TX_IRQHandler
    startup_stm32f767xx.o(RESET) refers to stm32f7xx_it.o(i.CAN2_RX0_IRQHandler) for CAN2_RX0_IRQHandler
    startup_stm32f767xx.o(RESET) refers to stm32f7xx_it.o(i.CAN2_RX1_IRQHandler) for CAN2_RX1_IRQHandler
    startup_stm32f767xx.o(.text) refers to system_stm32f7xx.o(i.SystemInit) for SystemInit
    startup_stm32f767xx.o(.text) refers to entry.o(.ARM.Collect$$$$00000000) for __main
    main.o(i.HAL_TIM_PeriodElapsedCallback) refers to stm32f7xx_hal_gpio.o(i.HAL_GPIO_TogglePin) for HAL_GPIO_TogglePin
    main.o(i.HAL_TIM_PeriodElapsedCallback) refers to main.o(.data) for .data
    main.o(i.HAL_UART_RxCpltCallback) refers to stm32f7xx_hal_gpio.o(i.HAL_GPIO_TogglePin) for HAL_GPIO_TogglePin
    main.o(i.HAL_UART_RxCpltCallback) refers to stm32f7xx_hal_uart.o(i.HAL_UART_Receive_IT) for HAL_UART_Receive_IT
    main.o(i.HAL_UART_RxCpltCallback) refers to main.o(.data) for .data
    main.o(i.HAL_UART_RxCpltCallback) refers to usart.o(.bss) for huart4
    main.o(i.SystemClock_Config) refers to memseta.o(.text) for __aeabi_memclr4
    main.o(i.SystemClock_Config) refers to stm32f7xx_hal_rcc.o(i.HAL_RCC_OscConfig) for HAL_RCC_OscConfig
    main.o(i.SystemClock_Config) refers to stm32f7xx_hal_pwr_ex.o(i.HAL_PWREx_EnableOverDrive) for HAL_PWREx_EnableOverDrive
    main.o(i.SystemClock_Config) refers to stm32f7xx_hal_rcc.o(i.HAL_RCC_ClockConfig) for HAL_RCC_ClockConfig
    main.o(i.SystemClock_Config) refers to stm32f7xx_hal_rcc_ex.o(i.HAL_RCCEx_PeriphCLKConfig) for HAL_RCCEx_PeriphCLKConfig
    main.o(i.main) refers to stm32f7xx_hal.o(i.HAL_Init) for HAL_Init
    main.o(i.main) refers to main.o(i.SystemClock_Config) for SystemClock_Config
    main.o(i.main) refers to gpio.o(i.MX_GPIO_Init) for MX_GPIO_Init
    main.o(i.main) refers to dma.o(i.MX_DMA_Init) for MX_DMA_Init
    main.o(i.main) refers to adc.o(i.MX_ADC1_Init) for MX_ADC1_Init
    main.o(i.main) refers to can.o(i.MX_CAN2_Init) for MX_CAN2_Init
    main.o(i.main) refers to i2c.o(i.MX_I2C1_Init) for MX_I2C1_Init
    main.o(i.main) refers to tim.o(i.MX_TIM1_Init) for MX_TIM1_Init
    main.o(i.main) refers to tim.o(i.MX_TIM2_Init) for MX_TIM2_Init
    main.o(i.main) refers to usart.o(i.MX_UART4_Init) for MX_UART4_Init
    main.o(i.main) refers to gfxsimulator.o(i.MX_GFXSIMULATOR_Init) for MX_GFXSIMULATOR_Init
    main.o(i.main) refers to tim.o(i.MX_TIM3_Init) for MX_TIM3_Init
    main.o(i.main) refers to tim.o(i.MX_TIM6_Init) for MX_TIM6_Init
    main.o(i.main) refers to stm32f7xx_hal_tim.o(i.HAL_TIM_Base_Start_IT) for HAL_TIM_Base_Start_IT
    main.o(i.main) refers to stm32f7xx_hal_uart.o(i.HAL_UART_Receive_IT) for HAL_UART_Receive_IT
    main.o(i.main) refers to can.o(i.CAN2_Start) for CAN2_Start
    main.o(i.main) refers to stm32f7xx_hal.o(i.HAL_Delay) for HAL_Delay
    main.o(i.main) refers to can.o(i.CAN2_Send_GCU_Packet) for CAN2_Send_GCU_Packet
    main.o(i.main) refers to tim.o(.bss) for htim6
[...]
    ../Drivers/STM32F7xx_HAL_Driver/Src/stm32f7xx_hal_exti.c 0x00000000   Number         0  stm32f7xx_hal_exti.o ABSOLUTE
    ../Drivers/STM32F7xx_HAL_Driver/Src/stm32f7xx_hal_flash.c 0x00000000   Number         0  stm32f7xx_hal_flash.o ABSOLUTE
    ../Drivers/STM32F7xx_HAL_Driver/Src/stm32f7xx_hal_flash_ex.c 0x00000000   Number         0  stm32f7xx_hal_flash_ex.o ABSOLUTE
    ../Drivers/STM32F7xx_HAL_Driver/Src/stm32f7xx_hal_gpio.c 0x00000000   Number         0  stm32f7xx_hal_gpio.o ABSOLUTE
    ../Drivers/STM32F7xx_HAL_Driver/Src/stm32f7xx_hal_i2c.c 0x00000000   Number         0  stm32f7xx_hal_i2c.o ABSOLUTE
    ../Drivers/STM32F7xx_HAL_Driver/Src/stm32f7xx_hal_i2c_ex.c 0x00000000   Number         0  stm32f7xx_hal_i2c_ex.o ABSOLUTE
    ../Drivers/STM32F7xx_HAL_Driver/Src/stm32f7xx_hal_pwr.c 0x00000000   Number         0  stm32f7xx_hal_pwr.o ABSOLUTE
    ../Drivers/STM32F7xx_HAL_Driver/Src/stm32f7xx_hal_pwr_ex.c 0x00000000   Number         0  stm32f7xx_hal_pwr_ex.o ABSOLUTE
    ../Drivers/STM32F7xx_HAL_Driver/Src/stm32f7xx_hal_rcc.c 0x00000000   Number         0  stm32f7xx_hal_rcc.o ABSOLUTE
    ../Drivers/STM32F7xx_HAL_Driver/Src/stm32f7xx_hal_rcc_ex.c 0x00000000   Number         0  stm32f7xx_hal_rcc_ex.o ABSOLUTE
    ../Drivers/STM32F7xx_HAL_Driver/Src/stm32f7xx_hal_tim.c 0x00000000   Number         0  stm32f7xx_hal_tim.o ABSOLUTE
    ../Drivers/STM32F7xx_HAL_Driver/Src/stm32f7xx_hal_tim_ex.c 0x00000000   Number         0  stm32f7xx_hal_tim_ex.o ABSOLUTE
    ../Drivers/STM32F7xx_HAL_Driver/Src/stm32f7xx_hal_uart.c 0x00000000   Number         0  stm32f7xx_hal_uart.o ABSOLUTE
    ../Src/adc.c                             0x00000000   Number         0  adc.o ABSOLUTE
    ../Src/can.c                             0x00000000   Number         0  can.o ABSOLUTE
    ../Src/dma.c                             0x00000000   Number         0  dma.o ABSOLUTE
    ../Src/gfxsimulator.c                    0x00000000   Number         0  gfxsimulator.o ABSOLUTE
    ../Src/gpio.c                            0x00000000   Number         0  gpio.o ABSOLUTE
    ../Src/i2c.c                             0x00000000   Number         0  i2c.o ABSOLUTE
    ../Src/main.c                            0x00000000   Number         0  main.o ABSOLUTE
    ../Src/stm32f7xx_hal_msp.c               0x00000000   Number         0  stm32f7xx_hal_msp.o ABSOLUTE
    ../Src/stm32f7xx_it.c                    0x00000000   Number         0  stm32f7xx_it.o ABSOLUTE
    ../Src/system_stm32f7xx.c                0x00000000   Number         0  system_stm32f7xx.o ABSOLUTE
    ../Src/tim.c                             0x00000000   Number         0  tim.o ABSOLUTE
    ../Src/usart.c                           0x00000000   Number         0  usart.o ABSOLUTE
    ../clib/microlib/division.c              0x00000000   Number         0  uldiv.o ABSOLUTE
    ../clib/microlib/init/entry.s            0x00000000   Number         0  entry2.o ABSOLUTE
    ../clib/microlib/init/entry.s            0x00000000   Number         0  entry.o ABSOLUTE
    ../clib/microlib/init/entry.s            0x00000000   Number         0  entry11b.o ABSOLUTE
    ../clib/microlib/init/entry.s            0x00000000   Number         0  entry8b.o ABSOLUTE
    ../clib/microlib/init/entry.s            0x00000000   Number         0  entry11a.o ABSOLUTE
    ../clib/microlib/init/entry.s            0x00000000   Number         0  entry10b.o ABSOLUTE
    ../clib/microlib/init/entry.s            0x00000000   Number         0  entry10a.o ABSOLUTE
    ../clib/microlib/init/entry.s            0x00000000   Number         0  entry9b.o ABSOLUTE
    ../clib/microlib/init/entry.s            0x00000000   Number         0  entry9a.o ABSOLUTE
    ../clib/microlib/init/entry.s            0x00000000   Number         0  entry8a.o ABSOLUTE
    ../clib/microlib/init/entry.s            0x00000000   Number         0  entry7b.o ABSOLUTE
    ../clib/microlib/init/entry.s            0x00000000   Number         0  entry7a.o ABSOLUTE
    ../clib/microlib/init/entry.s            0x00000000   Number         0  entry5.o ABSOLUTE
    ../clib/microlib/longlong.c              0x00000000   Number         0  llushr.o ABSOLUTE
    ../clib/microlib/longlong.c              0x00000000   Number         0  llshl.o ABSOLUTE
    ../clib/microlib/string/memset.c         0x00000000   Number         0  memseta.o ABSOLUTE
    ..\Drivers\STM32F7xx_HAL_Driver\Src\stm32f7xx_hal.c 0x00000000   Number         0  stm32f7xx_hal.o ABSOLUTE
    ..\Drivers\STM32F7xx_HAL_Driver\Src\stm32f7xx_hal_adc.c 0x00000000   Number         0  stm32f7xx_hal_adc.o ABSOLUTE
    ..\Drivers\STM32F7xx_HAL_Driver\Src\stm32f7xx_hal_adc_ex.c 0x00000000   Number         0  stm32f7xx_hal_adc_ex.o ABSOLUTE
    ..\Drivers\STM32F7xx_HAL_Driver\Src\stm32f7xx_hal_can.c 0x00000000   Number         0  stm32f7xx_hal_can.o ABSOLUTE
    ..\Drivers\STM32F7xx_HAL_Driver\Src\stm32f7xx_hal_cortex.c 0x00000000   Number         0  stm32f7xx_hal_cortex.o ABSOLUTE
    ..\Drivers\STM32F7xx_HAL_Driver\Src\stm32f7xx_hal_dma.c 0x00000000   Number         0  stm32f7xx_hal_dma.o ABSOLUTE
    ..\Drivers\STM32F7xx_HAL_Driver\Src\stm32f7xx_hal_dma_ex.c 0x00000000   Number         0  stm32f7xx_hal_dma_ex.o ABSOLUTE
    ..\Drivers\STM32F7xx_HAL_Driver\Src\stm32f7xx_hal_exti.c 0x00000000   Number         0  stm32f7xx_hal_exti.o ABSOLUTE
    ..\Drivers\STM32F7xx_HAL_Driver\Src\stm32f7xx_hal_flash.c 0x00000000   Number         0  stm32f7xx_hal_flash.o ABSOLUTE
    ..\Drivers\STM32F7xx_HAL_Driver\Src\stm32f7xx_hal_flash_ex.c 0x00000000   Number         0  stm32f7xx_hal_flash_ex.o ABSOLUTE
    ..\Drivers\STM32F7xx_HAL_Driver\Src\stm32f7xx_hal_gpio.c 0x00000000   Number         0  stm32f7xx_hal_gpio.o ABSOLUTE
    ..\Drivers\STM32F7xx_HAL_Driver\Src\stm32f7xx_hal_i2c.c 0x00000000   Number         0  stm32f7xx_hal_i2c.o ABSOLUTE
    ..\Drivers\STM32F7xx_HAL_Driver\Src\stm32f7xx_hal_i2c_ex.c 0x00000000   Number         0  stm32f7xx_hal_i2c_ex.o ABSOLUTE
    ..\Drivers\STM32F7xx_HAL_Driver\Src\stm32f7xx_hal_pwr.c 0x00000000   Number         0  stm32f7xx_hal_pwr.o ABSOLUTE
    ..\Drivers\STM32F7xx_HAL_Driver\Src\stm32f7xx_hal_pwr_ex.c 0x00000000   Number         0  stm32f7xx_hal_pwr_ex.o ABSOLUTE
    ..\Drivers\STM32F7xx_HAL_Driver\Src\stm32f7xx_hal_rcc.c 0x00000000   Number         0  stm32f7xx_hal_rcc.o ABSOLUTE
    ..\Drivers\STM32F7xx_HAL_Driver\Src\stm32f7xx_hal_rcc_ex.c 0x00000000   Number         0  stm32f7xx_hal_rcc_ex.o ABSOLUTE
    ..\Drivers\STM32F7xx_HAL_Driver\Src\stm32f7xx_hal_tim.c 0x00000000   Number         0  stm32f7xx_hal_tim.o ABSOLUTE
    ..\Drivers\STM32F7xx_HAL_Driver\Src\stm32f7xx_hal_tim_ex.c 0x00000000   Number         0  stm32f7xx_hal_tim_ex.o ABSOLUTE
    ..\Drivers\STM32F7xx_HAL_Driver\Src\stm32f7xx_hal_uart.c 0x00000000   Number         0  stm32f7xx_hal_uart.o ABSOLUTE
    ..\Src\adc.c                             0x00000000   Number         0  adc.o ABSOLUTE
    ..\Src\can.c                             0x00000000   Number         0  can.o ABSOLUTE
    ..\Src\dma.c                             0x00000000   Number         0  dma.o ABSOLUTE
    ..\Src\gfxsimulator.c                    0x00000000   Number         0  gfxsimulator.o ABSOLUTE
    ..\Src\gpio.c                            0x00000000   Number         0  gpio.o ABSOLUTE
    ..\Src\i2c.c                             0x00000000   Number         0  i2c.o ABSOLUTE
    ..\Src\main.c                            0x00000000   Number         0  main.o ABSOLUTE
    ..\Src\stm32f7xx_hal_msp.c               0x00000000   Number         0  stm32f7xx_hal_msp.o ABSOLUTE
    ..\Src\stm32f7xx_it.c                    0x00000000   Number         0  stm32f7xx_it.o ABSOLUTE
    ..\Src\system_stm32f7xx.c                0x00000000   Number         0  system_stm32f7xx.o ABSOLUTE
    ..\Src\tim.c                             0x00000000   Number         0  tim.o ABSOLUTE
    ..\Src\usart.c                           0x00000000   Number         0  usart.o ABSOLUTE
    dc.s                                     0x00000000   Number         0  dc.o ABSOLUTE
    handlers.s                               0x00000000   Number         0  handlers.o ABSOLUTE
    init.s                                   0x00000000   Number         0  init.o ABSOLUTE
    startup_stm32f767xx.s                    0x00000000   Number         0  startup_stm32f767xx.o ABSOLUTE
    RESET                                    0x08000000   Section      504  startup_stm32f767xx.o(RESET)
    .ARM.Collect$$$$00000000                 0x080001f8   Section        0  entry.o(.ARM.Collect$$$$00000000)
    .ARM.Collect$$$$00000001                 0x080001f8   Section        4  entry2.o(.ARM.Collect$$$$00000001)
    .ARM.Collect$$$$00000004                 0x080001fc   Section        4  entry5.o(.ARM.Collect$$$$00000004)
    .ARM.Collect$$$$00000008                 0x08000200   Section        0  entry7b.o(.ARM.Collect$$$$00000008)
    .ARM.Collect$$$$0000000A                 0x08000200   Section        0  entry8b.o(.ARM.Collect$$$$0000000A)
    .ARM.Collect$$$$0000000B                 0x08000200   Section        8  entry9a.o(.ARM.Collect$$$$0000000B)
    .ARM.Collect$$$$0000000D                 0x08000208   Section        0  entry10a.o(.ARM.Collect$$$$0000000D)
    .ARM.Collect$$$$0000000F                 0x08000208   Section        0  entry11a.o(.ARM.Collect$$$$0000000F)
    .ARM.Collect$$$$00002712                 0x08000208   Section        4  entry2.o(.ARM.Collect$$$$00002712)
    __lit__00000000                          0x08000208   Data           4  entry2.o(.ARM.Collect$$$$00002712)
    .text                                    0x0800020c   Section       36  startup_stm32f767xx.o(.text)
    $v0                                      0x0800020c   Number         0  startup_stm32f767xx.o(.text)
    .text                                    0x08000230   Section        0  uldiv.o(.text)
    .text                                    0x08000292   Section        0  memseta.o(.text)
    .text                                    0x080002b6   Section        0  llshl.o(.text)
    .text                                    0x080002d4   Section        0  llushr.o(.text)
    .text                                    0x080002f4   Section       36  init.o(.text)
    i.ADC_IRQHandler                         0x08000318   Section        0  stm32f7xx_it.o(i.ADC_IRQHandler)
    i.ADC_Init                               0x08000324   Section        0  stm32f7xx_hal_adc.o(i.ADC_Init)
    ADC_Init                                 0x08000325   Thumb Code   298  stm32f7xx_hal_adc.o(i.ADC_Init)
    i.BusFault_Handler                       0x0800045c   Section        0  stm32f7xx_it.o(i.BusFault_Handler)
    i.CAN2_Filter_Setup                      0x08000460   Section        0  can.o(i.CAN2_Filter_Setup)
    i.CAN2_RX0_IRQHandler                    0x08000494   Section        0  stm32f7xx_it.o(i.CAN2_RX0_IRQHandler)
    i.CAN2_RX1_IRQHandler                    0x080004a0   Section        0  stm32f7xx_it.o(i.CAN2_RX1_IRQHandler)
    i.CAN2_Send_GCU_Packet                   0x080004ac   Section        0  can.o(i.CAN2_Send_GCU_Packet)
    i.CAN2_Start                             0x080004f4   Section        0  can.o(i.CAN2_Start)
    i.CAN2_TX_IRQHandler                     0x08000520   Section        0  stm32f7xx_it.o(i.CAN2_TX_IRQHandler)
    i.DMA1_Stream4_IRQHandler                0x0800052c   Section        0  stm32f7xx_it.o(i.DMA1_Stream4_IRQHandler)
    i.DMA2_Stream0_IRQHandler                0x08000538   Section        0  stm32f7xx_it.o(i.DMA2_Stream0_IRQHandler)
    i.DMA_CalcBaseAndBitshift                0x08000544   Section        0  stm32f7xx_hal_dma.o(i.DMA_CalcBaseAndBitshift)
    DMA_CalcBaseAndBitshift                  0x08000545   Thumb Code    34  stm32f7xx_hal_dma.o(i.DMA_CalcBaseAndBitshift)
    i.DMA_CheckFifoParam                     0x0800056c   Section        0  stm32f7xx_hal_dma.o(i.DMA_CheckFifoParam)
    DMA_CheckFifoParam                       0x0800056d   Thumb Code    84  stm32f7xx_hal_dma.o(i.DMA_CheckFifoParam)
    i.DebugMon_Handler                       0x080005c0   Section        0  stm32f7xx_it.o(i.DebugMon_Handler)
    i.Error_Handler                          0x080005c2   Section        0  main.o(i.Error_Handler)
    i.HAL_ADCEx_InjectedConvCpltCallback     0x080005c4   Section        0  stm32f7xx_hal_adc_ex.o(i.HAL_ADCEx_InjectedConvCpltCallback)
    i.HAL_ADC_ConfigChannel                  0x080005c8   Section        0  stm32f7xx_hal_adc.o(i.HAL_ADC_ConfigChannel)
    i.HAL_ADC_ConvCpltCallback               0x0800072c   Section        0  stm32f7xx_hal_adc.o(i.HAL_ADC_ConvCpltCallback)
    i.HAL_ADC_ErrorCallback                  0x0800072e   Section        0  stm32f7xx_hal_adc.o(i.HAL_ADC_ErrorCallback)
    i.HAL_ADC_IRQHandler                     0x08000730   Section        0  stm32f7xx_hal_adc.o(i.HAL_ADC_IRQHandler)
    i.HAL_ADC_Init                           0x0800086c   Section        0  stm32f7xx_hal_adc.o(i.HAL_ADC_Init)
    i.HAL_ADC_LevelOutOfWindowCallback       0x080008c0   Section        0  stm32f7xx_hal_adc.o(i.HAL_ADC_LevelOutOfWindowCallback)
    i.HAL_ADC_MspInit                        0x080008c4   Section        0  adc.o(i.HAL_ADC_MspInit)
    i.HAL_CAN_ActivateNotification           0x080009b0   Section        0  stm32f7xx_hal_can.o(i.HAL_CAN_ActivateNotification)
    i.HAL_CAN_AddTxMessage                   0x080009d4   Section        0  stm32f7xx_hal_can.o(i.HAL_CAN_AddTxMessage)
    i.HAL_CAN_ConfigFilter                   0x08000aac   Section        0  stm32f7xx_hal_can.o(i.HAL_CAN_ConfigFilter)
    i.HAL_CAN_ErrorCallback                  0x08000bcc   Section        0  stm32f7xx_hal_can.o(i.HAL_CAN_ErrorCallback)
    i.HAL_CAN_GetRxMessage                   0x08000bd0   Section        0  stm32f7xx_hal_can.o(i.HAL_CAN_GetRxMessage)
    i.HAL_CAN_IRQHandler                     0x08000cca   Section        0  stm32f7xx_hal_can.o(i.HAL_CAN_IRQHandler)
    i.HAL_CAN_Init                           0x08000ec6   Section        0  stm32f7xx_hal_can.o(i.HAL_CAN_Init)
    i.HAL_CAN_MspInit                        0x08000fe0   Section        0  can.o(i.HAL_CAN_MspInit)
    i.HAL_CAN_RxFifo0FullCallback            0x08001094   Section        0  stm32f7xx_hal_can.o(i.HAL_CAN_RxFifo0FullCallback)
    i.HAL_CAN_RxFifo0MsgPendingCallback      0x08001098   Section        0  can.o(i.HAL_CAN_RxFifo0MsgPendingCallback)
    i.HAL_CAN_RxFifo1FullCallback            0x080010c4   Section        0  stm32f7xx_hal_can.o(i.HAL_CAN_RxFifo1FullCallback)
    i.HAL_CAN_RxFifo1MsgPendingCallback      0x080010c6   Section        0  stm32f7xx_hal_can.o(i.HAL_CAN_RxFifo1MsgPendingCallback)
    i.HAL_CAN_SleepCallback                  0x080010c8   Section        0  stm32f7xx_hal_can.o(i.HAL_CAN_SleepCallback)
    i.HAL_CAN_Start                          0x080010cc   Section        0  stm32f7xx_hal_can.o(i.HAL_CAN_Start)
    i.HAL_CAN_TxMailbox0AbortCallback        0x08001124   Section        0  stm32f7xx_hal_can.o(i.HAL_CAN_TxMailbox0AbortCallback)
    i.HAL_CAN_TxMailbox0CompleteCallback     0x08001126   Section        0  stm32f7xx_hal_can.o(i.HAL_CAN_TxMailbox0CompleteCallback)
    i.HAL_CAN_TxMailbox1AbortCallback        0x08001128   Section        0  stm32f7xx_hal_can.o(i.HAL_CAN_TxMailbox1AbortCallback)
    i.HAL_CAN_TxMailbox1CompleteCallback     0x0800112a   Section        0  stm32f7xx_hal_can.o(i.HAL_CAN_TxMailbox1CompleteCallback)
    i.HAL_CAN_TxMailbox2AbortCallback        0x0800112c   Section        0  stm32f7xx_hal_can.o(i.HAL_CAN_TxMailbox2AbortCallback)
    i.HAL_CAN_TxMailbox2CompleteCallback     0x0800112e   Section        0  stm32f7xx_hal_can.o(i.HAL_CAN_TxMailbox2CompleteCallback)
    i.HAL_CAN_WakeUpFromRxMsgCallback        0x08001130   Section        0  stm32f7xx_hal_can.o(i.HAL_CAN_WakeUpFromRxMsgCallback)
    i.HAL_DMA_Abort_IT                       0x08001132   Section        0  stm32f7xx_hal_dma.o(i.HAL_DMA_Abort_IT)
    i.HAL_DMA_IRQHandler                     0x08001158   Section        0  stm32f7xx_hal_dma.o(i.HAL_DMA_IRQHandler)
    i.HAL_DMA_Init                           0x080012f8   Section        0  stm32f7xx_hal_dma.o(i.HAL_DMA_Init)
    i.HAL_Delay                              0x080013dc   Section        0  stm32f7xx_hal.o(i.HAL_Delay)
    i.HAL_GPIO_Init                          0x08001400   Section        0  stm32f7xx_hal_gpio.o(i.HAL_GPIO_Init)
    i.HAL_GPIO_TogglePin                     0x080015d8   Section        0  stm32f7xx_hal_gpio.o(i.HAL_GPIO_TogglePin)
    i.HAL_GPIO_WritePin                      0x080015e6   Section        0  stm32f7xx_hal_gpio.o(i.HAL_GPIO_WritePin)
    i.HAL_GetTick                            0x080015f0   Section        0  stm32f7xx_hal.o(i.HAL_GetTick)
    i.HAL_I2CEx_ConfigAnalogFilter           0x080015fc   Section        0  stm32f7xx_hal_i2c_ex.o(i.HAL_I2CEx_ConfigAnalogFilter)
    i.HAL_I2CEx_ConfigDigitalFilter          0x08001654   Section        0  stm32f7xx_hal_i2c_ex.o(i.HAL_I2CEx_ConfigDigitalFilter)
    i.HAL_I2C_AbortCpltCallback              0x080016a8   Section        0  stm32f7xx_hal_i2c.o(i.HAL_I2C_AbortCpltCallback)
    i.HAL_I2C_AddrCallback                   0x080016aa   Section        0  stm32f7xx_hal_i2c.o(i.HAL_I2C_AddrCallback)
    i.HAL_I2C_ER_IRQHandler                  0x080016ac   Section        0  stm32f7xx_hal_i2c.o(i.HAL_I2C_ER_IRQHandler)
    i.HAL_I2C_EV_IRQHandler                  0x08001714   Section        0  stm32f7xx_hal_i2c.o(i.HAL_I2C_EV_IRQHandler)
    i.HAL_I2C_ErrorCallback                  0x08001724   Section        0  stm32f7xx_hal_i2c.o(i.HAL_I2C_ErrorCallback)
    i.HAL_I2C_Init                           0x08001728   Section        0  stm32f7xx_hal_i2c.o(i.HAL_I2C_Init)
    i.HAL_I2C_ListenCpltCallback             0x080017e0   Section        0  stm32f7xx_hal_i2c.o(i.HAL_I2C_ListenCpltCallback)
    i.HAL_I2C_MspInit                        0x080017e4   Section        0  i2c.o(i.HAL_I2C_MspInit)
    i.HAL_I2C_SlaveRxCpltCallback            0x08001868   Section        0  stm32f7xx_hal_i2c.o(i.HAL_I2C_SlaveRxCpltCallback)
    i.HAL_I2C_SlaveTxCpltCallback            0x0800186a   Section        0  stm32f7xx_hal_i2c.o(i.HAL_I2C_SlaveTxCpltCallback)
    i.HAL_IncTick                            0x0800186c   Section        0  stm32f7xx_hal.o(i.HAL_IncTick)
    i.HAL_Init                               0x0800187c   Section        0  stm32f7xx_hal.o(i.HAL_Init)
    i.HAL_InitTick                           0x08001894   Section        0  stm32f7xx_hal.o(i.HAL_InitTick)
    i.HAL_MspInit                            0x080018d4   Section        0  stm32f7xx_hal_msp.o(i.HAL_MspInit)
    i.HAL_NVIC_EnableIRQ                     0x08001904   Section        0  stm32f7xx_hal_cortex.o(i.HAL_NVIC_EnableIRQ)
    i.HAL_NVIC_SetPriority                   0x08001920   Section        0  stm32f7xx_hal_cortex.o(i.HAL_NVIC_SetPriority)
    i.HAL_NVIC_SetPriorityGrouping           0x08001960   Section        0  stm32f7xx_hal_cortex.o(i.HAL_NVIC_SetPriorityGrouping)
    i.HAL_PWREx_EnableOverDrive              0x08001984   Section        0  stm32f7xx_hal_pwr_ex.o(i.HAL_PWREx_EnableOverDrive)
    i.HAL_RCCEx_PeriphCLKConfig              0x080019f0   Section        0  stm32f7xx_hal_rcc_ex.o(i.HAL_RCCEx_PeriphCLKConfig)
    i.HAL_RCC_ClockConfig                    0x08001f2c   Section        0  stm32f7xx_hal_rcc.o(i.HAL_RCC_ClockConfig)
    i.HAL_RCC_GetPCLK1Freq                   0x08002058   Section        0  stm32f7xx_hal_rcc.o(i.HAL_RCC_GetPCLK1Freq)
    i.HAL_RCC_GetPCLK2Freq                   0x08002078   Section        0  stm32f7xx_hal_rcc.o(i.HAL_RCC_GetPCLK2Freq)
    i.HAL_RCC_GetSysClockFreq                0x08002098   Section        0  stm32f7xx_hal_rcc.o(i.HAL_RCC_GetSysClockFreq)
    i.HAL_RCC_OscConfig                      0x080020f8   Section        0  stm32f7xx_hal_rcc.o(i.HAL_RCC_OscConfig)
    i.HAL_SYSTICK_Config                     0x08002434   Section        0  stm32f7xx_hal_cortex.o(i.HAL_SYSTICK_Config)
    i.HAL_TIMEx_Break2Callback               0x0800245a   Section        0  stm32f7xx_hal_tim_ex.o(i.HAL_TIMEx_Break2Callback)
    i.HAL_TIMEx_BreakCallback                0x0800245c   Section        0  stm32f7xx_hal_tim_ex.o(i.HAL_TIMEx_BreakCallback)
    i.HAL_TIMEx_CommutCallback               0x0800245e   Section        0  stm32f7xx_hal_tim_ex.o(i.HAL_TIMEx_CommutCallback)
    i.HAL_TIMEx_ConfigBreakDeadTime          0x08002460   Section        0  stm32f7xx_hal_tim_ex.o(i.HAL_TIMEx_ConfigBreakDeadTime)
    i.HAL_TIMEx_MasterConfigSynchronization  0x08002500   Section        0  stm32f7xx_hal_tim_ex.o(i.HAL_TIMEx_MasterConfigSynchronization)
    i.HAL_TIM_Base_Init                      0x08002560   Section        0  stm32f7xx_hal_tim.o(i.HAL_TIM_Base_Init)
    i.HAL_TIM_Base_MspInit                   0x08002598   Section        0  tim.o(i.HAL_TIM_Base_MspInit)
    i.HAL_TIM_Base_Start_IT                  0x080025ec   Section        0  stm32f7xx_hal_tim.o(i.HAL_TIM_Base_Start_IT)
    i.HAL_TIM_ConfigClockSource              0x08002618   Section        0  stm32f7xx_hal_tim.o(i.HAL_TIM_ConfigClockSource)
    i.HAL_TIM_IC_CaptureCallback             0x080026f4   Section        0  stm32f7xx_hal_tim.o(i.HAL_TIM_IC_CaptureCallback)
    i.HAL_TIM_IRQHandler                     0x080026f6   Section        0  stm32f7xx_hal_tim.o(i.HAL_TIM_IRQHandler)
    i.HAL_TIM_MspPostInit                    0x08002878   Section        0  tim.o(i.HAL_TIM_MspPostInit)
    i.HAL_TIM_OC_ConfigChannel               0x080028f8   Section        0  stm32f7xx_hal_tim.o(i.HAL_TIM_OC_ConfigChannel)
    i.HAL_TIM_OC_DelayElapsedCallback        0x0800296a   Section        0  stm32f7xx_hal_tim.o(i.HAL_TIM_OC_DelayElapsedCallback)
    i.HAL_TIM_OC_Init                        0x0800296c   Section        0  stm32f7xx_hal_tim.o(i.HAL_TIM_OC_Init)
    i.HAL_TIM_OC_MspInit                     0x080029a2   Section        0  stm32f7xx_hal_tim.o(i.HAL_TIM_OC_MspInit)
    i.HAL_TIM_PWM_ConfigChannel              0x080029a4   Section        0  stm32f7xx_hal_tim.o(i.HAL_TIM_PWM_ConfigChannel)
    i.HAL_TIM_PWM_Init                       0x08002acc   Section        0  stm32f7xx_hal_tim.o(i.HAL_TIM_PWM_Init)
    i.HAL_TIM_PWM_MspInit                    0x08002b04   Section        0  tim.o(i.HAL_TIM_PWM_MspInit)
    i.HAL_TIM_PWM_PulseFinishedCallback      0x08002b38   Section        0  stm32f7xx_hal_tim.o(i.HAL_TIM_PWM_PulseFinishedCallback)
    i.HAL_TIM_PeriodElapsedCallback          0x08002b3c   Section        0  main.o(i.HAL_TIM_PeriodElapsedCallback)
    i.HAL_TIM_TriggerCallback                0x08002b70   Section        0  stm32f7xx_hal_tim.o(i.HAL_TIM_TriggerCallback)
    i.HAL_UART_ErrorCallback                 0x08002b72   Section        0  stm32f7xx_hal_uart.o(i.HAL_UART_ErrorCallback)
    i.HAL_UART_IRQHandler                    0x08002b74   Section        0  stm32f7xx_hal_uart.o(i.HAL_UART_IRQHandler)
    i.HAL_UART_Init                          0x08002c9c   Section        0  stm32f7xx_hal_uart.o(i.HAL_UART_Init)
    i.HAL_UART_MspInit                       0x08002d04   Section        0  usart.o(i.HAL_UART_MspInit)
    i.HAL_UART_Receive_IT                    0x08002db0   Section        0  stm32f7xx_hal_uart.o(i.HAL_UART_Receive_IT)
    i.HAL_UART_RxCpltCallback                0x08002e5c   Section        0  main.o(i.HAL_UART_RxCpltCallback)
    i.HAL_UART_TxCpltCallback                0x08002e84   Section        0  stm32f7xx_hal_uart.o(i.HAL_UART_TxCpltCallback)
    i.HardFault_Handler                      0x08002e86   Section        0  stm32f7xx_it.o(i.HardFault_Handler)
    i.I2C1_ER_IRQHandler                     0x08002e88   Section        0  stm32f7xx_it.o(i.I2C1_ER_IRQHandler)
    i.I2C1_EV_IRQHandler                     0x08002e94   Section        0  stm32f7xx_it.o(i.I2C1_EV_IRQHandler)
    i.I2C_DMAAbort                           0x08002ea0   Section        0  stm32f7xx_hal_i2c.o(i.I2C_DMAAbort)
    I2C_DMAAbort                             0x08002ea1   Thumb Code    40  stm32f7xx_hal_i2c.o(i.I2C_DMAAbort)
    i.I2C_Disable_IRQ                        0x08002ec8   Section        0  stm32f7xx_hal_i2c.o(i.I2C_Disable_IRQ)
    I2C_Disable_IRQ                          0x08002ec9   Thumb Code    86  stm32f7xx_hal_i2c.o(i.I2C_Disable_IRQ)
    i.I2C_Flush_TXDR                         0x08002f1e   Section        0  stm32f7xx_hal_i2c.o(i.I2C_Flush_TXDR)
    I2C_Flush_TXDR                           0x08002f1f   Thumb Code    34  stm32f7xx_hal_i2c.o(i.I2C_Flush_TXDR)
    i.I2C_ITAddrCplt                         0x08002f40   Section        0  stm32f7xx_hal_i2c.o(i.I2C_ITAddrCplt)
    I2C_ITAddrCplt                           0x08002f41   Thumb Code   136  stm32f7xx_hal_i2c.o(i.I2C_ITAddrCplt)
    i.I2C_ITError                            0x08002fc8   Section        0  stm32f7xx_hal_i2c.o(i.I2C_ITError)
    I2C_ITError                              0x08002fc9   Thumb Code   212  stm32f7xx_hal_i2c.o(i.I2C_ITError)
    i.I2C_ITListenCplt                       0x080030a8   Section        0  stm32f7xx_hal_i2c.o(i.I2C_ITListenCplt)
    I2C_ITListenCplt                         0x080030a9   Thumb Code    94  stm32f7xx_hal_i2c.o(i.I2C_ITListenCplt)
    i.I2C_ITSlaveCplt                        0x0800310c   Section        0  stm32f7xx_hal_i2c.o(i.I2C_ITSlaveCplt)
    I2C_ITSlaveCplt                          0x0800310d   Thumb Code   230  stm32f7xx_hal_i2c.o(i.I2C_ITSlaveCplt)
    i.I2C_ITSlaveSeqCplt                     0x080031fc   Section        0  stm32f7xx_hal_i2c.o(i.I2C_ITSlaveSeqCplt)
    I2C_ITSlaveSeqCplt                       0x080031fd   Thumb Code    84  stm32f7xx_hal_i2c.o(i.I2C_ITSlaveSeqCplt)
    i.I2C_Slave_ISR_IT                       0x08003250   Section        0  stm32f7xx_hal_i2c.o(i.I2C_Slave_ISR_IT)
    I2C_Slave_ISR_IT                         0x08003251   Thumb Code   288  stm32f7xx_hal_i2c.o(i.I2C_Slave_ISR_IT)
    i.MX_ADC1_Init                           0x08003374   Section        0  adc.o(i.MX_ADC1_Init)
    i.MX_CAN2_Init                           0x08003488   Section        0  can.o(i.MX_CAN2_Init)
    i.MX_DMA_Init                            0x080034d0   Section        0  dma.o(i.MX_DMA_Init)
    i.MX_GFXSIMULATOR_Init                   0x0800351c   Section        0  gfxsimulator.o(i.MX_GFXSIMULATOR_Init)
    i.MX_GPIO_Init                           0x08003520   Section        0  gpio.o(i.MX_GPIO_Init)
    i.MX_I2C1_Init                           0x08003674   Section        0  i2c.o(i.MX_I2C1_Init)
    i.MX_TIM1_Init                           0x080036cc   Section        0  tim.o(i.MX_TIM1_Init)
    i.MX_TIM2_Init                           0x080037ac   Section        0  tim.o(i.MX_TIM2_Init)
    i.MX_TIM3_Init                           0x08003830   Section        0  tim.o(i.MX_TIM3_Init)
    i.MX_TIM6_Init                           0x08003894   Section        0  tim.o(i.MX_TIM6_Init)
    i.MX_UART4_Init                          0x080038dc   Section        0  usart.o(i.MX_UART4_Init)
    i.MemManage_Handler                      0x08003918   Section        0  stm32f7xx_it.o(i.MemManage_Handler)
    i.NMI_Handler                            0x0800391a   Section        0  stm32f7xx_it.o(i.NMI_Handler)
    i.PendSV_Handler                         0x0800391c   Section        0  stm32f7xx_it.o(i.PendSV_Handler)
    i.SVC_Handler                            0x0800391e   Section        0  stm32f7xx_it.o(i.SVC_Handler)
    i.SysTick_Handler                        0x08003920   Section        0  stm32f7xx_it.o(i.SysTick_Handler)
    i.SystemClock_Config                     0x08003924   Section        0  main.o(i.SystemClock_Config)
    i.SystemInit                             0x080039c4   Section        0  system_stm32f7xx.o(i.SystemInit)
    i.TIM6_DAC_IRQHandler                    0x08003a18   Section        0  stm32f7xx_it.o(i.TIM6_DAC_IRQHandler)
    i.TIM_Base_SetConfig                     0x08003a24   Section        0  stm32f7xx_hal_tim.o(i.TIM_Base_SetConfig)
    i.TIM_ETR_SetConfig                      0x08003af0   Section        0  stm32f7xx_hal_tim.o(i.TIM_ETR_SetConfig)
    i.TIM_ITRx_SetConfig                     0x08003b02   Section        0  stm32f7xx_hal_tim.o(i.TIM_ITRx_SetConfig)
    TIM_ITRx_SetConfig                       0x08003b03   Thumb Code    16  stm32f7xx_hal_tim.o(i.TIM_ITRx_SetConfig)
    i.TIM_OC1_SetConfig                      0x08003b14   Section        0  stm32f7xx_hal_tim.o(i.TIM_OC1_SetConfig)
    TIM_OC1_SetConfig                        0x08003b15   Thumb Code   102  stm32f7xx_hal_tim.o(i.TIM_OC1_SetConfig)
    i.TIM_OC2_SetConfig                      0x08003b88   Section        0  stm32f7xx_hal_tim.o(i.TIM_OC2_SetConfig)
    i.TIM_OC3_SetConfig                      0x08003c00   Section        0  stm32f7xx_hal_tim.o(i.TIM_OC3_SetConfig)
    TIM_OC3_SetConfig                        0x08003c01   Thumb Code   108  stm32f7xx_hal_tim.o(i.TIM_OC3_SetConfig)
    i.TIM_OC4_SetConfig                      0x08003c78   Section        0  stm32f7xx_hal_tim.o(i.TIM_OC4_SetConfig)
    TIM_OC4_SetConfig                        0x08003c79   Thumb Code    76  stm32f7xx_hal_tim.o(i.TIM_OC4_SetConfig)
    i.TIM_OC5_SetConfig                      0x08003cd0   Section        0  stm32f7xx_hal_tim.o(i.TIM_OC5_SetConfig)
    TIM_OC5_SetConfig                        0x08003cd1   Thumb Code    74  stm32f7xx_hal_tim.o(i.TIM_OC5_SetConfig)
    i.TIM_OC6_SetConfig                      0x08003d28   Section        0  stm32f7xx_hal_tim.o(i.TIM_OC6_SetConfig)
    TIM_OC6_SetConfig                        0x08003d29   Thumb Code    74  stm32f7xx_hal_tim.o(i.TIM_OC6_SetConfig)
    i.TIM_TI1_ConfigInputStage               0x08003d80   Section        0  stm32f7xx_hal_tim.o(i.TIM_TI1_ConfigInputStage)
    TIM_TI1_ConfigInputStage                 0x08003d81   Thumb Code    34  stm32f7xx_hal_tim.o(i.TIM_TI1_ConfigInputStage)
    i.TIM_TI2_ConfigInputStage               0x08003da2   Section        0  stm32f7xx_hal_tim.o(i.TIM_TI2_ConfigInputStage)
    TIM_TI2_ConfigInputStage                 0x08003da3   Thumb Code    36  stm32f7xx_hal_tim.o(i.TIM_TI2_ConfigInputStage)
    i.UART4_IRQHandler                       0x08003dc8   Section        0  stm32f7xx_it.o(i.UART4_IRQHandler)
    i.UART_AdvFeatureConfig                  0x08003dd4   Section        0  stm32f7xx_hal_uart.o(i.UART_AdvFeatureConfig)
    i.UART_CheckIdleState                    0x08003e9c   Section        0  stm32f7xx_hal_uart.o(i.UART_CheckIdleState)
    i.UART_DMAAbortOnError                   0x08003ed8   Section        0  stm32f7xx_hal_uart.o(i.UART_DMAAbortOnError)
    UART_DMAAbortOnError                     0x08003ed9   Thumb Code    20  stm32f7xx_hal_uart.o(i.UART_DMAAbortOnError)
    i.UART_EndRxTransfer                     0x08003eec   Section        0  stm32f7xx_hal_uart.o(i.UART_EndRxTransfer)
    UART_EndRxTransfer                       0x08003eed   Thumb Code    32  stm32f7xx_hal_uart.o(i.UART_EndRxTransfer)
    i.UART_RxISR_16BIT                       0x08003f0c   Section        0  stm32f7xx_hal_uart.o(i.UART_RxISR_16BIT)
    UART_RxISR_16BIT                         0x08003f0d   Thumb Code    90  stm32f7xx_hal_uart.o(i.UART_RxISR_16BIT)
    i.UART_RxISR_8BIT                        0x08003f66   Section        0  stm32f7xx_hal_uart.o(i.UART_RxISR_8BIT)
    UART_RxISR_8BIT                          0x08003f67   Thumb Code    90  stm32f7xx_hal_uart.o(i.UART_RxISR_8BIT)
    i.UART_SetConfig                         0x08003fc0   Section        0  stm32f7xx_hal_uart.o(i.UART_SetConfig)
    i.UART_WaitOnFlagUntilTimeout            0x08004214   Section        0  stm32f7xx_hal_uart.o(i.UART_WaitOnFlagUntilTimeout)
    i.UsageFault_Handler                     0x08004274   Section        0  stm32f7xx_it.o(i.UsageFault_Handler)
    i.__NVIC_SetPriority                     0x08004276   Section        0  stm32f7xx_hal_cortex.o(i.__NVIC_SetPriority)
    __NVIC_SetPriority                       0x08004277   Thumb Code    34  stm32f7xx_hal_cortex.o(i.__NVIC_SetPriority)
    i.__scatterload_copy                     0x08004298   Section       14  handlers.o(i.__scatterload_copy)
    i.__scatterload_null                     0x080042a6   Section        2  handlers.o(i.__scatterload_null)
    i.__scatterload_zeroinit                 0x080042a8   Section       14  handlers.o(i.__scatterload_zeroinit)
    i.main                                   0x080042b8   Section        0  main.o(i.main)
    .constdata                               0x08004324   Section        8  stm32f7xx_hal_dma.o(.constdata)
    flagBitshiftOffset                       0x08004324   Data           8  stm32f7xx_hal_dma.o(.constdata)
    .constdata                               0x0800432c   Section       16  system_stm32f7xx.o(.constdata)
    .constdata                               0x0800433c   Section        8  system_stm32f7xx.o(.constdata)
    .data                                    0x20000000   Section        8  main.o(.data)
    .data                                    0x20000008   Section       16  can.o(.data)
    CAN_Received_0_Message_Data              0x20000008   Data           8  can.o(.data)
    GCU_Packet_Data                          0x20000010   Data           8  can.o(.data)
    .data                                    0x20000018   Section       12  stm32f7xx_hal.o(.data)
    .data                                    0x20000024   Section        4  system_stm32f7xx.o(.data)
    .bss                                     0x20000028   Section      168  adc.o(.bss)
    .bss                                     0x200000d0   Section      132  can.o(.bss)
    CAN_Filter_Config                        0x200000d0   Data          40  can.o(.bss)
    CAN_Received_0_Message_Header            0x200000f8   Data          28  can.o(.bss)
    GCU_Packet_Header                        0x20000114   Data          24  can.o(.bss)
    .bss                                     0x20000154   Section       76  i2c.o(.bss)
    .bss                                     0x200001a0   Section      256  tim.o(.bss)
    .bss                                     0x200002a0   Section      224  usart.o(.bss)
    STACK                                    0x20000380   Section     1024  startup_stm32f767xx.o(STACK)

    Global Symbols

    Symbol Name                              Value     Ov Type        Size  Object(Section)

    BuildAttributes$$THM_ISAv4$E$P$D$K$B$S$7EM$VFPv5_D16$PE$PLD8$A:L22UL41UL21$X:L11$S22US41US21$IEEE1$IW$USESV6$~STKCKD$USESV7$~SHL$OSPACE$EBA8$MICROLIB$REQ8$PRES8$EABIv2 0x00000000   Number         0  anon$$obj.o ABSOLUTE
    __ARM_use_no_argv                        0x00000000   Number         0  main.o ABSOLUTE
    __cpp_initialize__aeabi_                  - Undefined Weak Reference
    __cxa_finalize                            - Undefined Weak Reference
    __decompress                              - Undefined Weak Reference
    _clock_init                               - Undefined Weak Reference
    _microlib_exit                            - Undefined Weak Reference
    __Vectors_Size                           0x000001f8   Number         0  startup_stm32f767xx.o ABSOLUTE
    __Vectors                                0x08000000   Data           4  startup_stm32f767xx.o(RESET)
    __Vectors_End                            0x080001f8   Data           0  startup_stm32f767xx.o(RESET)
    __main                                   0x080001f9   Thumb Code     0  entry.o(.ARM.Collect$$$$00000000)
    _main_stk                                0x080001f9   Thumb Code     0  entry2.o(.ARM.Collect$$$$00000001)
    _main_scatterload                        0x080001fd   Thumb Code     0  entry5.o(.ARM.Collect$$$$00000004)
    __main_after_scatterload                 0x08000201   Thumb Code     0  entry5.o(.ARM.Collect$$$$00000004)
    _main_clock                              0x08000201   Thumb Code     0  entry7b.o(.ARM.Collect$$$$00000008)
    _main_cpp_init                           0x08000201   Thumb Code     0  entry8b.o(.ARM.Collect$$$$0000000A)
    _main_init                               0x08000201   Thumb Code     0  entry9a.o(.ARM.Collect$$$$0000000B)
    __rt_final_cpp                           0x08000209   Thumb Code     0  entry10a.o(.ARM.Collect$$$$0000000D)
    __rt_final_exit                          0x08000209   Thumb Code     0  entry11a.o(.ARM.Collect$$$$0000000F)
    Reset_Handler                            0x0800020d   Thumb Code     8  startup_stm32f767xx.o(.text)
    CAN1_RX0_IRQHandler                      0x08000227   Thumb Code     0  startup_stm32f767xx.o(.text)
    CAN1_RX1_IRQHandler                      0x08000227   Thumb Code     0  startup_stm32f767xx.o(.text)
    CAN1_SCE_IRQHandler                      0x08000227   Thumb Code     0  startup_stm32f767xx.o(.text)
    CAN1_TX_IRQHandler                       0x08000227   Thumb Code     0  startup_stm32f767xx.o(.text)
    CAN2_SCE_IRQHandler                      0x08000227   Thumb Code     0  startup_stm32f767xx.o(.text)
    CAN3_RX0_IRQHandler                      0x08000227   Thumb Code     0  startup_stm32f767xx.o(.text)
    CAN3_RX1_IRQHandler                      0x08000227   Thumb Code     0  startup_stm32f767xx.o(.text)
    CAN3_SCE_IRQHandler                      0x08000227   Thumb Code     0  startup_stm32f767xx.o(.text)
    CAN3_TX_IRQHandler                       0x08000227   Thumb Code     0  startup_stm32f767xx.o(.text)
    CEC_IRQHandler                           0x08000227   Thumb Code     0  startup_stm32f767xx.o(.text)
    DCMI_IRQHandler                          0x08000227   Thumb Code     0  startup_stm32f767xx.o(.text)
    DFSDM1_FLT0_IRQHandler                   0x08000227   Thumb Code     0  startup_stm32f767xx.o(.text)
    DFSDM1_FLT1_IRQHandler                   0x08000227   Thumb Code     0  startup_stm32f767xx.o(.text)
    DFSDM1_FLT2_IRQHandler                   0x08000227   Thumb Code     0  startup_stm32f767xx.o(.text)
    DFSDM1_FLT3_IRQHandler                   0x08000227   Thumb Code     0  startup_stm32f767xx.o(.text)
    DMA1_Stream0_IRQHandler                  0x08000227   Thumb Code     0  startup_stm32f767xx.o(.text)
    DMA1_Stream1_IRQHandler                  0x08000227   Thumb Code     0  startup_stm32f767xx.o(.text)
    DMA1_Stream2_IRQHandler                  0x08000227   Thumb Code     0  startup_stm32f767xx.o(.text)
    DMA1_Stream3_IRQHandler                  0x08000227   Thumb Code     0  startup_stm32f767xx.o(.text)
    DMA1_Stream5_IRQHandler                  0x08000227   Thumb Code     0  startup_stm32f767xx.o(.text)
    DMA1_Stream6_IRQHandler                  0x08000227   Thumb Code     0  startup_stm32f767xx.o(.text)
    DMA1_Stream7_IRQHandler                  0x08000227   Thumb Code     0  startup_stm32f767xx.o(.text)
    DMA2D_IRQHandler                         0x08000227   Thumb Code     0  startup_stm32f767xx.o(.text)
    DMA2_Stream1_IRQHandler                  0x08000227   Thumb Code     0  startup_stm32f767xx.o(.text)
    DMA2_Stream2_IRQHandler                  0x08000227   Thumb Code     0  startup_stm32f767xx.o(.text)
    DMA2_Stream3_IRQHandler                  0x08000227   Thumb Code     0  startup_stm32f767xx.o(.text)
    DMA2_Stream4_IRQHandler                  0x08000227   Thumb Code     0  startup_stm32f767xx.o(.text)
    DMA2_Stream5_IRQHandler                  0x08000227   Thumb Code     0  startup_stm32f767xx.o(.text)
    DMA2_Stream6_IRQHandler                  0x08000227   Thumb Code     0  startup_stm32f767xx.o(.text)
    DMA2_Stream7_IRQHandler                  0x08000227   Thumb Code     0  startup_stm32f767xx.o(.text)
    ETH_IRQHandler                           0x08000227   Thumb Code     0  startup_stm32f767xx.o(.text)
    ETH_WKUP_IRQHandler                      0x08000227   Thumb Code     0  startup_stm32f767xx.o(.text)
    EXTI0_IRQHandler                         0x08000227   Thumb Code     0  startup_stm32f767xx.o(.text)
    EXTI15_10_IRQHandler                     0x08000227   Thumb Code     0  startup_stm32f767xx.o(.text)
    EXTI1_IRQHandler                         0x08000227   Thumb Code     0  startup_stm32f767xx.o(.text)
    EXTI2_IRQHandler                         0x08000227   Thumb Code     0  startup_stm32f767xx.o(.text)
    EXTI3_IRQHandler                         0x08000227   Thumb Code     0  startup_stm32f767xx.o(.text)
    EXTI4_IRQHandler                         0x08000227   Thumb Code     0  startup_stm32f767xx.o(.text)
    EXTI9_5_IRQHandler                       0x08000227   Thumb Code     0  startup_stm32f767xx.o(.text)
    FLASH_IRQHandler                         0x08000227   Thumb Code     0  startup_stm32f767xx.o(.text)
    FMC_IRQHandler                           0x08000227   Thumb Code     0  startup_stm32f767xx.o(.text)
    FPU_IRQHandler                           0x08000227   Thumb Code     0  startup_stm32f767xx.o(.text)
    I2C2_ER_IRQHandler                       0x08000227   Thumb Code     0  startup_stm32f767xx.o(.text)
    I2C2_EV_IRQHandler                       0x08000227   Thumb Code     0  startup_stm32f767xx.o(.text)
    I2C3_ER_IRQHandler                       0x08000227   Thumb Code     0  startup_stm32f767xx.o(.text)
    I2C3_EV_IRQHandler                       0x08000227   Thumb Code     0  startup_stm32f767xx.o(.text)
    I2C4_ER_IRQHandler                       0x08000227   Thumb Code     0  startup_stm32f767xx.o(.text)
    I2C4_EV_IRQHandler                       0x08000227   Thumb Code     0  startup_stm32f767xx.o(.text)
    JPEG_IRQHandler                          0x08000227   Thumb Code     0  startup_stm32f767xx.o(.text)
    LPTIM1_IRQHandler                        0x08000227   Thumb Code     0  startup_stm32f767xx.o(.text)
    LTDC_ER_IRQHandler                       0x08000227   Thumb Code     0  startup_stm32f767xx.o(.text)
    LTDC_IRQHandler                          0x08000227   Thumb Code     0  startup_stm32f767xx.o(.text)
    MDIOS_IRQHandler                         0x08000227   Thumb Code     0  startup_stm32f767xx.o(.text)
    OTG_FS_IRQHandler                        0x08000227   Thumb Code     0  startup_stm32f767xx.o(.text)
    OTG_FS_WKUP_IRQHandler                   0x08000227   Thumb Code     0  startup_stm32f767xx.o(.text)
    OTG_HS_EP1_IN_IRQHandler                 0x08000227   Thumb Code     0  startup_stm32f767xx.o(.text)
    OTG_HS_EP1_OUT_IRQHandler                0x08000227   Thumb Code     0  startup_stm32f767xx.o(.text)
    OTG_HS_IRQHandler                        0x08000227   Thumb Code     0  startup_stm32f767xx.o(.text)
    OTG_HS_WKUP_IRQHandler                   0x08000227   Thumb Code     0  startup_stm32f767xx.o(.text)
    PVD_IRQHandler                           0x08000227   Thumb Code     0  startup_stm32f767xx.o(.text)
    QUADSPI_IRQHandler                       0x08000227   Thumb Code     0  startup_stm32f767xx.o(.text)
    RCC_IRQHandler                           0x08000227   Thumb Code     0  startup_stm32f767xx.o(.text)
    RNG_IRQHandler                           0x08000227   Thumb Code     0  startup_stm32f767xx.o(.text)
    RTC_Alarm_IRQHandler                     0x08000227   Thumb Code     0  startup_stm32f767xx.o(.text)
    RTC_WKUP_IRQHandler                      0x08000227   Thumb Code     0  startup_stm32f767xx.o(.text)
    SAI1_IRQHandler                          0x08000227   Thumb Code     0  startup_stm32f767xx.o(.text)
    SAI2_IRQHandler                          0x08000227   Thumb Code     0  startup_stm32f767xx.o(.text)
    SDMMC1_IRQHandler                        0x08000227   Thumb Code     0  startup_stm32f767xx.o(.text)
    SDMMC2_IRQHandler                        0x08000227   Thumb Code     0  startup_stm32f767xx.o(.text)
    SPDIF_RX_IRQHandler                      0x08000227   Thumb Code     0  startup_stm32f767xx.o(.text)
    SPI1_IRQHandler                          0x08000227   Thumb Code     0  startup_stm32f767xx.o(.text)
    SPI2_IRQHandler                          0x08000227   Thumb Code     0  startup_stm32f767xx.o(.text)
    SPI3_IRQHandler                          0x08000227   Thumb Code     0  startup_stm32f767xx.o(.text)
    SPI4_IRQHandler                          0x08000227   Thumb Code     0  startup_stm32f767xx.o(.text)
    SPI5_IRQHandler                          0x08000227   Thumb Code     0  startup_stm32f767xx.o(.text)
    SPI6_IRQHandler                          0x08000227   Thumb Code     0  startup_stm32f767xx.o(.text)
    TAMP_STAMP_IRQHandler                    0x08000227   Thumb Code     0  startup_stm32f767xx.o(.text)
    TIM1_BRK_TIM9_IRQHandler                 0x08000227   Thumb Code     0  startup_stm32f767xx.o(.text)
    TIM1_CC_IRQHandler                       0x08000227   Thumb Code     0  startup_stm32f767xx.o(.text)
    TIM1_TRG_COM_TIM11_IRQHandler            0x08000227   Thumb Code     0  startup_stm32f767xx.o(.text)
    TIM1_UP_TIM10_IRQHandler                 0x08000227   Thumb Code     0  startup_stm32f767xx.o(.text)
    TIM2_IRQHandler                          0x08000227   Thumb Code     0  startup_stm32f767xx.o(.text)
    TIM3_IRQHandler                          0x08000227   Thumb Code     0  startup_stm32f767xx.o(.text)
    TIM4_IRQHandler                          0x08000227   Thumb Code     0  startup_stm32f767xx.o(.text)
    TIM5_IRQHandler                          0x08000227   Thumb Code     0  startup_stm32f767xx.o(.text)
    TIM7_IRQHandler                          0x08000227   Thumb Code     0  startup_stm32f767xx.o(.text)
    TIM8_BRK_TIM12_IRQHandler                0x08000227   Thumb Code     0  startup_stm32f767xx.o(.text)
    TIM8_CC_IRQHandler                       0x08000227   Thumb Code     0  startup_stm32f767xx.o(.text)
    TIM8_TRG_COM_TIM14_IRQHandler            0x08000227   Thumb Code     0  startup_stm32f767xx.o(.text)
    TIM8_UP_TIM13_IRQHandler                 0x08000227   Thumb Code     0  startup_stm32f767xx.o(.text)
    UART5_IRQHandler                         0x08000227   Thumb Code     0  startup_stm32f767xx.o(.text)
    UART7_IRQHandler                         0x08000227   Thumb Code     0  startup_stm32f767xx.o(.text)
    UART8_IRQHandler                         0x08000227   Thumb Code     0  startup_stm32f767xx.o(.text)
    USART1_IRQHandler                        0x08000227   Thumb Code     0  startup_stm32f767xx.o(.text)
    USART2_IRQHandler                        0x08000227   Thumb Code     0  startup_stm32f767xx.o(.text)
    USART3_IRQHandler                        0x08000227   Thumb Code     0  startup_stm32f767xx.o(.text)
    USART6_IRQHandler                        0x08000227   Thumb Code     0  startup_stm32f767xx.o(.text)
    WWDG_IRQHandler                          0x08000227   Thumb Code     0  startup_stm32f767xx.o(.text)
    __aeabi_uldivmod                         0x08000231   Thumb Code    98  uldiv.o(.text)
    __aeabi_memset                           0x08000293   Thumb Code    14  memseta.o(.text)
    __aeabi_memset4                          0x08000293   Thumb Code     0  memseta.o(.text)
    __aeabi_memset8                          0x08000293   Thumb Code     0  memseta.o(.text)
    __aeabi_memclr                           0x080002a1   Thumb Code     4  memseta.o(.text)
    __aeabi_memclr4                          0x080002a1   Thumb Code     0  memseta.o(.text)
    __aeabi_memclr8                          0x080002a1   Thumb Code     0  memseta.o(.text)
    _memset$wrapper                          0x080002a5   Thumb Code    18  memseta.o(.text)
    __aeabi_llsl                             0x080002b7   Thumb Code    30  llshl.o(.text)
    _ll_shift_l                              0x080002b7   Thumb Code     0  llshl.o(.text)
    __aeabi_llsr                             0x080002d5   Thumb Code    32  llushr.o(.text)
    _ll_ushift_r                             0x080002d5   Thumb Code     0  llushr.o(.text)
    __scatterload                            0x080002f5   Thumb Code    28  init.o(.text)
    __scatterload_rt2                        0x080002f5   Thumb Code     0  init.o(.text)
    ADC_IRQHandler                           0x08000319   Thumb Code     6  stm32f7xx_it.o(i.ADC_IRQHandler)
    BusFault_Handler                         0x0800045d   Thumb Code     2  stm32f7xx_it.o(i.BusFault_Handler)
    CAN2_Filter_Setup                        0x08000461   Thumb Code    48  can.o(i.CAN2_Filter_Setup)
    CAN2_RX0_IRQHandler                      0x08000495   Thumb Code     6  stm32f7xx_it.o(i.CAN2_RX0_IRQHandler)
    CAN2_RX1_IRQHandler                      0x080004a1   Thumb Code     6  stm32f7xx_it.o(i.CAN2_RX1_IRQHandler)
    CAN2_Send_GCU_Packet                     0x080004ad   Thumb Code    62  can.o(i.CAN2_Send_GCU_Packet)
    CAN2_Start                               0x080004f5   Thumb Code    40  can.o(i.CAN2_Start)
    CAN2_TX_IRQHandler                       0x08000521   Thumb Code     6  stm32f7xx_it.o(i.CAN2_TX_IRQHandler)
    DMA1_Stream4_IRQHandler                  0x0800052d   Thumb Code     6  stm32f7xx_it.o(i.DMA1_Stream4_IRQHandler)
    DMA2_Stream0_IRQHandler                  0x08000539   Thumb Code     6  stm32f7xx_it.o(i.DMA2_Stream0_IRQHandler)
    DebugMon_Handler                         0x080005c1   Thumb Code     2  stm32f7xx_it.o(i.DebugMon_Handler)
    Error_Handler                            0x080005c3   Thumb Code     2  main.o(i.Error_Handler)
    HAL_ADCEx_InjectedConvCpltCallback       0x080005c5   Thumb Code     2  stm32f7xx_hal_adc_ex.o(i.HAL_ADCEx_InjectedConvCpltCallback)
    HAL_ADC_ConfigChannel                    0x080005c9   Thumb Code   338  stm32f7xx_hal_adc.o(i.HAL_ADC_ConfigChannel)
    HAL_ADC_ConvCpltCallback                 0x0800072d   Thumb Code     2  stm32f7xx_hal_adc.o(i.HAL_ADC_ConvCpltCallback)
    HAL_ADC_ErrorCallback                    0x0800072f   Thumb Code     2  stm32f7xx_hal_adc.o(i.HAL_ADC_ErrorCallback)
    HAL_ADC_IRQHandler                       0x08000731   Thumb Code   316  stm32f7xx_hal_adc.o(i.HAL_ADC_IRQHandler)
    HAL_ADC_Init                             0x0800086d   Thumb Code    84  stm32f7xx_hal_adc.o(i.HAL_ADC_Init)
    HAL_ADC_LevelOutOfWindowCallback         0x080008c1   Thumb Code     2  stm32f7xx_hal_adc.o(i.HAL_ADC_LevelOutOfWindowCallback)
    HAL_ADC_MspInit                          0x080008c5   Thumb Code   206  adc.o(i.HAL_ADC_MspInit)
    HAL_CAN_ActivateNotification             0x080009b1   Thumb Code    36  stm32f7xx_hal_can.o(i.HAL_CAN_ActivateNotification)
    HAL_CAN_AddTxMessage                     0x080009d5   Thumb Code   214  stm32f7xx_hal_can.o(i.HAL_CAN_AddTxMessage)
    HAL_CAN_ConfigFilter                     0x08000aad   Thumb Code   278  stm32f7xx_hal_can.o(i.HAL_CAN_ConfigFilter)
    HAL_CAN_ErrorCallback                    0x08000bcd   Thumb Code     2  stm32f7xx_hal_can.o(i.HAL_CAN_ErrorCallback)
    HAL_CAN_GetRxMessage                     0x08000bd1   Thumb Code   250  stm32f7xx_hal_can.o(i.HAL_CAN_GetRxMessage)
    HAL_CAN_IRQHandler                       0x08000ccb   Thumb Code   508  stm32f7xx_hal_can.o(i.HAL_CAN_IRQHandler)
    HAL_CAN_Init                             0x08000ec7   Thumb Code   282  stm32f7xx_hal_can.o(i.HAL_CAN_Init)
    HAL_CAN_MspInit                          0x08000fe1   Thumb Code   168  can.o(i.HAL_CAN_MspInit)
    HAL_CAN_RxFifo0FullCallback              0x08001095   Thumb Code     2  stm32f7xx_hal_can.o(i.HAL_CAN_RxFifo0FullCallback)
    HAL_CAN_RxFifo0MsgPendingCallback        0x08001099   Thumb Code    30  can.o(i.HAL_CAN_RxFifo0MsgPendingCallback)
    HAL_CAN_RxFifo1FullCallback              0x080010c5   Thumb Code     2  stm32f7xx_hal_can.o(i.HAL_CAN_RxFifo1FullCallback)
    HAL_CAN_RxFifo1MsgPendingCallback        0x080010c7   Thumb Code     2  stm32f7xx_hal_can.o(i.HAL_CAN_RxFifo1MsgPendingCallback)
    HAL_CAN_SleepCallback                    0x080010c9   Thumb Code     2  stm32f7xx_hal_can.o(i.HAL_CAN_SleepCallback)
    HAL_CAN_Start                            0x080010cd   Thumb Code    88  stm32f7xx_hal_can.o(i.HAL_CAN_Start)
    HAL_CAN_TxMailbox0AbortCallback          0x08001125   Thumb Code     2  stm32f7xx_hal_can.o(i.HAL_CAN_TxMailbox0AbortCallback)
    HAL_CAN_TxMailbox0CompleteCallback       0x08001127   Thumb Code     2  stm32f7xx_hal_can.o(i.HAL_CAN_TxMailbox0CompleteCallback)
    HAL_CAN_TxMailbox1AbortCallback          0x08001129   Thumb Code     2  stm32f7xx_hal_can.o(i.HAL_CAN_TxMailbox1AbortCallback)
    HAL_CAN_TxMailbox1CompleteCallback       0x0800112b   Thumb Code     2  stm32f7xx_hal_can.o(i.HAL_CAN_TxMailbox1CompleteCallback)
    HAL_CAN_TxMailbox2AbortCallback          0x0800112d   Thumb Code     2  stm32f7xx_hal_can.o(i.HAL_CAN_TxMailbox2AbortCallback)
    HAL_CAN_TxMailbox2CompleteCallback       0x0800112f   Thumb Code     2  stm32f7xx_hal_can.o(i.HAL_CAN_TxMailbox2CompleteCallback)
    HAL_CAN_WakeUpFromRxMsgCallback          0x08001131   Thumb Code     2  stm32f7xx_hal_can.o(i.HAL_CAN_WakeUpFromRxMsgCallback)
    HAL_DMA_Abort_IT                         0x08001133   Thumb Code    36  stm32f7xx_hal_dma.o(i.HAL_DMA_Abort_IT)
    HAL_DMA_IRQHandler                       0x08001159   Thumb Code   412  stm32f7xx_hal_dma.o(i.HAL_DMA_IRQHandler)
    HAL_DMA_Init                             0x080012f9   Thumb Code   222  stm32f7xx_hal_dma.o(i.HAL_DMA_Init)
    HAL_Delay                                0x080013dd   Thumb Code    32  stm32f7xx_hal.o(i.HAL_Delay)
    HAL_GPIO_Init                            0x08001401   Thumb Code   418  stm32f7xx_hal_gpio.o(i.HAL_GPIO_Init)
    HAL_GPIO_TogglePin                       0x080015d9   Thumb Code    14  stm32f7xx_hal_gpio.o(i.HAL_GPIO_TogglePin)
    HAL_GPIO_WritePin                        0x080015e7   Thumb Code    10  stm32f7xx_hal_gpio.o(i.HAL_GPIO_WritePin)
    HAL_GetTick                              0x080015f1   Thumb Code     6  stm32f7xx_hal.o(i.HAL_GetTick)
    HAL_I2CEx_ConfigAnalogFilter             0x080015fd   Thumb Code    88  stm32f7xx_hal_i2c_ex.o(i.HAL_I2CEx_ConfigAnalogFilter)
    HAL_I2CEx_ConfigDigitalFilter            0x08001655   Thumb Code    84  stm32f7xx_hal_i2c_ex.o(i.HAL_I2CEx_ConfigDigitalFilter)
    HAL_I2C_AbortCpltCallback                0x080016a9   Thumb Code     2  stm32f7xx_hal_i2c.o(i.HAL_I2C_AbortCpltCallback)
    HAL_I2C_AddrCallback                     0x080016ab   Thumb Code     2  stm32f7xx_hal_i2c.o(i.HAL_I2C_AddrCallback)
    HAL_I2C_ER_IRQHandler                    0x080016ad   Thumb Code   104  stm32f7xx_hal_i2c.o(i.HAL_I2C_ER_IRQHandler)
    HAL_I2C_EV_IRQHandler                    0x08001715   Thumb Code    16  stm32f7xx_hal_i2c.o(i.HAL_I2C_EV_IRQHandler)
    HAL_I2C_ErrorCallback                    0x08001725   Thumb Code     2  stm32f7xx_hal_i2c.o(i.HAL_I2C_ErrorCallback)
    HAL_I2C_Init                             0x08001729   Thumb Code   180  stm32f7xx_hal_i2c.o(i.HAL_I2C_Init)
    HAL_I2C_ListenCpltCallback               0x080017e1   Thumb Code     2  stm32f7xx_hal_i2c.o(i.HAL_I2C_ListenCpltCallback)
    HAL_I2C_MspInit                          0x080017e5   Thumb Code   118  i2c.o(i.HAL_I2C_MspInit)
    HAL_I2C_SlaveRxCpltCallback              0x08001869   Thumb Code     2  stm32f7xx_hal_i2c.o(i.HAL_I2C_SlaveRxCpltCallback)
    HAL_I2C_SlaveTxCpltCallback              0x0800186b   Thumb Code     2  stm32f7xx_hal_i2c.o(i.HAL_I2C_SlaveTxCpltCallback)
    HAL_IncTick                              0x0800186d   Thumb Code    12  stm32f7xx_hal.o(i.HAL_IncTick)
    HAL_Init                                 0x0800187d   Thumb Code    22  stm32f7xx_hal.o(i.HAL_Init)
    HAL_InitTick                             0x08001895   Thumb Code    54  stm32f7xx_hal.o(i.HAL_InitTick)
    HAL_MspInit                              0x080018d5   Thumb Code    42  stm32f7xx_hal_msp.o(i.HAL_MspInit)
    HAL_NVIC_EnableIRQ                       0x08001905   Thumb Code    26  stm32f7xx_hal_cortex.o(i.HAL_NVIC_EnableIRQ)
    HAL_NVIC_SetPriority                     0x08001921   Thumb Code    60  stm32f7xx_hal_cortex.o(i.HAL_NVIC_SetPriority)
    HAL_NVIC_SetPriorityGrouping             0x08001961   Thumb Code    28  stm32f7xx_hal_cortex.o(i.HAL_NVIC_SetPriorityGrouping)
    HAL_PWREx_EnableOverDrive                0x08001985   Thumb Code   100  stm32f7xx_hal_pwr_ex.o(i.HAL_PWREx_EnableOverDrive)
    HAL_RCCEx_PeriphCLKConfig                0x080019f1   Thumb Code  1336  stm32f7xx_hal_rcc_ex.o(i.HAL_RCCEx_PeriphCLKConfig)
    HAL_RCC_ClockConfig                      0x08001f2d   Thumb Code   282  stm32f7xx_hal_rcc.o(i.HAL_RCC_ClockConfig)
    HAL_RCC_GetPCLK1Freq                     0x08002059   Thumb Code    20  stm32f7xx_hal_rcc.o(i.HAL_RCC_GetPCLK1Freq)
    HAL_RCC_GetPCLK2Freq                     0x08002079   Thumb Code    20  stm32f7xx_hal_rcc.o(i.HAL_RCC_GetPCLK2Freq)
    HAL_RCC_GetSysClockFreq                  0x08002099   Thumb Code    88  stm32f7xx_hal_rcc.o(i.HAL_RCC_GetSysClockFreq)
    HAL_RCC_OscConfig                        0x080020f9   Thumb Code   814  stm32f7xx_hal_rcc.o(i.HAL_RCC_OscConfig)
    HAL_SYSTICK_Config                       0x08002435   Thumb Code    38  stm32f7xx_hal_cortex.o(i.HAL_SYSTICK_Config)
    HAL_TIMEx_Break2Callback                 0x0800245b   Thumb Code     2  stm32f7xx_hal_tim_ex.o(i.HAL_TIMEx_Break2Callback)
    HAL_TIMEx_BreakCallback                  0x0800245d   Thumb Code     2  stm32f7xx_hal_tim_ex.o(i.HAL_TIMEx_BreakCallback)
    HAL_TIMEx_CommutCallback                 0x0800245f   Thumb Code     2  stm32f7xx_hal_tim_ex.o(i.HAL_TIMEx_CommutCallback)
    HAL_TIMEx_ConfigBreakDeadTime            0x08002461   Thumb Code   150  stm32f7xx_hal_tim_ex.o(i.HAL_TIMEx_ConfigBreakDeadTime)
    HAL_TIMEx_MasterConfigSynchronization    0x08002501   Thumb Code    88  stm32f7xx_hal_tim_ex.o(i.HAL_TIMEx_MasterConfigSynchronization)
    HAL_TIM_Base_Init                        0x08002561   Thumb Code    54  stm32f7xx_hal_tim.o(i.HAL_TIM_Base_Init)
    HAL_TIM_Base_MspInit                     0x08002599   Thumb Code    72  tim.o(i.HAL_TIM_Base_MspInit)
    HAL_TIM_Base_Start_IT                    0x080025ed   Thumb Code    40  stm32f7xx_hal_tim.o(i.HAL_TIM_Base_Start_IT)
    HAL_TIM_ConfigClockSource                0x08002619   Thumb Code   214  stm32f7xx_hal_tim.o(i.HAL_TIM_ConfigClockSource)
    HAL_TIM_IC_CaptureCallback               0x080026f5   Thumb Code     2  stm32f7xx_hal_tim.o(i.HAL_TIM_IC_CaptureCallback)
    HAL_TIM_IRQHandler                       0x080026f7   Thumb Code   386  stm32f7xx_hal_tim.o(i.HAL_TIM_IRQHandler)
    HAL_TIM_MspPostInit                      0x08002879   Thumb Code   112  tim.o(i.HAL_TIM_MspPostInit)
    HAL_TIM_OC_ConfigChannel                 0x080028f9   Thumb Code   114  stm32f7xx_hal_tim.o(i.HAL_TIM_OC_ConfigChannel)
    HAL_TIM_OC_DelayElapsedCallback          0x0800296b   Thumb Code     2  stm32f7xx_hal_tim.o(i.HAL_TIM_OC_DelayElapsedCallback)
    HAL_TIM_OC_Init                          0x0800296d   Thumb Code    54  stm32f7xx_hal_tim.o(i.HAL_TIM_OC_Init)
    HAL_TIM_OC_MspInit                       0x080029a3   Thumb Code     2  stm32f7xx_hal_tim.o(i.HAL_TIM_OC_MspInit)
    HAL_TIM_PWM_ConfigChannel                0x080029a5   Thumb Code   296  stm32f7xx_hal_tim.o(i.HAL_TIM_PWM_ConfigChannel)
    HAL_TIM_PWM_Init                         0x08002acd   Thumb Code    54  stm32f7xx_hal_tim.o(i.HAL_TIM_PWM_Init)
    HAL_TIM_PWM_MspInit                      0x08002b05   Thumb Code    42  tim.o(i.HAL_TIM_PWM_MspInit)
    HAL_TIM_PWM_PulseFinishedCallback        0x08002b39   Thumb Code     2  stm32f7xx_hal_tim.o(i.HAL_TIM_PWM_PulseFinishedCallback)
    HAL_TIM_PeriodElapsedCallback            0x08002b3d   Thumb Code    38  main.o(i.HAL_TIM_PeriodElapsedCallback)
    HAL_TIM_TriggerCallback                  0x08002b71   Thumb Code     2  stm32f7xx_hal_tim.o(i.HAL_TIM_TriggerCallback)
    HAL_UART_ErrorCallback                   0x08002b73   Thumb Code     2  stm32f7xx_hal_uart.o(i.HAL_UART_ErrorCallback)
    HAL_UART_IRQHandler                      0x08002b75   Thumb Code   292  stm32f7xx_hal_uart.o(i.HAL_UART_IRQHandler)
    HAL_UART_Init                            0x08002c9d   Thumb Code   102  stm32f7xx_hal_uart.o(i.HAL_UART_Init)
    HAL_UART_MspInit                         0x08002d05   Thumb Code   152  usart.o(i.HAL_UART_MspInit)
    HAL_UART_Receive_IT                      0x08002db1   Thumb Code   164  stm32f7xx_hal_uart.o(i.HAL_UART_Receive_IT)
    HAL_UART_RxCpltCallback                  0x08002e5d   Thumb Code    26  main.o(i.HAL_UART_RxCpltCallback)
    HAL_UART_TxCpltCallback                  0x08002e85   Thumb Code     2  stm32f7xx_hal_uart.o(i.HAL_UART_TxCpltCallback)
    HardFault_Handler                        0x08002e87   Thumb Code     2  stm32f7xx_it.o(i.HardFault_Handler)
    I2C1_ER_IRQHandler                       0x08002e89   Thumb Code     6  stm32f7xx_it.o(i.I2C1_ER_IRQHandler)
    I2C1_EV_IRQHandler                       0x08002e95   Thumb Code     6  stm32f7xx_it.o(i.I2C1_EV_IRQHandler)
    MX_ADC1_Init                             0x08003375   Thumb Code   262  adc.o(i.MX_ADC1_Init)
    MX_CAN2_Init                             0x08003489   Thumb Code    62  can.o(i.MX_CAN2_Init)
    MX_DMA_Init                              0x080034d1   Thumb Code    72  dma.o(i.MX_DMA_Init)
    MX_GFXSIMULATOR_Init                     0x0800351d   Thumb Code     2  gfxsimulator.o(i.MX_GFXSIMULATOR_Init)
    MX_GPIO_Init                             0x08003521   Thumb Code   318  gpio.o(i.MX_GPIO_Init)
    MX_I2C1_Init                             0x08003675   Thumb Code    76  i2c.o(i.MX_I2C1_Init)
    MX_TIM1_Init                             0x080036cd   Thumb Code   214  tim.o(i.MX_TIM1_Init)
    MX_TIM2_Init                             0x080037ad   Thumb Code   126  tim.o(i.MX_TIM2_Init)
    MX_TIM3_Init                             0x08003831   Thumb Code    90  tim.o(i.MX_TIM3_Init)
    MX_TIM6_Init                             0x08003895   Thumb Code    62  tim.o(i.MX_TIM6_Init)
    MX_UART4_Init                            0x080038dd   Thumb Code    52  usart.o(i.MX_UART4_Init)
    MemManage_Handler                        0x08003919   Thumb Code     2  stm32f7xx_it.o(i.MemManage_Handler)
    NMI_Handler                              0x0800391b   Thumb Code     2  stm32f7xx_it.o(i.NMI_Handler)
    PendSV_Handler                           0x0800391d   Thumb Code     2  stm32f7xx_it.o(i.PendSV_Handler)
    SVC_Handler                              0x0800391f   Thumb Code     2  stm32f7xx_it.o(i.SVC_Handler)
    SysTick_Handler                          0x08003921   Thumb Code     4  stm32f7xx_it.o(i.SysTick_Handler)
    SystemClock_Config                       0x08003925   Thumb Code   150  main.o(i.SystemClock_Config)
    SystemInit                               0x080039c5   Thumb Code    68  system_stm32f7xx.o(i.SystemInit)
    TIM6_DAC_IRQHandler                      0x08003a19   Thumb Code     6  stm32f7xx_it.o(i.TIM6_DAC_IRQHandler)
    TIM_Base_SetConfig                       0x08003a25   Thumb Code   158  stm32f7xx_hal_tim.o(i.TIM_Base_SetConfig)
    TIM_ETR_SetConfig                        0x08003af1   Thumb Code    18  stm32f7xx_hal_tim.o(i.TIM_ETR_SetConfig)
    TIM_OC2_SetConfig                        0x08003b89   Thumb Code   108  stm32f7xx_hal_tim.o(i.TIM_OC2_SetConfig)
    UART4_IRQHandler                         0x08003dc9   Thumb Code     6  stm32f7xx_it.o(i.UART4_IRQHandler)
    UART_AdvFeatureConfig                    0x08003dd5   Thumb Code   200  stm32f7xx_hal_uart.o(i.UART_AdvFeatureConfig)
    UART_CheckIdleState                      0x08003e9d   Thumb Code    60  stm32f7xx_hal_uart.o(i.UART_CheckIdleState)
    UART_SetConfig                           0x08003fc1   Thumb Code   546  stm32f7xx_hal_uart.o(i.UART_SetConfig)
    UART_WaitOnFlagUntilTimeout              0x08004215   Thumb Code    96  stm32f7xx_hal_uart.o(i.UART_WaitOnFlagUntilTimeout)
    UsageFault_Handler                       0x08004275   Thumb Code     2  stm32f7xx_it.o(i.UsageFault_Handler)
    __scatterload_copy                       0x08004299   Thumb Code    14  handlers.o(i.__scatterload_copy)
    __scatterload_null                       0x080042a7   Thumb Code     2  handlers.o(i.__scatterload_null)
    __scatterload_zeroinit                   0x080042a9   Thumb Code    14  handlers.o(i.__scatterload_zeroinit)
    main                                     0x080042b9   Thumb Code    96  main.o(i.main)
    AHBPrescTable                            0x0800432c   Data          16  system_stm32f7xx.o(.constdata)
    APBPrescTable                            0x0800433c   Data           8  system_stm32f7xx.o(.constdata)
    Region$$Table$$Base                      0x08004344   Number         0  anon$$obj.o(Region$$Table)
    Region$$Table$$Limit                     0x08004364   Number         0  anon$$obj.o(Region$$Table)
    rxData                                   0x20000000   Data           2  main.o(.data)
    counter                                  0x20000004   Data           4  main.o(.data)
    uwTickFreq                               0x20000018   Data           1  stm32f7xx_hal.o(.data)
    uwTickPrio                               0x2000001c   Data           4  stm32f7xx_hal.o(.data)
    uwTick                                   0x20000020   Data           4  stm32f7xx_hal.o(.data)
    SystemCoreClock                          0x20000024   Data           4  system_stm32f7xx.o(.data)
    hadc1                                    0x20000028   Data          72  adc.o(.bss)
    hdma_adc1                                0x20000070   Data          96  adc.o(.bss)
    hcan2                                    0x2000012c   Data          40  can.o(.bss)
    hi2c1                                    0x20000154   Data          76  i2c.o(.bss)
    htim1                                    0x200001a0   Data          64  tim.o(.bss)
    htim2                                    0x200001e0   Data          64  tim.o(.bss)
    htim3                                    0x20000220   Data          64  tim.o(.bss)
    htim6                                    0x20000260   Data          64  tim.o(.bss)
    huart4                                   0x200002a0   Data         128  usart.o(.bss)
    hdma_uart4_tx                            0x20000320   Data          96  usart.o(.bss)
    __initial_sp                             0x20000780   Data           0  startup_stm32f767xx.o(STACK)



==============================================================================

Memory Map of the image

  Image Entry point : 0x080001f9

  Load Region LR_IROM1 (Base: 0x08000000, Size: 0x0000438c, Max: 0x00200000, ABSOLUTE)

    Execution Region ER_IROM1 (Exec base: 0x08000000, Load base: 0x08000000, Size: 0x00004364, Max: 0x00200000, ABSOLUTE)

    Exec Addr    Load Addr    Size         Type   Attr      Idx    E Section Name        Object

    0x08000000   0x08000000   0x000001f8   Data   RO            3    RESET               startup_stm32f767xx.o
    0x080001f8   0x080001f8   0x00000000   Code   RO         4253  * .ARM.Collect$$$$00000000  mc_w.l(entry.o)
    0x080001f8   0x080001f8   0x00000004   Code   RO         4260    .ARM.Collect$$$$00000001  mc_w.l(entry2.o)
    0x080001fc   0x080001fc   0x00000004   Code   RO         4263    .ARM.Collect$$$$00000004  mc_w.l(entry5.o)
    0x08000200   0x08000200   0x00000000   Code   RO         4265    .ARM.Collect$$$$00000008  mc_w.l(entry7b.o)
    0x08000200   0x08000200   0x00000000   Code   RO         4267    .ARM.Collect$$$$0000000A  mc_w.l(entry8b.o)
    0x08000200   0x08000200   0x00000008   Code   RO         4268    .ARM.Collect$$$$0000000B  mc_w.l(entry9a.o)
    0x08000208   0x08000208   0x00000000   Code   RO         4270    .ARM.Collect$$$$0000000D  mc_w.l(entry10a.o)
    0x08000208   0x08000208   0x00000000   Code   RO         4272    .ARM.Collect$$$$0000000F  mc_w.l(entry11a.o)
    0x08000208   0x08000208   0x00000004   Code   RO         4261    .ARM.Collect$$$$00002712  mc_w.l(entry2.o)
    0x0800020c   0x0800020c   0x00000024   Code   RO            4    .text               startup_stm32f767xx.o
    0x08000230   0x08000230   0x00000062   Code   RO         4256    .text               mc_w.l(uldiv.o)
    0x08000292   0x08000292   0x00000024   Code   RO         4258    .text               mc_w.l(memseta.o)
    0x080002b6   0x080002b6   0x0000001e   Code   RO         4274    .text               mc_w.l(llshl.o)
    0x080002d4   0x080002d4   0x00000020   Code   RO         4276    .text               mc_w.l(llushr.o)
    0x080002f4   0x080002f4   0x00000024   Code   RO         4278    .text               mc_w.l(init.o)
    0x08000318   0x08000318   0x0000000c   Code   RO          548    i.ADC_IRQHandler    stm32f7xx_it.o
    0x08000324   0x08000324   0x00000138   Code   RO          711    i.ADC_Init          stm32f7xx_hal_adc.o
    0x0800045c   0x0800045c   0x00000002   Code   RO          549    i.BusFault_Handler  stm32f7xx_it.o
    0x0800045e   0x0800045e   0x00000002   PAD
    0x08000460   0x08000460   0x00000034   Code   RO          271    i.CAN2_Filter_Setup  can.o
    0x08000494   0x08000494   0x0000000c   Code   RO          550    i.CAN2_RX0_IRQHandler  stm32f7xx_it.o
    0x080004a0   0x080004a0   0x0000000c   Code   RO          551    i.CAN2_RX1_IRQHandler  stm32f7xx_it.o
    0x080004ac   0x080004ac   0x00000048   Code   RO          272    i.CAN2_Send_GCU_Packet  can.o
    0x080004f4   0x080004f4   0x0000002c   Code   RO          273    i.CAN2_Start        can.o
    0x08000520   0x08000520   0x0000000c   Code   RO          552    i.CAN2_TX_IRQHandler  stm32f7xx_it.o
    0x0800052c   0x0800052c   0x0000000c   Code   RO          553    i.DMA1_Stream4_IRQHandler  stm32f7xx_it.o
    0x08000538   0x08000538   0x0000000c   Code   RO          554    i.DMA2_Stream0_IRQHandler  stm32f7xx_it.o
    0x08000544   0x08000544   0x00000028   Code   RO         3573    i.DMA_CalcBaseAndBitshift  stm32f7xx_hal_dma.o
    0x0800056c   0x0800056c   0x00000054   Code   RO         3574    i.DMA_CheckFifoParam  stm32f7xx_hal_dma.o
    0x080005c0   0x080005c0   0x00000002   Code   RO          555    i.DebugMon_Handler  stm32f7xx_it.o
    0x080005c2   0x080005c2   0x00000002   Code   RO           13    i.Error_Handler     main.o
    0x080005c4   0x080005c4   0x00000002   Code   RO          882    i.HAL_ADCEx_InjectedConvCpltCallback  stm32f7xx_hal_adc_ex.o
    0x080005c6   0x080005c6   0x00000002   PAD
    0x080005c8   0x080005c8   0x00000164   Code   RO          713    i.HAL_ADC_ConfigChannel  stm32f7xx_hal_adc.o
    0x0800072c   0x0800072c   0x00000002   Code   RO          714    i.HAL_ADC_ConvCpltCallback  stm32f7xx_hal_adc.o
    0x0800072e   0x0800072e   0x00000002   Code   RO          717    i.HAL_ADC_ErrorCallback  stm32f7xx_hal_adc.o
    0x08000730   0x08000730   0x0000013c   Code   RO          721    i.HAL_ADC_IRQHandler  stm32f7xx_hal_adc.o
    0x0800086c   0x0800086c   0x00000054   Code   RO          722    i.HAL_ADC_Init      stm32f7xx_hal_adc.o
    0x080008c0   0x080008c0   0x00000002   Code   RO          723    i.HAL_ADC_LevelOutOfWindowCallback  stm32f7xx_hal_adc.o
    0x080008c2   0x080008c2   0x00000002   PAD
    0x080008c4   0x080008c4   0x000000ec   Code   RO          230    i.HAL_ADC_MspInit   adc.o
    0x080009b0   0x080009b0   0x00000024   Code   RO          984    i.HAL_CAN_ActivateNotification  stm32f7xx_hal_can.o
    0x080009d4   0x080009d4   0x000000d6   Code   RO          985    i.HAL_CAN_AddTxMessage  stm32f7xx_hal_can.o
    0x08000aaa   0x08000aaa   0x00000002   PAD
    0x08000aac   0x08000aac   0x00000120   Code   RO          986    i.HAL_CAN_ConfigFilter  stm32f7xx_hal_can.o
    0x08000bcc   0x08000bcc   0x00000002   Code   RO          989    i.HAL_CAN_ErrorCallback  stm32f7xx_hal_can.o
    0x08000bce   0x08000bce   0x00000002   PAD
    0x08000bd0   0x08000bd0   0x000000fa   Code   RO          992    i.HAL_CAN_GetRxMessage  stm32f7xx_hal_can.o
    0x08000cca   0x08000cca   0x000001fc   Code   RO          996    i.HAL_CAN_IRQHandler  stm32f7xx_hal_can.o
    0x08000ec6   0x08000ec6   0x0000011a   Code   RO          997    i.HAL_CAN_Init      stm32f7xx_hal_can.o
    0x08000fe0   0x08000fe0   0x000000b4   Code   RO          275    i.HAL_CAN_MspInit   can.o
    0x08001094   0x08001094   0x00000002   Code   RO         1004    i.HAL_CAN_RxFifo0FullCallback  stm32f7xx_hal_can.o
    0x08001096   0x08001096   0x00000002   PAD
    0x08001098   0x08001098   0x0000002c   Code   RO          276    i.HAL_CAN_RxFifo0MsgPendingCallback  can.o
    0x080010c4   0x080010c4   0x00000002   Code   RO         1006    i.HAL_CAN_RxFifo1FullCallback  stm32f7xx_hal_can.o
    0x080010c6   0x080010c6   0x00000002   Code   RO         1007    i.HAL_CAN_RxFifo1MsgPendingCallback  stm32f7xx_hal_can.o
    0x080010c8   0x080010c8   0x00000002   Code   RO         1008    i.HAL_CAN_SleepCallback  stm32f7xx_hal_can.o
    0x080010ca   0x080010ca   0x00000002   PAD
    0x080010cc   0x080010cc   0x00000058   Code   RO         1009    i.HAL_CAN_Start     stm32f7xx_hal_can.o
    0x08001124   0x08001124   0x00000002   Code   RO         1011    i.HAL_CAN_TxMailbox0AbortCallback  stm32f7xx_hal_can.o
    0x08001126   0x08001126   0x00000002   Code   RO         1012    i.HAL_CAN_TxMailbox0CompleteCallback  stm32f7xx_hal_can.o
    0x08001128   0x08001128   0x00000002   Code   RO         1013    i.HAL_CAN_TxMailbox1AbortCallback  stm32f7xx_hal_can.o
    0x0800112a   0x0800112a   0x00000002   Code   RO         1014    i.HAL_CAN_TxMailbox1CompleteCallback  stm32f7xx_hal_can.o
    0x0800112c   0x0800112c   0x00000002   Code   RO         1015    i.HAL_CAN_TxMailbox2AbortCallback  stm32f7xx_hal_can.o
    0x0800112e   0x0800112e   0x00000002   Code   RO         1016    i.HAL_CAN_TxMailbox2CompleteCallback  stm32f7xx_hal_can.o
    0x08001130   0x08001130   0x00000002   Code   RO         1018    i.HAL_CAN_WakeUpFromRxMsgCallback  stm32f7xx_hal_can.o
    0x08001132   0x08001132   0x00000024   Code   RO         3577    i.HAL_DMA_Abort_IT  stm32f7xx_hal_dma.o
    0x08001156   0x08001156   0x00000002   PAD
    0x08001158   0x08001158   0x000001a0   Code   RO         3581    i.HAL_DMA_IRQHandler  stm32f7xx_hal_dma.o
    0x080012f8   0x080012f8   0x000000e4   Code   RO         3582    i.HAL_DMA_Init      stm32f7xx_hal_dma.o
    0x080013dc   0x080013dc   0x00000024   Code   RO         3943    i.HAL_Delay         stm32f7xx_hal.o
    0x08001400   0x08001400   0x000001d8   Code   RO         3510    i.HAL_GPIO_Init     stm32f7xx_hal_gpio.o
    0x080015d8   0x080015d8   0x0000000e   Code   RO         3513    i.HAL_GPIO_TogglePin  stm32f7xx_hal_gpio.o
    0x080015e6   0x080015e6   0x0000000a   Code   RO         3514    i.HAL_GPIO_WritePin  stm32f7xx_hal_gpio.o
    0x080015f0   0x080015f0   0x0000000c   Code   RO         3953    i.HAL_GetTick       stm32f7xx_hal.o
    0x080015fc   0x080015fc   0x00000058   Code   RO         1809    i.HAL_I2CEx_ConfigAnalogFilter  stm32f7xx_hal_i2c_ex.o
    0x08001654   0x08001654   0x00000054   Code   RO         1810    i.HAL_I2CEx_ConfigDigitalFilter  stm32f7xx_hal_i2c_ex.o
    0x080016a8   0x080016a8   0x00000002   Code   RO         1352    i.HAL_I2C_AbortCpltCallback  stm32f7xx_hal_i2c.o
    0x080016aa   0x080016aa   0x00000002   Code   RO         1353    i.HAL_I2C_AddrCallback  stm32f7xx_hal_i2c.o
    0x080016ac   0x080016ac   0x00000068   Code   RO         1356    i.HAL_I2C_ER_IRQHandler  stm32f7xx_hal_i2c.o
    0x08001714   0x08001714   0x00000010   Code   RO         1357    i.HAL_I2C_EV_IRQHandler  stm32f7xx_hal_i2c.o
    0x08001724   0x08001724   0x00000002   Code   RO         1359    i.HAL_I2C_ErrorCallback  stm32f7xx_hal_i2c.o
    0x08001726   0x08001726   0x00000002   PAD
    0x08001728   0x08001728   0x000000b8   Code   RO         1363    i.HAL_I2C_Init      stm32f7xx_hal_i2c.o
    0x080017e0   0x080017e0   0x00000002   Code   RO         1365    i.HAL_I2C_ListenCpltCallback  stm32f7xx_hal_i2c.o
    0x080017e2   0x080017e2   0x00000002   PAD
    0x080017e4   0x080017e4   0x00000084   Code   RO          387    i.HAL_I2C_MspInit   i2c.o
    0x08001868   0x08001868   0x00000002   Code   RO         1389    i.HAL_I2C_SlaveRxCpltCallback  stm32f7xx_hal_i2c.o
    0x0800186a   0x0800186a   0x00000002   Code   RO         1390    i.HAL_I2C_SlaveTxCpltCallback  stm32f7xx_hal_i2c.o
    0x0800186c   0x0800186c   0x00000010   Code   RO         3959    i.HAL_IncTick       stm32f7xx_hal.o
    0x0800187c   0x0800187c   0x00000016   Code   RO         3960    i.HAL_Init          stm32f7xx_hal.o
    0x08001892   0x08001892   0x00000002   PAD
    0x08001894   0x08001894   0x00000040   Code   RO         3961    i.HAL_InitTick      stm32f7xx_hal.o
    0x080018d4   0x080018d4   0x00000030   Code   RO          684    i.HAL_MspInit       stm32f7xx_hal_msp.o
    0x08001904   0x08001904   0x0000001a   Code   RO         1222    i.HAL_NVIC_EnableIRQ  stm32f7xx_hal_cortex.o
    0x0800191e   0x0800191e   0x00000002   PAD
    0x08001920   0x08001920   0x00000040   Code   RO         1228    i.HAL_NVIC_SetPriority  stm32f7xx_hal_cortex.o
    0x08001960   0x08001960   0x00000024   Code   RO         1229    i.HAL_NVIC_SetPriorityGrouping  stm32f7xx_hal_cortex.o
    0x08001984   0x08001984   0x0000006c   Code   RO         3850    i.HAL_PWREx_EnableOverDrive  stm32f7xx_hal_pwr_ex.o
    0x080019f0   0x080019f0   0x0000053c   Code   RO         3271    i.HAL_RCCEx_PeriphCLKConfig  stm32f7xx_hal_rcc_ex.o
    0x08001f2c   0x08001f2c   0x0000012c   Code   RO         3164    i.HAL_RCC_ClockConfig  stm32f7xx_hal_rcc.o
    0x08002058   0x08002058   0x00000020   Code   RO         3171    i.HAL_RCC_GetPCLK1Freq  stm32f7xx_hal_rcc.o
    0x08002078   0x08002078   0x00000020   Code   RO         3172    i.HAL_RCC_GetPCLK2Freq  stm32f7xx_hal_rcc.o
    0x08002098   0x08002098   0x00000060   Code   RO         3173    i.HAL_RCC_GetSysClockFreq  stm32f7xx_hal_rcc.o
    0x080020f8   0x080020f8   0x0000033c   Code   RO         3176    i.HAL_RCC_OscConfig  stm32f7xx_hal_rcc.o
    0x08002434   0x08002434   0x00000026   Code   RO         1233    i.HAL_SYSTICK_Config  stm32f7xx_hal_cortex.o
    0x0800245a   0x0800245a   0x00000002   Code   RO         2538    i.HAL_TIMEx_Break2Callback  stm32f7xx_hal_tim_ex.o
    0x0800245c   0x0800245c   0x00000002   Code   RO         2539    i.HAL_TIMEx_BreakCallback  stm32f7xx_hal_tim_ex.o
    0x0800245e   0x0800245e   0x00000002   Code   RO         2540    i.HAL_TIMEx_CommutCallback  stm32f7xx_hal_tim_ex.o
    0x08002460   0x08002460   0x000000a0   Code   RO         2542    i.HAL_TIMEx_ConfigBreakDeadTime  stm32f7xx_hal_tim_ex.o
    0x08002500   0x08002500   0x00000060   Code   RO         2559    i.HAL_TIMEx_MasterConfigSynchronization  stm32f7xx_hal_tim_ex.o
    0x08002560   0x08002560   0x00000036   Code   RO         1853    i.HAL_TIM_Base_Init  stm32f7xx_hal_tim.o
    0x08002596   0x08002596   0x00000002   PAD
    0x08002598   0x08002598   0x00000054   Code   RO          429    i.HAL_TIM_Base_MspInit  tim.o
    0x080025ec   0x080025ec   0x0000002c   Code   RO         1858    i.HAL_TIM_Base_Start_IT  stm32f7xx_hal_tim.o
    0x08002618   0x08002618   0x000000dc   Code   RO         1862    i.HAL_TIM_ConfigClockSource  stm32f7xx_hal_tim.o
    0x080026f4   0x080026f4   0x00000002   Code   RO         1882    i.HAL_TIM_IC_CaptureCallback  stm32f7xx_hal_tim.o
    0x080026f6   0x080026f6   0x00000182   Code   RO         1896    i.HAL_TIM_IRQHandler  stm32f7xx_hal_tim.o
    0x08002878   0x08002878   0x00000080   Code   RO          430    i.HAL_TIM_MspPostInit  tim.o
    0x080028f8   0x080028f8   0x00000072   Code   RO         1897    i.HAL_TIM_OC_ConfigChannel  stm32f7xx_hal_tim.o
    0x0800296a   0x0800296a   0x00000002   Code   RO         1899    i.HAL_TIM_OC_DelayElapsedCallback  stm32f7xx_hal_tim.o
    0x0800296c   0x0800296c   0x00000036   Code   RO         1901    i.HAL_TIM_OC_Init   stm32f7xx_hal_tim.o
    0x080029a2   0x080029a2   0x00000002   Code   RO         1903    i.HAL_TIM_OC_MspInit  stm32f7xx_hal_tim.o
    0x080029a4   0x080029a4   0x00000128   Code   RO         1920    i.HAL_TIM_PWM_ConfigChannel  stm32f7xx_hal_tim.o
    0x08002acc   0x08002acc   0x00000036   Code   RO         1923    i.HAL_TIM_PWM_Init  stm32f7xx_hal_tim.o
    0x08002b02   0x08002b02   0x00000002   PAD
    0x08002b04   0x08002b04   0x00000034   Code   RO          432    i.HAL_TIM_PWM_MspInit  tim.o
    0x08002b38   0x08002b38   0x00000002   Code   RO         1926    i.HAL_TIM_PWM_PulseFinishedCallback  stm32f7xx_hal_tim.o
    0x08002b3a   0x08002b3a   0x00000002   PAD
    0x08002b3c   0x08002b3c   0x00000034   Code   RO           14    i.HAL_TIM_PeriodElapsedCallback  main.o
    0x08002b70   0x08002b70   0x00000002   Code   RO         1939    i.HAL_TIM_TriggerCallback  stm32f7xx_hal_tim.o
    0x08002b72   0x08002b72   0x00000002   Code   RO         2829    i.HAL_UART_ErrorCallback  stm32f7xx_hal_uart.o
    0x08002b74   0x08002b74   0x00000128   Code   RO         2832    i.HAL_UART_IRQHandler  stm32f7xx_hal_uart.o
    0x08002c9c   0x08002c9c   0x00000066   Code   RO         2833    i.HAL_UART_Init     stm32f7xx_hal_uart.o
    0x08002d02   0x08002d02   0x00000002   PAD
    0x08002d04   0x08002d04   0x000000ac   Code   RO          507    i.HAL_UART_MspInit  usart.o
    0x08002db0   0x08002db0   0x000000ac   Code   RO         2838    i.HAL_UART_Receive_IT  stm32f7xx_hal_uart.o
    0x08002e5c   0x08002e5c   0x00000028   Code   RO           15    i.HAL_UART_RxCpltCallback  main.o
    0x08002e84   0x08002e84   0x00000002   Code   RO         2844    i.HAL_UART_TxCpltCallback  stm32f7xx_hal_uart.o
    0x08002e86   0x08002e86   0x00000002   Code   RO          556    i.HardFault_Handler  stm32f7xx_it.o
    0x08002e88   0x08002e88   0x0000000c   Code   RO          557    i.I2C1_ER_IRQHandler  stm32f7xx_it.o
    0x08002e94   0x08002e94   0x0000000c   Code   RO          558    i.I2C1_EV_IRQHandler  stm32f7xx_it.o
    0x08002ea0   0x08002ea0   0x00000028   Code   RO         1402    i.I2C_DMAAbort      stm32f7xx_hal_i2c.o
    0x08002ec8   0x08002ec8   0x00000056   Code   RO         1408    i.I2C_Disable_IRQ   stm32f7xx_hal_i2c.o
    0x08002f1e   0x08002f1e   0x00000022   Code   RO         1410    i.I2C_Flush_TXDR    stm32f7xx_hal_i2c.o
    0x08002f40   0x08002f40   0x00000088   Code   RO         1411    i.I2C_ITAddrCplt    stm32f7xx_hal_i2c.o
    0x08002fc8   0x08002fc8   0x000000e0   Code   RO         1412    i.I2C_ITError       stm32f7xx_hal_i2c.o
    0x080030a8   0x080030a8   0x00000064   Code   RO         1413    i.I2C_ITListenCplt  stm32f7xx_hal_i2c.o
    0x0800310c   0x0800310c   0x000000f0   Code   RO         1416    i.I2C_ITSlaveCplt   stm32f7xx_hal_i2c.o
    0x080031fc   0x080031fc   0x00000054   Code   RO         1417    i.I2C_ITSlaveSeqCplt  stm32f7xx_hal_i2c.o
    0x08003250   0x08003250   0x00000124   Code   RO         1424    i.I2C_Slave_ISR_IT  stm32f7xx_hal_i2c.o
    0x08003374   0x08003374   0x00000114   Code   RO          231    i.MX_ADC1_Init      adc.o
    0x08003488   0x08003488   0x00000048   Code   RO          277    i.MX_CAN2_Init      can.o
    0x080034d0   0x080034d0   0x0000004c   Code   RO          338    i.MX_DMA_Init       dma.o
    0x0800351c   0x0800351c   0x00000002   Code   RO          362    i.MX_GFXSIMULATOR_Init  gfxsimulator.o
    0x0800351e   0x0800351e   0x00000002   PAD
    0x08003520   0x08003520   0x00000154   Code   RO          205    i.MX_GPIO_Init      gpio.o
    0x08003674   0x08003674   0x00000058   Code   RO          388    i.MX_I2C1_Init      i2c.o
    0x080036cc   0x080036cc   0x000000e0   Code   RO          433    i.MX_TIM1_Init      tim.o
    0x080037ac   0x080037ac   0x00000084   Code   RO          434    i.MX_TIM2_Init      tim.o
    0x08003830   0x08003830   0x00000064   Code   RO          435    i.MX_TIM3_Init      tim.o
    0x08003894   0x08003894   0x00000048   Code   RO          436    i.MX_TIM6_Init      tim.o
    0x080038dc   0x080038dc   0x0000003c   Code   RO          508    i.MX_UART4_Init     usart.o
    0x08003918   0x08003918   0x00000002   Code   RO          559    i.MemManage_Handler  stm32f7xx_it.o
    0x0800391a   0x0800391a   0x00000002   Code   RO          560    i.NMI_Handler       stm32f7xx_it.o
    0x0800391c   0x0800391c   0x00000002   Code   RO          561    i.PendSV_Handler    stm32f7xx_it.o
    0x0800391e   0x0800391e   0x00000002   Code   RO          562    i.SVC_Handler       stm32f7xx_it.o
    0x08003920   0x08003920   0x00000004   Code   RO          563    i.SysTick_Handler   stm32f7xx_it.o
    0x08003924   0x08003924   0x000000a0   Code   RO           16    i.SystemClock_Config  main.o
    0x080039c4   0x080039c4   0x00000054   Code   RO         4219    i.SystemInit        system_stm32f7xx.o
    0x08003a18   0x08003a18   0x0000000c   Code   RO          564    i.TIM6_DAC_IRQHandler  stm32f7xx_it.o
    0x08003a24   0x08003a24   0x000000cc   Code   RO         1941    i.TIM_Base_SetConfig  stm32f7xx_hal_tim.o
    0x08003af0   0x08003af0   0x00000012   Code   RO         1952    i.TIM_ETR_SetConfig  stm32f7xx_hal_tim.o
    0x08003b02   0x08003b02   0x00000010   Code   RO         1953    i.TIM_ITRx_SetConfig  stm32f7xx_hal_tim.o
    0x08003b12   0x08003b12   0x00000002   PAD
    0x08003b14   0x08003b14   0x00000074   Code   RO         1954    i.TIM_OC1_SetConfig  stm32f7xx_hal_tim.o
    0x08003b88   0x08003b88   0x00000078   Code   RO         1955    i.TIM_OC2_SetConfig  stm32f7xx_hal_tim.o
    0x08003c00   0x08003c00   0x00000078   Code   RO         1956    i.TIM_OC3_SetConfig  stm32f7xx_hal_tim.o
    0x08003c78   0x08003c78   0x00000058   Code   RO         1957    i.TIM_OC4_SetConfig  stm32f7xx_hal_tim.o
    0x08003cd0   0x08003cd0   0x00000058   Code   RO         1958    i.TIM_OC5_SetConfig  stm32f7xx_hal_tim.o
    0x08003d28   0x08003d28   0x00000058   Code   RO         1959    i.TIM_OC6_SetConfig  stm32f7xx_hal_tim.o
    0x08003d80   0x08003d80   0x00000022   Code   RO         1961    i.TIM_TI1_ConfigInputStage  stm32f7xx_hal_tim.o
    0x08003da2   0x08003da2   0x00000024   Code   RO         1963    i.TIM_TI2_ConfigInputStage  stm32f7xx_hal_tim.o
    0x08003dc6   0x08003dc6   0x00000002   PAD
    0x08003dc8   0x08003dc8   0x0000000c   Code   RO          565    i.UART4_IRQHandler  stm32f7xx_it.o
    0x08003dd4   0x08003dd4   0x000000c8   Code   RO         2846    i.UART_AdvFeatureConfig  stm32f7xx_hal_uart.o
    0x08003e9c   0x08003e9c   0x0000003c   Code   RO         2847    i.UART_CheckIdleState  stm32f7xx_hal_uart.o
    0x08003ed8   0x08003ed8   0x00000014   Code   RO         2848    i.UART_DMAAbortOnError  stm32f7xx_hal_uart.o
    0x08003eec   0x08003eec   0x00000020   Code   RO         2858    i.UART_EndRxTransfer  stm32f7xx_hal_uart.o
    0x08003f0c   0x08003f0c   0x0000005a   Code   RO         2860    i.UART_RxISR_16BIT  stm32f7xx_hal_uart.o
    0x08003f66   0x08003f66   0x0000005a   Code   RO         2861    i.UART_RxISR_8BIT   stm32f7xx_hal_uart.o
    0x08003fc0   0x08003fc0   0x00000254   Code   RO         2862    i.UART_SetConfig    stm32f7xx_hal_uart.o
    0x08004214   0x08004214   0x00000060   Code   RO         2865    i.UART_WaitOnFlagUntilTimeout  stm32f7xx_hal_uart.o
    0x08004274   0x08004274   0x00000002   Code   RO          566    i.UsageFault_Handler  stm32f7xx_it.o
    0x08004276   0x08004276   0x00000022   Code   RO         1235    i.__NVIC_SetPriority  stm32f7xx_hal_cortex.o
    0x08004298   0x08004298   0x0000000e   Code   RO         4282    i.__scatterload_copy  mc_w.l(handlers.o)
    0x080042a6   0x080042a6   0x00000002   Code   RO         4283    i.__scatterload_null  mc_w.l(handlers.o)
    0x080042a8   0x080042a8   0x0000000e   Code   RO         4284    i.__scatterload_zeroinit  mc_w.l(handlers.o)
    0x080042b6   0x080042b6   0x00000002   PAD
    0x080042b8   0x080042b8   0x0000006c   Code   RO           17    i.main              main.o
    0x08004324   0x08004324   0x00000008   Data   RO         3588    .constdata          stm32f7xx_hal_dma.o
    0x0800432c   0x0800432c   0x00000010   Data   RO         4220    .constdata          system_stm32f7xx.o
    0x0800433c   0x0800433c   0x00000008   Data   RO         4221    .constdata          system_stm32f7xx.o
    0x08004344   0x08004344   0x00000020   Data   RO         4280    Region$$Table       anon$$obj.o


    Execution Region RW_IRAM1 (Exec base: 0x20000000, Load base: 0x08004364, Size: 0x00000780, Max: 0x00080000, ABSOLUTE)

    Exec Addr    Load Addr    Size         Type   Attr      Idx    E Section Name        Object

    0x20000000   0x08004364   0x00000008   Data   RW           18    .data               main.o
    0x20000008   0x0800436c   0x00000010   Data   RW          279    .data               can.o
    0x20000018   0x0800437c   0x0000000c   Data   RW         3967    .data               stm32f7xx_hal.o
    0x20000024   0x08004388   0x00000004   Data   RW         4222    .data               system_stm32f7xx.o
    0x20000028        -       0x000000a8   Zero   RW          232    .bss                adc.o
    0x200000d0        -       0x00000084   Zero   RW          278    .bss                can.o
    0x20000154        -       0x0000004c   Zero   RW          389    .bss                i2c.o
    0x200001a0        -       0x00000100   Zero   RW          437    .bss                tim.o
    0x200002a0        -       0x000000e0   Zero   RW          509    .bss                usart.o
    0x20000380        -       0x00000400   Zero   RW            1    STACK               startup_stm32f767xx.o


==============================================================================

Image component sizes


      Code (inc. data)   RO Data    RW Data    ZI Data      Debug   Object Name

       512         44          0          0        168       2127   adc.o
       464         54          0         16        132       4421   can.o
        76          4          0          0          0        866   dma.o
         2          0          0          0          0        495   gfxsimulator.o
       340         22          0          0          0       1147   gpio.o
       220         26          0          0         76       1829   i2c.o
       362         50          0          8          0     899683   main.o
        36          8        504          0       1024        872   startup_stm32f767xx.o
       150         24          0         12          0       9477   stm32f7xx_hal.o
      1074         32          0          0          0       5722   stm32f7xx_hal_adc.o
         2          0          0          0          0       1049   stm32f7xx_hal_adc_ex.o
      1690         10          0          0          0      15107   stm32f7xx_hal_can.o
       198         12          0          0          0      39203   stm32f7xx_hal_cortex.o
       804         16          8          0          0       5027   stm32f7xx_hal_dma.o
       496         54          0          0          0       3337   stm32f7xx_hal_gpio.o
      1552         36          0          0          0      15455   stm32f7xx_hal_i2c.o
       172          0          0          0          0       2075   stm32f7xx_hal_i2c_ex.o
        48          6          0          0          0        894   stm32f7xx_hal_msp.o
       108          8          0          0          0       1340   stm32f7xx_hal_pwr_ex.o
      1288         64          0          0          0       5324   stm32f7xx_hal_rcc.o
      1340         22          0          0          0       2396   stm32f7xx_hal_rcc_ex.o
      2160        134          0          0          0      19238   stm32f7xx_hal_tim.o
       262         18          0          0          0       4192   stm32f7xx_hal_tim_ex.o
      1758         82          0          0          0      11360   stm32f7xx_hal_uart.o
       140         60          0          0          0       9399   stm32f7xx_it.o
        84         16         24          4          0       1335   system_stm32f7xx.o
       792         74          0          0        256       5357   tim.o
       232         28          0          0        224       1902   usart.o

    ----------------------------------------------------------------------
     16400        904        568         40       1880    1070629   Object Totals
         0          0         32          0          0          0   (incl. Generated)
        38          0          0          0          0          0   (incl. Padding)

    ----------------------------------------------------------------------

      Code (inc. data)   RO Data    RW Data    ZI Data      Debug   Library Member Name

         0          0          0          0          0          0   entry.o
         0          0          0          0          0          0   entry10a.o
         0          0          0          0          0          0   entry11a.o
         8          4          0          0          0          0   entry2.o
         4          0          0          0          0          0   entry5.o
         0          0          0          0          0          0   entry7b.o
         0          0          0          0          0          0   entry8b.o
         8          4          0          0          0          0   entry9a.o
        30          0          0          0          0          0   handlers.o
        36          8          0          0          0         68   init.o
        30          0          0          0          0         68   llshl.o
        32          0          0          0          0         68   llushr.o
        36          0          0          0          0        108   memseta.o
        98          0          0          0          0         92   uldiv.o

    ----------------------------------------------------------------------
       284         16          0          0          0        404   Library Totals
         2          0          0          0          0          0   (incl. Padding)

    ----------------------------------------------------------------------

      Code (inc. data)   RO Data    RW Data    ZI Data      Debug   Library Name

       282         16          0          0          0        404   mc_w.l

    ----------------------------------------------------------------------
       284         16          0          0          0        404   Library Totals

    ----------------------------------------------------------------------

==============================================================================


      Code (inc. data)   RO Data    RW Data    ZI Data      Debug   

     16684        920        568         40       1880    1055633   Grand Totals
     16684        920        568         40       1880    1055633   ELF Image Totals
     16684        920        568         40          0          0   ROM Totals

==============================================================================

    Total RO  Size (Code + RO Data)                17252 (  16.85kB)
    Total RW  Size (RW Data + ZI Data)              1920 (   1.88kB)
    Total ROM Size (Code + RO Data + RW Data)      17292 (  16.89kB)

==============================================================================

