Component: ARM Compiler 5.06 update 5 (build 528) Tool: armlink [4d35e2]

==============================================================================

Section Cross References

    startup_stm32f767xx.o(RESET) refers to startup_stm32f767xx.o(STACK) for __initial_sp
    startup_stm32f767xx.o(RESET) refers to startup_stm32f767xx.o(.text) for Reset_Handler
    startup_stm32f767xx.o(RESET) refers to stm32f7xx_it.o(i.NMI_Handler) for NMI_Handler
    startup_stm32f767xx.o(RESET) refers to stm32f7xx_it.o(i.HardFault_Handler) for HardFault_Handler
    startup_stm32f767xx.o(RESET) refers to stm32f7xx_it.o(i.MemManage_Handler) for MemManage_Handler
    startup_stm32f767xx.o(RESET) refers to stm32f7xx_it.o(i.BusFault_Handler) for BusFault_Handler
    startup_stm32f767xx.o(RESET) refers to stm32f7xx_it.o(i.UsageFault_Handler) for UsageFault_Handler
    startup_stm32f767xx.o(RESET) refers to stm32f7xx_it.o(i.SVC_Handler) for SVC_Handler
    startup_stm32f767xx.o(RESET) refers to stm32f7xx_it.o(i.DebugMon_Handler) for DebugMon_Handler
    startup_stm32f767xx.o(RESET) refers to stm32f7xx_it.o(i.PendSV_Handler) for PendSV_Handler
    startup_stm32f767xx.o(RESET) refers to stm32f7xx_it.o(i.SysTick_Handler) for SysTick_Handler
    startup_stm32f767xx.o(RESET) refers to stm32f7xx_it.o(i.DMA1_Stream4_IRQHandler) for DMA1_Stream4_IRQHandler
    startup_stm32f767xx.o(RESET) refers to stm32f7xx_it.o(i.ADC_IRQHandler) for ADC_IRQHandler
    startup_stm32f767xx.o(RESET) refers to stm32f7xx_it.o(i.I2C1_EV_IRQHandler) for I2C1_EV_IRQHandler
    startup_stm32f767xx.o(RESET) refers to stm32f7xx_it.o(i.UART4_IRQHandler) for UART4_IRQHandler
    startup_stm32f767xx.o(RESET) refers to stm32f7xx_it.o(i.TIM6_DAC_IRQHandler) for TIM6_DAC_IRQHandler
    startup_stm32f767xx.o(RESET) refers to stm32f7xx_it.o(i.DMA2_Stream0_IRQHandler) for DMA2_Stream0_IRQHandler
    startup_stm32f767xx.o(RESET) refers to stm32f7xx_it.o(i.CAN2_TX_IRQHandler) for CAN2_TX_IRQHandler
    startup_stm32f767xx.o(RESET) refers to stm32f7xx_it.o(i.CAN2_RX0_IRQHandler) for CAN2_RX0_IRQHandler
    startup_stm32f767xx.o(RESET) refers to stm32f7xx_it.o(i.CAN2_RX1_IRQHandler) for CAN2_RX1_IRQHandler
    startup_stm32f767xx.o(.text) refers to system_stm32f7xx.o(i.SystemInit) for SystemInit
    startup_stm32f767xx.o(.text) refers to entry.o(.ARM.Collect$$$$00000000) for __main
    clutchmotor_init_wrapper.o(i.ClutchMotor_init_Outputs_wrapper) refers to clutchmotor_setposition_wrapper.o(i.ClutchMotor_setPosition_Outputs_wrapper) for ClutchMotor_setPosition_Outputs_wrapper
    clutchmotor_init_wrapper.o(i.ClutchMotor_init_Outputs_wrapper) refers to stm32f7xx_hal_tim.o(i.HAL_TIM_PWM_Start) for HAL_TIM_PWM_Start
    clutchmotor_init_wrapper.o(i.ClutchMotor_init_Outputs_wrapper) refers to tim.o(.bss) for htim2
    clutchmotor_setposition_wrapper.o(i.ClutchMotor_setPosition_Outputs_wrapper) refers to tim.o(.bss) for htim2
    clutchmotor_setuppwm_wrapper.o(i.ClutchMotor_setupPWM_Outputs_wrapper) refers to clutchmotor_setposition_wrapper.o(i.ClutchMotor_setPosition_Outputs_wrapper) for ClutchMotor_setPosition_Outputs_wrapper
    efi_init_wrapper.o(i.Efi_init_Outputs_wrapper) refers to efi_unsetrpmlimiter_wrapper.o(i.Efi_unsetRPMLimiter_Outputs_wrapper) for Efi_unsetRPMLimiter_Outputs_wrapper
    efi_init_wrapper.o(i.Efi_init_Outputs_wrapper) refers to efi_unsetcut_wrapper.o(i.Efi_unsetCut_Outputs_wrapper) for Efi_unsetCut_Outputs_wrapper
    efi_setcut_wrapper.o(i.Efi_setCut_Outputs_wrapper) refers to stm32f7xx_hal_gpio.o(i.HAL_GPIO_WritePin) for HAL_GPIO_WritePin
    efi_setrpmlimiter_wrapper.o(i.Efi_setRPMLimiter_Outputs_wrapper) refers to stm32f7xx_hal_gpio.o(i.HAL_GPIO_WritePin) for HAL_GPIO_WritePin
    efi_unsetcut_wrapper.o(i.Efi_unsetCut_Outputs_wrapper) refers to stm32f7xx_hal_gpio.o(i.HAL_GPIO_WritePin) for HAL_GPIO_WritePin
    efi_unsetrpmlimiter_wrapper.o(i.Efi_unsetRPMLimiter_Outputs_wrapper) refers to stm32f7xx_hal_gpio.o(i.HAL_GPIO_WritePin) for HAL_GPIO_WritePin
    enginecontrol_start_wrapper.o(i.EngineControl_start_Outputs_wrapper) refers to stm32f7xx_hal_gpio.o(i.HAL_GPIO_WritePin) for HAL_GPIO_WritePin
    enginecontrol_stop_wrapper.o(i.EngineControl_stop_Outputs_wrapper) refers to stm32f7xx_hal_gpio.o(i.HAL_GPIO_WritePin) for HAL_GPIO_WritePin
    gearmotor_brake_wrapper.o(i.GearMotor_brake_Outputs_wrapper) refers to stm32f7xx_hal_gpio.o(i.HAL_GPIO_WritePin) for HAL_GPIO_WritePin
    gearmotor_init_wrapper.o(i.GearMotor_init_Outputs_wrapper) refers to gearmotor_release_wrapper.o(i.GearMotor_release_Outputs_wrapper) for GearMotor_release_Outputs_wrapper
    gearmotor_release_wrapper.o(i.GearMotor_release_Outputs_wrapper) refers to stm32f7xx_hal_gpio.o(i.HAL_GPIO_WritePin) for HAL_GPIO_WritePin
    gearmotor_turnleft_wrapper.o(i.GearMotor_turnLeft_Outputs_wrapper) refers to stm32f7xx_hal_gpio.o(i.HAL_GPIO_WritePin) for HAL_GPIO_WritePin
[...]
    __cpp_initialize__aeabi_                  - Undefined Weak Reference
    __cxa_finalize                            - Undefined Weak Reference
    __decompress                              - Undefined Weak Reference
    _clock_init                               - Undefined Weak Reference
    _microlib_exit                            - Undefined Weak Reference
    __Vectors_Size                           0x000001f8   Number         0  startup_stm32f767xx.o ABSOLUTE
    __Vectors                                0x08000000   Data           4  startup_stm32f767xx.o(RESET)
    __Vectors_End                            0x080001f8   Data           0  startup_stm32f767xx.o(RESET)
    __main                                   0x080001f9   Thumb Code     0  entry.o(.ARM.Collect$$$$00000000)
    _main_stk                                0x080001f9   Thumb Code     0  entry2.o(.ARM.Collect$$$$00000001)
    _main_scatterload                        0x080001fd   Thumb Code     0  entry5.o(.ARM.Collect$$$$00000004)
    __main_after_scatterload                 0x08000201   Thumb Code     0  entry5.o(.ARM.Collect$$$$00000004)
    _main_clock                              0x08000201   Thumb Code     0  entry7b.o(.ARM.Collect$$$$00000008)
    _main_cpp_init                           0x08000201   Thumb Code     0  entry8b.o(.ARM.Collect$$$$0000000A)
    _main_init                               0x08000201   Thumb Code     0  entry9a.o(.ARM.Collect$$$$0000000B)
    __rt_final_cpp                           0x08000209   Thumb Code     0  entry10a.o(.ARM.Collect$$$$0000000D)
    __rt_final_exit                          0x08000209   Thumb Code     0  entry11a.o(.ARM.Collect$$$$0000000F)
    Reset_Handler                            0x0800020d   Thumb Code     8  startup_stm32f767xx.o(.text)
    CAN1_RX0_IRQHandler                      0x08000227   Thumb Code     0  startup_stm32f767xx.o(.text)
    CAN1_RX1_IRQHandler                      0x08000227   Thumb Code     0  startup_stm32f767xx.o(.text)
    CAN1_SCE_IRQHandler                      0x08000227   Thumb Code     0  startup_stm32f767xx.o(.text)
    CAN1_TX_IRQHandler                       0x08000227   Thumb Code     0  startup_stm32f767xx.o(.text)
    CAN2_SCE_IRQHandler                      0x08000227   Thumb Code     0  startup_stm32f767xx.o(.text)
    CAN3_RX0_IRQHandler                      0x08000227   Thumb Code     0  startup_stm32f767xx.o(.text)
    CAN3_RX1_IRQHandler                      0x08000227   Thumb Code     0  startup_stm32f767xx.o(.text)
    CAN3_SCE_IRQHandler                      0x08000227   Thumb Code     0  startup_stm32f767xx.o(.text)
    CAN3_TX_IRQHandler                       0x08000227   Thumb Code     0  startup_stm32f767xx.o(.text)
    CEC_IRQHandler                           0x08000227   Thumb Code     0  startup_stm32f767xx.o(.text)
    DCMI_IRQHandler                          0x08000227   Thumb Code     0  startup_stm32f767xx.o(.text)
    DFSDM1_FLT0_IRQHandler                   0x08000227   Thumb Code     0  startup_stm32f767xx.o(.text)
    DFSDM1_FLT1_IRQHandler                   0x08000227   Thumb Code     0  startup_stm32f767xx.o(.text)
    DFSDM1_FLT2_IRQHandler                   0x08000227   Thumb Code     0  startup_stm32f767xx.o(.text)
    DFSDM1_FLT3_IRQHandler                   0x08000227   Thumb Code     0  startup_stm32f767xx.o(.text)
    DMA1_Stream0_IRQHandler                  0x08000227   Thumb Code     0  startup_stm32f767xx.o(.text)
    DMA1_Stream1_IRQHandler                  0x08000227   Thumb Code     0  startup_stm32f767xx.o(.text)
    DMA1_Stream2_IRQHandler                  0x08000227   Thumb Code     0  startup_stm32f767xx.o(.text)
    DMA1_Stream3_IRQHandler                  0x08000227   Thumb Code     0  startup_stm32f767xx.o(.text)
    DMA1_Stream5_IRQHandler                  0x08000227   Thumb Code     0  startup_stm32f767xx.o(.text)
    DMA1_Stream6_IRQHandler                  0x08000227   Thumb Code     0  startup_stm32f767xx.o(.text)
    DMA1_Stream7_IRQHandler                  0x08000227   Thumb Code     0  startup_stm32f767xx.o(.text)
    DMA2D_IRQHandler                         0x08000227   Thumb Code     0  startup_stm32f767xx.o(.text)
    DMA2_Stream1_IRQHandler                  0x08000227   Thumb Code     0  startup_stm32f767xx.o(.text)
    DMA2_Stream2_IRQHandler                  0x08000227   Thumb Code     0  startup_stm32f767xx.o(.text)
    DMA2_Stream3_IRQHandler                  0x08000227   Thumb Code     0  startup_stm32f767xx.o(.text)
    DMA2_Stream4_IRQHandler                  0x08000227   Thumb Code     0  startup_stm32f767xx.o(.text)
    DMA2_Stream5_IRQHandler                  0x08000227   Thumb Code     0  startup_stm32f767xx.o(.text)
    DMA2_Stream6_IRQHandler                  0x08000227   Thumb Code     0  startup_stm32f767xx.o(.text)
    DMA2_Stream7_IRQHandler                  0x08000227   Thumb Code     0  startup_stm32f767xx.o(.text)
    ETH_IRQHandler                           0x08000227   Thumb Code     0  startup_stm32f767xx.o(.text)
    ETH_WKUP_IRQHandler                      0x08000227   Thumb Code     0  startup_stm32f767xx.o(.text)
    EXTI0_IRQHandler                         0x08000227   Thumb Code     0  startup_stm32f767xx.o(.text)
    EXTI15_10_IRQHandler                     0x08000227   Thumb Code     0  startup_stm32f767xx.o(.text)
    EXTI1_IRQHandler                         0x08000227   Thumb Code     0  startup_stm32f767xx.o(.text)
    EXTI2_IRQHandler                         0x08000227   Thumb Code     0  startup_stm32f767xx.o(.text)
    EXTI3_IRQHandler                         0x08000227   Thumb Code     0  startup_stm32f767xx.o(.text)
    EXTI4_IRQHandler                         0x08000227   Thumb Code     0  startup_stm32f767xx.o(.text)
    EXTI9_5_IRQHandler                       0x08000227   Thumb Code     0  startup_stm32f767xx.o(.text)
    FLASH_IRQHandler                         0x08000227   Thumb Code     0  startup_stm32f767xx.o(.text)
    FMC_IRQHandler                           0x08000227   Thumb Code     0  startup_stm32f767xx.o(.text)
    FPU_IRQHandler                           0x08000227   Thumb Code     0  startup_stm32f767xx.o(.text)
    I2C1_ER_IRQHandler                       0x08000227   Thumb Code     0  startup_stm32f767xx.o(.text)
    I2C2_ER_IRQHandler                       0x08000227   Thumb Code     0  startup_stm32f767xx.o(.text)
    I2C2_EV_IRQHandler                       0x08000227   Thumb Code     0  startup_stm32f767xx.o(.text)
    I2C3_ER_IRQHandler                       0x08000227   Thumb Code     0  startup_stm32f767xx.o(.text)
    I2C3_EV_IRQHandler                       0x08000227   Thumb Code     0  startup_stm32f767xx.o(.text)
    I2C4_ER_IRQHandler                       0x08000227   Thumb Code     0  startup_stm32f767xx.o(.text)
    I2C4_EV_IRQHandler                       0x08000227   Thumb Code     0  startup_stm32f767xx.o(.text)
    JPEG_IRQHandler                          0x08000227   Thumb Code     0  startup_stm32f767xx.o(.text)
    LPTIM1_IRQHandler                        0x08000227   Thumb Code     0  startup_stm32f767xx.o(.text)
    LTDC_ER_IRQHandler                       0x08000227   Thumb Code     0  startup_stm32f767xx.o(.text)
    LTDC_IRQHandler                          0x08000227   Thumb Code     0  startup_stm32f767xx.o(.text)
    MDIOS_IRQHandler                         0x08000227   Thumb Code     0  startup_stm32f767xx.o(.text)
    OTG_FS_IRQHandler                        0x08000227   Thumb Code     0  startup_stm32f767xx.o(.text)
    OTG_FS_WKUP_IRQHandler                   0x08000227   Thumb Code     0  startup_stm32f767xx.o(.text)
    OTG_HS_EP1_IN_IRQHandler                 0x08000227   Thumb Code     0  startup_stm32f767xx.o(.text)
    OTG_HS_EP1_OUT_IRQHandler                0x08000227   Thumb Code     0  startup_stm32f767xx.o(.text)
    OTG_HS_IRQHandler                        0x08000227   Thumb Code     0  startup_stm32f767xx.o(.text)
    OTG_HS_WKUP_IRQHandler                   0x08000227   Thumb Code     0  startup_stm32f767xx.o(.text)
    PVD_IRQHandler                           0x08000227   Thumb Code     0  startup_stm32f767xx.o(.text)
    QUADSPI_IRQHandler                       0x08000227   Thumb Code     0  startup_stm32f767xx.o(.text)
    RCC_IRQHandler                           0x08000227   Thumb Code     0  startup_stm32f767xx.o(.text)
    RNG_IRQHandler                           0x08000227   Thumb Code     0  startup_stm32f767xx.o(.text)
    RTC_Alarm_IRQHandler                     0x08000227   Thumb Code     0  startup_stm32f767xx.o(.text)
    RTC_WKUP_IRQHandler                      0x08000227   Thumb Code     0  startup_stm32f767xx.o(.text)
    SAI1_IRQHandler                          0x08000227   Thumb Code     0  startup_stm32f767xx.o(.text)
    SAI2_IRQHandler                          0x08000227   Thumb Code     0  startup_stm32f767xx.o(.text)
    SDMMC1_IRQHandler                        0x08000227   Thumb Code     0  startup_stm32f767xx.o(.text)
    SDMMC2_IRQHandler                        0x08000227   Thumb Code     0  startup_stm32f767xx.o(.text)
    SPDIF_RX_IRQHandler                      0x08000227   Thumb Code     0  startup_stm32f767xx.o(.text)
    SPI1_IRQHandler                          0x08000227   Thumb Code     0  startup_stm32f767xx.o(.text)
    SPI2_IRQHandler                          0x08000227   Thumb Code     0  startup_stm32f767xx.o(.text)
    SPI3_IRQHandler                          0x08000227   Thumb Code     0  startup_stm32f767xx.o(.text)
    SPI4_IRQHandler                          0x08000227   Thumb Code     0  startup_stm32f767xx.o(.text)
    SPI5_IRQHandler                          0x08000227   Thumb Code     0  startup_stm32f767xx.o(.text)
    SPI6_IRQHandler                          0x08000227   Thumb Code     0  startup_stm32f767xx.o(.text)
    TAMP_STAMP_IRQHandler                    0x08000227   Thumb Code     0  startup_stm32f767xx.o(.text)
    TIM1_BRK_TIM9_IRQHandler                 0x08000227   Thumb Code     0  startup_stm32f767xx.o(.text)
    TIM1_CC_IRQHandler                       0x08000227   Thumb Code     0  startup_stm32f767xx.o(.text)
    TIM1_TRG_COM_TIM11_IRQHandler            0x08000227   Thumb Code     0  startup_stm32f767xx.o(.text)
    TIM1_UP_TIM10_IRQHandler                 0x08000227   Thumb Code     0  startup_stm32f767xx.o(.text)
    TIM2_IRQHandler                          0x08000227   Thumb Code     0  startup_stm32f767xx.o(.text)
    TIM3_IRQHandler                          0x08000227   Thumb Code     0  startup_stm32f767xx.o(.text)
    TIM4_IRQHandler                          0x08000227   Thumb Code     0  startup_stm32f767xx.o(.text)
    TIM5_IRQHandler                          0x08000227   Thumb Code     0  startup_stm32f767xx.o(.text)
    TIM7_IRQHandler                          0x08000227   Thumb Code     0  startup_stm32f767xx.o(.text)
    TIM8_BRK_TIM12_IRQHandler                0x08000227   Thumb Code     0  startup_stm32f767xx.o(.text)
    TIM8_CC_IRQHandler                       0x08000227   Thumb Code     0  startup_stm32f767xx.o(.text)
    TIM8_TRG_COM_TIM14_IRQHandler            0x08000227   Thumb Code     0  startup_stm32f767xx.o(.text)
    TIM8_UP_TIM13_IRQHandler                 0x08000227   Thumb Code     0  startup_stm32f767xx.o(.text)
    UART5_IRQHandler                         0x08000227   Thumb Code     0  startup_stm32f767xx.o(.text)
    UART7_IRQHandler                         0x08000227   Thumb Code     0  startup_stm32f767xx.o(.text)
    UART8_IRQHandler                         0x08000227   Thumb Code     0  startup_stm32f767xx.o(.text)
    USART1_IRQHandler                        0x08000227   Thumb Code     0  startup_stm32f767xx.o(.text)
    USART2_IRQHandler                        0x08000227   Thumb Code     0  startup_stm32f767xx.o(.text)
    USART3_IRQHandler                        0x08000227   Thumb Code     0  startup_stm32f767xx.o(.text)
    USART6_IRQHandler                        0x08000227   Thumb Code     0  startup_stm32f767xx.o(.text)
    WWDG_IRQHandler                          0x08000227   Thumb Code     0  startup_stm32f767xx.o(.text)
    __aeabi_uldivmod                         0x08000231   Thumb Code    98  uldiv.o(.text)
    __aeabi_memcpy                           0x08000293   Thumb Code    36  memcpya.o(.text)
    __aeabi_memcpy4                          0x08000293   Thumb Code     0  memcpya.o(.text)
    __aeabi_memcpy8                          0x08000293   Thumb Code     0  memcpya.o(.text)
    __aeabi_memset                           0x080002b7   Thumb Code    14  memseta.o(.text)
    __aeabi_memset4                          0x080002b7   Thumb Code     0  memseta.o(.text)
    __aeabi_memset8                          0x080002b7   Thumb Code     0  memseta.o(.text)
    __aeabi_memclr                           0x080002c5   Thumb Code     4  memseta.o(.text)
    __aeabi_memclr4                          0x080002c5   Thumb Code     0  memseta.o(.text)
    __aeabi_memclr8                          0x080002c5   Thumb Code     0  memseta.o(.text)
    _memset$wrapper                          0x080002c9   Thumb Code    18  memseta.o(.text)
    strncmp                                  0x080002db   Thumb Code    30  strncmp.o(.text)
    __aeabi_llsl                             0x080002f9   Thumb Code    30  llshl.o(.text)
    _ll_shift_l                              0x080002f9   Thumb Code     0  llshl.o(.text)
    __aeabi_llsr                             0x08000317   Thumb Code    32  llushr.o(.text)
    _ll_ushift_r                             0x08000317   Thumb Code     0  llushr.o(.text)
    __scatterload                            0x08000339   Thumb Code    28  init.o(.text)
    __scatterload_rt2                        0x08000339   Thumb Code     0  init.o(.text)
    ADC_IRQHandler                           0x08000b95   Thumb Code     6  stm32f7xx_it.o(i.ADC_IRQHandler)
    BusFault_Handler                         0x08001129   Thumb Code     2  stm32f7xx_it.o(i.BusFault_Handler)
    Buzzer_init_Outputs_wrapper              0x0800112d   Thumb Code    16  buzzer_init_wrapper.o(i.Buzzer_init_Outputs_wrapper)
    CAN2_RX0_IRQHandler                      0x08001141   Thumb Code     6  stm32f7xx_it.o(i.CAN2_RX0_IRQHandler)
    CAN2_RX1_IRQHandler                      0x0800114d   Thumb Code     6  stm32f7xx_it.o(i.CAN2_RX1_IRQHandler)
    CAN2_TX_IRQHandler                       0x08001159   Thumb Code     6  stm32f7xx_it.o(i.CAN2_TX_IRQHandler)
    CAN_Filter_Setup_Outputs_wrapper         0x08001165   Thumb Code   202  can_filter_setup_wrapper.o(i.CAN_Filter_Setup_Outputs_wrapper)
    CAN_Restart_Outputs_wrapper              0x08001239   Thumb Code    38  can_restart_wrapper.o(i.CAN_Restart_Outputs_wrapper)
    CAN_Start_Outputs_wrapper                0x08001265   Thumb Code    40  can_start_wrapper.o(i.CAN_Start_Outputs_wrapper)
    ClutchMotor_init_Outputs_wrapper         0x08001291   Thumb Code    24  clutchmotor_init_wrapper.o(i.ClutchMotor_init_Outputs_wrapper)
    ClutchMotor_setPWMRegister_Outputs_wrapper 0x080012ad   Thumb Code    48  clutchmotor_setpwmregister_wrapper.o(i.ClutchMotor_setPWMRegister_Outputs_wrapper)
    ClutchMotor_setPosition_Outputs_wrapper  0x080012f1   Thumb Code    54  clutchmotor_setposition_wrapper.o(i.ClutchMotor_setPosition_Outputs_wrapper)
    DMA1_Stream4_IRQHandler                  0x08001579   Thumb Code     6  stm32f7xx_it.o(i.DMA1_Stream4_IRQHandler)
    DMA2_Stream0_IRQHandler                  0x08001585   Thumb Code     6  stm32f7xx_it.o(i.DMA2_Stream0_IRQHandler)
    DebugMon_Handler                         0x08001635   Thumb Code     2  stm32f7xx_it.o(i.DebugMon_Handler)
    Eeprom_init_Outputs_wrapper              0x08001639   Thumb Code    44  eeprom_init_wrapper.o(i.Eeprom_init_Outputs_wrapper)
    Eeprom_read_Outputs_wrapper              0x0800166d   Thumb Code    44  eeprom_read_wrapper.o(i.Eeprom_read_Outputs_wrapper)
    Eeprom_write_Outputs_wrapper             0x0800169d   Thumb Code    82  eeprom_write_wrapper.o(i.Eeprom_write_Outputs_wrapper)
    Efi_init_Outputs_wrapper                 0x080016fd   Thumb Code    14  efi_init_wrapper.o(i.Efi_init_Outputs_wrapper)
    Efi_setCut_Outputs_wrapper               0x0800170d   Thumb Code    10  efi_setcut_wrapper.o(i.Efi_setCut_Outputs_wrapper)
    Efi_setMap_Outputs_wrapper               0x0800171d   Thumb Code    10  efi_setmap_wrapper.o(i.Efi_setMap_Outputs_wrapper)
    Efi_setRPMLimiter_Outputs_wrapper        0x0800172d   Thumb Code    10  efi_setrpmlimiter_wrapper.o(i.Efi_setRPMLimiter_Outputs_wrapper)
    Efi_unsetCut_Outputs_wrapper             0x0800173d   Thumb Code    10  efi_unsetcut_wrapper.o(i.Efi_unsetCut_Outputs_wrapper)
    Efi_unsetRPMLimiter_Outputs_wrapper      0x0800174d   Thumb Code    10  efi_unsetrpmlimiter_wrapper.o(i.Efi_unsetRPMLimiter_Outputs_wrapper)
    EngineControl_start_Outputs_wrapper      0x08001771   Thumb Code    14  enginecontrol_start_wrapper.o(i.EngineControl_start_Outputs_wrapper)
    EngineControl_stop_Outputs_wrapper       0x08001785   Thumb Code    16  enginecontrol_stop_wrapper.o(i.EngineControl_stop_Outputs_wrapper)
    Error_Handler                            0x08001799   Thumb Code     2  main.o(i.Error_Handler)
    FuelPump_init_Outputs_wrapper            0x080019cd   Thumb Code    16  fuelpump_init_wrapper.o(i.FuelPump_init_Outputs_wrapper)
    GCU_Model_genCode_initialize             0x080019e1   Thumb Code   426  gcu_model_gencode.o(i.GCU_Model_genCode_initialize)
    GCU_Model_genCode_step1                  0x08001b95   Thumb Code  2840  gcu_model_gencode.o(i.GCU_Model_genCode_step1)
    GCU_Model_genCode_step2                  0x080026c9   Thumb Code  1168  gcu_model_gencode.o(i.GCU_Model_genCode_step2)
    GCU_Model_genCode_step3                  0x08002b59   Thumb Code   286  gcu_model_gencode.o(i.GCU_Model_genCode_step3)
    GCU_Model_genCode_step4                  0x08002c85   Thumb Code   762  gcu_model_gencode.o(i.GCU_Model_genCode_step4)
    GCU_Model_genCode_step5                  0x08003005   Thumb Code   470  gcu_model_gencode.o(i.GCU_Model_genCode_step5)
    GCU_Model_genCode_step6                  0x080031ed   Thumb Code   306  gcu_model_gencode.o(i.GCU_Model_genCode_step6)
    GearMotor_brake_Outputs_wrapper          0x08003681   Thumb Code    48  gearmotor_brake_wrapper.o(i.GearMotor_brake_Outputs_wrapper)
    GearMotor_init_Outputs_wrapper           0x080036b5   Thumb Code    10  gearmotor_init_wrapper.o(i.GearMotor_init_Outputs_wrapper)
    GearMotor_release_Outputs_wrapper        0x080036c1   Thumb Code    14  gearmotor_release_wrapper.o(i.GearMotor_release_Outputs_wrapper)
    GearMotor_turnLeft_Outputs_wrapper       0x080036d5   Thumb Code    48  gearmotor_turnleft_wrapper.o(i.GearMotor_turnLeft_Outputs_wrapper)
    GearMotor_turnRight_Outputs_wrapper      0x08003709   Thumb Code    48  gearmotor_turnright_wrapper.o(i.GearMotor_turnRight_Outputs_wrapper)
    HAL_ADCEx_InjectedConvCpltCallback       0x08003855   Thumb Code     2  stm32f7xx_hal_adc_ex.o(i.HAL_ADCEx_InjectedConvCpltCallback)
    HAL_ADC_ConfigChannel                    0x08003859   Thumb Code   338  stm32f7xx_hal_adc.o(i.HAL_ADC_ConfigChannel)
    HAL_ADC_ConvCpltCallback                 0x080039bd   Thumb Code    14  adc_1.o(i.HAL_ADC_ConvCpltCallback)
    HAL_ADC_ConvHalfCpltCallback             0x080039d1   Thumb Code     2  stm32f7xx_hal_adc.o(i.HAL_ADC_ConvHalfCpltCallback)
    HAL_ADC_ErrorCallback                    0x080039d3   Thumb Code     2  stm32f7xx_hal_adc.o(i.HAL_ADC_ErrorCallback)
    HAL_ADC_IRQHandler                       0x080039d5   Thumb Code   316  stm32f7xx_hal_adc.o(i.HAL_ADC_IRQHandler)
    HAL_ADC_Init                             0x08003b11   Thumb Code    84  stm32f7xx_hal_adc.o(i.HAL_ADC_Init)
    HAL_ADC_LevelOutOfWindowCallback         0x08003b65   Thumb Code     2  stm32f7xx_hal_adc.o(i.HAL_ADC_LevelOutOfWindowCallback)
    HAL_ADC_MspInit                          0x08003b69   Thumb Code   206  adc_1.o(i.HAL_ADC_MspInit)
    HAL_ADC_Start_DMA                        0x08003c55   Thumb Code   260  stm32f7xx_hal_adc.o(i.HAL_ADC_Start_DMA)
    HAL_CAN_ActivateNotification             0x08003d75   Thumb Code    36  stm32f7xx_hal_can.o(i.HAL_CAN_ActivateNotification)
    HAL_CAN_AddTxMessage                     0x08003d99   Thumb Code   214  stm32f7xx_hal_can.o(i.HAL_CAN_AddTxMessage)
    HAL_CAN_ConfigFilter                     0x08003e71   Thumb Code   278  stm32f7xx_hal_can.o(i.HAL_CAN_ConfigFilter)
    HAL_CAN_ErrorCallback                    0x08003f91   Thumb Code     2  stm32f7xx_hal_can.o(i.HAL_CAN_ErrorCallback)
    HAL_CAN_GetRxMessage                     0x08003f95   Thumb Code   250  stm32f7xx_hal_can.o(i.HAL_CAN_GetRxMessage)
    HAL_CAN_IRQHandler                       0x0800408f   Thumb Code   508  stm32f7xx_hal_can.o(i.HAL_CAN_IRQHandler)
    HAL_CAN_Init                             0x0800428b   Thumb Code   282  stm32f7xx_hal_can.o(i.HAL_CAN_Init)
    HAL_CAN_MspInit                          0x080043a5   Thumb Code   168  can.o(i.HAL_CAN_MspInit)
    HAL_CAN_RxFifo0FullCallback              0x08004459   Thumb Code     2  stm32f7xx_hal_can.o(i.HAL_CAN_RxFifo0FullCallback)
    HAL_CAN_RxFifo0MsgPendingCallback        0x0800445d   Thumb Code    86  can.o(i.HAL_CAN_RxFifo0MsgPendingCallback)
    HAL_CAN_RxFifo1FullCallback              0x080044c5   Thumb Code     2  stm32f7xx_hal_can.o(i.HAL_CAN_RxFifo1FullCallback)
    HAL_CAN_RxFifo1MsgPendingCallback        0x080044c7   Thumb Code     2  stm32f7xx_hal_can.o(i.HAL_CAN_RxFifo1MsgPendingCallback)
    HAL_CAN_SleepCallback                    0x080044c9   Thumb Code     2  stm32f7xx_hal_can.o(i.HAL_CAN_SleepCallback)
    HAL_CAN_Start                            0x080044cd   Thumb Code    88  stm32f7xx_hal_can.o(i.HAL_CAN_Start)
    HAL_CAN_TxMailbox0AbortCallback          0x08004525   Thumb Code     2  stm32f7xx_hal_can.o(i.HAL_CAN_TxMailbox0AbortCallback)
    HAL_CAN_TxMailbox0CompleteCallback       0x08004527   Thumb Code     2  stm32f7xx_hal_can.o(i.HAL_CAN_TxMailbox0CompleteCallback)
    HAL_CAN_TxMailbox1AbortCallback          0x08004529   Thumb Code     2  stm32f7xx_hal_can.o(i.HAL_CAN_TxMailbox1AbortCallback)
    HAL_CAN_TxMailbox1CompleteCallback       0x0800452b   Thumb Code     2  stm32f7xx_hal_can.o(i.HAL_CAN_TxMailbox1CompleteCallback)
    HAL_CAN_TxMailbox2AbortCallback          0x0800452d   Thumb Code     2  stm32f7xx_hal_can.o(i.HAL_CAN_TxMailbox2AbortCallback)
    HAL_CAN_TxMailbox2CompleteCallback       0x0800452f   Thumb Code     2  stm32f7xx_hal_can.o(i.HAL_CAN_TxMailbox2CompleteCallback)
    HAL_CAN_WakeUpFromRxMsgCallback          0x08004531   Thumb Code     2  stm32f7xx_hal_can.o(i.HAL_CAN_WakeUpFromRxMsgCallback)
    HAL_DMA_Abort_IT                         0x08004533   Thumb Code    36  stm32f7xx_hal_dma.o(i.HAL_DMA_Abort_IT)
    HAL_DMA_IRQHandler                       0x08004559   Thumb Code   412  stm32f7xx_hal_dma.o(i.HAL_DMA_IRQHandler)
    HAL_DMA_Init                             0x080046f9   Thumb Code   222  stm32f7xx_hal_dma.o(i.HAL_DMA_Init)
    HAL_DMA_Start_IT                         0x080047dd   Thumb Code   122  stm32f7xx_hal_dma.o(i.HAL_DMA_Start_IT)
    HAL_Delay                                0x08004859   Thumb Code    32  stm32f7xx_hal.o(i.HAL_Delay)
    HAL_GPIO_Init                            0x0800487d   Thumb Code   418  stm32f7xx_hal_gpio.o(i.HAL_GPIO_Init)
    HAL_GPIO_ReadPin                         0x08004a55   Thumb Code    10  stm32f7xx_hal_gpio.o(i.HAL_GPIO_ReadPin)
    HAL_GPIO_TogglePin                       0x08004a5f   Thumb Code    14  stm32f7xx_hal_gpio.o(i.HAL_GPIO_TogglePin)
    HAL_GPIO_WritePin                        0x08004a6d   Thumb Code    10  stm32f7xx_hal_gpio.o(i.HAL_GPIO_WritePin)
    HAL_GetTick                              0x08004a79   Thumb Code     6  stm32f7xx_hal.o(i.HAL_GetTick)
    HAL_I2CEx_ConfigAnalogFilter             0x08004a85   Thumb Code    88  stm32f7xx_hal_i2c_ex.o(i.HAL_I2CEx_ConfigAnalogFilter)
    HAL_I2CEx_ConfigDigitalFilter            0x08004add   Thumb Code    84  stm32f7xx_hal_i2c_ex.o(i.HAL_I2CEx_ConfigDigitalFilter)
    HAL_I2C_AbortCpltCallback                0x08004b31   Thumb Code     2  stm32f7xx_hal_i2c.o(i.HAL_I2C_AbortCpltCallback)
    HAL_I2C_AddrCallback                     0x08004b33   Thumb Code     2  stm32f7xx_hal_i2c.o(i.HAL_I2C_AddrCallback)
    HAL_I2C_EV_IRQHandler                    0x08004b35   Thumb Code    16  stm32f7xx_hal_i2c.o(i.HAL_I2C_EV_IRQHandler)
    HAL_I2C_ErrorCallback                    0x08004b45   Thumb Code     2  stm32f7xx_hal_i2c.o(i.HAL_I2C_ErrorCallback)
    HAL_I2C_Init                             0x08004b49   Thumb Code   180  stm32f7xx_hal_i2c.o(i.HAL_I2C_Init)
    HAL_I2C_ListenCpltCallback               0x08004c01   Thumb Code     2  stm32f7xx_hal_i2c.o(i.HAL_I2C_ListenCpltCallback)
    HAL_I2C_MasterRxCpltCallback             0x08004c03   Thumb Code     2  stm32f7xx_hal_i2c.o(i.HAL_I2C_MasterRxCpltCallback)
    HAL_I2C_MasterTxCpltCallback             0x08004c05   Thumb Code     2  stm32f7xx_hal_i2c.o(i.HAL_I2C_MasterTxCpltCallback)
    HAL_I2C_MemRxCpltCallback                0x08004c07   Thumb Code     2  stm32f7xx_hal_i2c.o(i.HAL_I2C_MemRxCpltCallback)
    HAL_I2C_MemTxCpltCallback                0x08004c09   Thumb Code     2  stm32f7xx_hal_i2c.o(i.HAL_I2C_MemTxCpltCallback)
    HAL_I2C_Mem_Read                         0x08004c0d   Thumb Code   346  stm32f7xx_hal_i2c.o(i.HAL_I2C_Mem_Read)
    HAL_I2C_Mem_Write_IT                     0x08004d71   Thumb Code   180  stm32f7xx_hal_i2c.o(i.HAL_I2C_Mem_Write_IT)
    HAL_I2C_MspInit                          0x08004e2d   Thumb Code   102  i2c.o(i.HAL_I2C_MspInit)
    HAL_I2C_SlaveRxCpltCallback              0x08004ea1   Thumb Code     2  stm32f7xx_hal_i2c.o(i.HAL_I2C_SlaveRxCpltCallback)
    HAL_I2C_SlaveTxCpltCallback              0x08004ea3   Thumb Code     2  stm32f7xx_hal_i2c.o(i.HAL_I2C_SlaveTxCpltCallback)
    HAL_IncTick                              0x08004ea5   Thumb Code    12  stm32f7xx_hal.o(i.HAL_IncTick)
    HAL_Init                                 0x08004eb5   Thumb Code    22  stm32f7xx_hal.o(i.HAL_Init)
    HAL_InitTick                             0x08004ecd   Thumb Code    54  stm32f7xx_hal.o(i.HAL_InitTick)
    HAL_MspInit                              0x08004f0d   Thumb Code    42  stm32f7xx_hal_msp.o(i.HAL_MspInit)
    HAL_NVIC_EnableIRQ                       0x08004f3d   Thumb Code    26  stm32f7xx_hal_cortex.o(i.HAL_NVIC_EnableIRQ)
    HAL_NVIC_SetPriority                     0x08004f59   Thumb Code    60  stm32f7xx_hal_cortex.o(i.HAL_NVIC_SetPriority)
    HAL_NVIC_SetPriorityGrouping             0x08004f99   Thumb Code    28  stm32f7xx_hal_cortex.o(i.HAL_NVIC_SetPriorityGrouping)
    HAL_PWREx_EnableOverDrive                0x08004fbd   Thumb Code   100  stm32f7xx_hal_pwr_ex.o(i.HAL_PWREx_EnableOverDrive)
    HAL_RCCEx_PeriphCLKConfig                0x08005029   Thumb Code  1336  stm32f7xx_hal_rcc_ex.o(i.HAL_RCCEx_PeriphCLKConfig)
    HAL_RCC_ClockConfig                      0x08005565   Thumb Code   282  stm32f7xx_hal_rcc.o(i.HAL_RCC_ClockConfig)
    HAL_RCC_GetPCLK1Freq                     0x08005691   Thumb Code    20  stm32f7xx_hal_rcc.o(i.HAL_RCC_GetPCLK1Freq)
    HAL_RCC_GetPCLK2Freq                     0x080056b1   Thumb Code    20  stm32f7xx_hal_rcc.o(i.HAL_RCC_GetPCLK2Freq)
    HAL_RCC_GetSysClockFreq                  0x080056d1   Thumb Code    88  stm32f7xx_hal_rcc.o(i.HAL_RCC_GetSysClockFreq)
    HAL_RCC_OscConfig                        0x08005731   Thumb Code   814  stm32f7xx_hal_rcc.o(i.HAL_RCC_OscConfig)
    HAL_SYSTICK_Config                       0x08005a6d   Thumb Code    38  stm32f7xx_hal_cortex.o(i.HAL_SYSTICK_Config)
    HAL_TIMEx_Break2Callback                 0x08005a93   Thumb Code     2  stm32f7xx_hal_tim_ex.o(i.HAL_TIMEx_Break2Callback)
    HAL_TIMEx_BreakCallback                  0x08005a95   Thumb Code     2  stm32f7xx_hal_tim_ex.o(i.HAL_TIMEx_BreakCallback)
    HAL_TIMEx_CommutCallback                 0x08005a97   Thumb Code     2  stm32f7xx_hal_tim_ex.o(i.HAL_TIMEx_CommutCallback)
    HAL_TIMEx_ConfigBreakDeadTime            0x08005a99   Thumb Code   150  stm32f7xx_hal_tim_ex.o(i.HAL_TIMEx_ConfigBreakDeadTime)
    HAL_TIMEx_MasterConfigSynchronization    0x08005b39   Thumb Code    88  stm32f7xx_hal_tim_ex.o(i.HAL_TIMEx_MasterConfigSynchronization)
    HAL_TIM_Base_Init                        0x08005b99   Thumb Code    54  stm32f7xx_hal_tim.o(i.HAL_TIM_Base_Init)
    HAL_TIM_Base_MspInit                     0x08005bd1   Thumb Code    50  tim.o(i.HAL_TIM_Base_MspInit)
    HAL_TIM_Base_Start_IT                    0x08005c0d   Thumb Code    40  stm32f7xx_hal_tim.o(i.HAL_TIM_Base_Start_IT)
    HAL_TIM_IC_CaptureCallback               0x08005c39   Thumb Code     2  stm32f7xx_hal_tim.o(i.HAL_TIM_IC_CaptureCallback)
    HAL_TIM_IRQHandler                       0x08005c3b   Thumb Code   386  stm32f7xx_hal_tim.o(i.HAL_TIM_IRQHandler)
    HAL_TIM_MspPostInit                      0x08005dbd   Thumb Code   148  tim.o(i.HAL_TIM_MspPostInit)
    HAL_TIM_OC_ConfigChannel                 0x08005e65   Thumb Code   114  stm32f7xx_hal_tim.o(i.HAL_TIM_OC_ConfigChannel)
    HAL_TIM_OC_DelayElapsedCallback          0x08005ed7   Thumb Code     2  stm32f7xx_hal_tim.o(i.HAL_TIM_OC_DelayElapsedCallback)
    HAL_TIM_OC_Init                          0x08005ed9   Thumb Code    54  stm32f7xx_hal_tim.o(i.HAL_TIM_OC_Init)
    HAL_TIM_OC_MspInit                       0x08005f0f   Thumb Code     2  stm32f7xx_hal_tim.o(i.HAL_TIM_OC_MspInit)
    HAL_TIM_PWM_ConfigChannel                0x08005f11   Thumb Code   296  stm32f7xx_hal_tim.o(i.HAL_TIM_PWM_ConfigChannel)
    HAL_TIM_PWM_Init                         0x08006039   Thumb Code    54  stm32f7xx_hal_tim.o(i.HAL_TIM_PWM_Init)
    HAL_TIM_PWM_MspInit                      0x08006071   Thumb Code    62  tim.o(i.HAL_TIM_PWM_MspInit)
    HAL_TIM_PWM_PulseFinishedCallback        0x080060c1   Thumb Code     2  stm32f7xx_hal_tim.o(i.HAL_TIM_PWM_PulseFinishedCallback)
    HAL_TIM_PWM_Start                        0x080060c5   Thumb Code    64  stm32f7xx_hal_tim.o(i.HAL_TIM_PWM_Start)
    HAL_TIM_PeriodElapsedCallback            0x08006111   Thumb Code    86  tim.o(i.HAL_TIM_PeriodElapsedCallback)
    HAL_TIM_TriggerCallback                  0x08006175   Thumb Code     2  stm32f7xx_hal_tim.o(i.HAL_TIM_TriggerCallback)
    HAL_UART_ErrorCallback                   0x08006177   Thumb Code     2  stm32f7xx_hal_uart.o(i.HAL_UART_ErrorCallback)
    HAL_UART_IRQHandler                      0x08006179   Thumb Code   292  stm32f7xx_hal_uart.o(i.HAL_UART_IRQHandler)
    HAL_UART_Init                            0x080062a1   Thumb Code   102  stm32f7xx_hal_uart.o(i.HAL_UART_Init)
    HAL_UART_MspInit                         0x08006309   Thumb Code   152  usart.o(i.HAL_UART_MspInit)
    HAL_UART_Receive_IT                      0x080063b5   Thumb Code   164  stm32f7xx_hal_uart.o(i.HAL_UART_Receive_IT)
    HAL_UART_RxCpltCallback                  0x08006461   Thumb Code   306  usart.o(i.HAL_UART_RxCpltCallback)
    HAL_UART_Transmit_DMA                    0x080065a9   Thumb Code   134  stm32f7xx_hal_uart.o(i.HAL_UART_Transmit_DMA)
    HAL_UART_TxCpltCallback                  0x0800663d   Thumb Code     2  stm32f7xx_hal_uart.o(i.HAL_UART_TxCpltCallback)
    HAL_UART_TxHalfCpltCallback              0x0800663f   Thumb Code     2  stm32f7xx_hal_uart.o(i.HAL_UART_TxHalfCpltCallback)
    HardFault_Handler                        0x08006641   Thumb Code     2  stm32f7xx_it.o(i.HardFault_Handler)
    I2C1_EV_IRQHandler                       0x08006645   Thumb Code     6  stm32f7xx_it.o(i.I2C1_EV_IRQHandler)
    InitTimer_Outputs_wrapper                0x08007221   Thumb Code     6  inittimer_wrapper.o(i.InitTimer_Outputs_wrapper)
    InitUART_Outputs_wrapper                 0x0800722d   Thumb Code    10  inituart_wrapper.o(i.InitUART_Outputs_wrapper)
    MX_ADC1_Init                             0x080097fd   Thumb Code   262  adc_1.o(i.MX_ADC1_Init)
    MX_CAN2_Init                             0x08009911   Thumb Code    62  can.o(i.MX_CAN2_Init)
    MX_DMA_Init                              0x08009959   Thumb Code    72  dma.o(i.MX_DMA_Init)
    MX_GFXSIMULATOR_Init                     0x080099a5   Thumb Code     2  gfxsimulator.o(i.MX_GFXSIMULATOR_Init)
    MX_GPIO_Init                             0x080099a9   Thumb Code   318  gpio.o(i.MX_GPIO_Init)
    MX_I2C1_Init                             0x08009afd   Thumb Code    76  i2c.o(i.MX_I2C1_Init)
    MX_TIM1_Init                             0x08009b55   Thumb Code   212  tim.o(i.MX_TIM1_Init)
    MX_TIM2_Init                             0x08009c31   Thumb Code   110  tim.o(i.MX_TIM2_Init)
    MX_TIM5_Init                             0x08009ca5   Thumb Code   106  tim.o(i.MX_TIM5_Init)
    MX_TIM6_Init                             0x08009d19   Thumb Code    62  tim.o(i.MX_TIM6_Init)
    MX_UART4_Init                            0x08009d61   Thumb Code    52  usart.o(i.MX_UART4_Init)
    MemManage_Handler                        0x08009d9d   Thumb Code     2  stm32f7xx_it.o(i.MemManage_Handler)
    NMI_Handler                              0x08009e01   Thumb Code     2  stm32f7xx_it.o(i.NMI_Handler)
    PackCANMsg_Outputs_wrapper               0x08009e03   Thumb Code    46  packcanmsg_wrapper.o(i.PackCANMsg_Outputs_wrapper)
    PackUARTMsg_Outputs_wrapper              0x08009e31   Thumb Code    32  packuartmsg_wrapper.o(i.PackUARTMsg_Outputs_wrapper)
    PendSV_Handler                           0x08009e51   Thumb Code     2  stm32f7xx_it.o(i.PendSV_Handler)
    Read_oil_sensor_Outputs_wrapper          0x08009e55   Thumb Code    16  read_oil_sensor_wrapper.o(i.Read_oil_sensor_Outputs_wrapper)
    SVC_Handler                              0x08009e69   Thumb Code     2  stm32f7xx_it.o(i.SVC_Handler)
    ScanADC_Outputs_wrapper                  0x08009e6d   Thumb Code    10  scanadc_wrapper.o(i.ScanADC_Outputs_wrapper)
    StopLight_init_Outputs_wrapper           0x08009e81   Thumb Code    16  stoplight_init_wrapper.o(i.StopLight_init_Outputs_wrapper)
    SysTick_Handler                          0x08009e95   Thumb Code     4  stm32f7xx_it.o(i.SysTick_Handler)
    SystemClock_Config                       0x08009e99   Thumb Code   150  main.o(i.SystemClock_Config)
    SystemInit                               0x08009f39   Thumb Code    68  system_stm32f7xx.o(i.SystemInit)
    TIM6_DAC_IRQHandler                      0x08009f8d   Thumb Code     6  stm32f7xx_it.o(i.TIM6_DAC_IRQHandler)
    TIM_Base_SetConfig                       0x08009f99   Thumb Code   158  stm32f7xx_hal_tim.o(i.TIM_Base_SetConfig)
    TIM_CCxChannelCmd                        0x0800a065   Thumb Code    26  stm32f7xx_hal_tim.o(i.TIM_CCxChannelCmd)
    TIM_OC2_SetConfig                        0x0800a0f5   Thumb Code   108  stm32f7xx_hal_tim.o(i.TIM_OC2_SetConfig)
    UART4_IRQHandler                         0x0800a2ed   Thumb Code     6  stm32f7xx_it.o(i.UART4_IRQHandler)
    UART_AdvFeatureConfig                    0x0800a2f9   Thumb Code   200  stm32f7xx_hal_uart.o(i.UART_AdvFeatureConfig)
    UART_CheckIdleState                      0x0800a3c1   Thumb Code    60  stm32f7xx_hal_uart.o(i.UART_CheckIdleState)
    UART_SetConfig                           0x0800a575   Thumb Code   546  stm32f7xx_hal_uart.o(i.UART_SetConfig)
    UART_WaitOnFlagUntilTimeout              0x0800a7c9   Thumb Code    96  stm32f7xx_hal_uart.o(i.UART_WaitOnFlagUntilTimeout)
    UnpackCanUART_Outputs_wrapper            0x0800a829   Thumb Code    38  unpackcanuart_wrapper.o(i.UnpackCanUART_Outputs_wrapper)
    UsageFault_Handler                       0x0800a84f   Thumb Code     2  stm32f7xx_it.o(i.UsageFault_Handler)
    __scatterload_copy                       0x0800a873   Thumb Code    14  handlers.o(i.__scatterload_copy)
    __scatterload_null                       0x0800a881   Thumb Code     2  handlers.o(i.__scatterload_null)
    __scatterload_zeroinit                   0x0800a883   Thumb Code    14  handlers.o(i.__scatterload_zeroinit)
    activateBuzzer_Outputs_wrapper           0x0800a8ed   Thumb Code    12  activatebuzzer_wrapper.o(i.activateBuzzer_Outputs_wrapper)
    load_accParameters_Outputs_wrapper       0x0800ab85   Thumb Code    52  load_accparameters_wrapper.o(i.load_accParameters_Outputs_wrapper)
    load_antiStallParameters_Outputs_wrapper 0x0800abb9   Thumb Code    16  load_antistallparameters_wrapper.o(i.load_antiStallParameters_Outputs_wrapper)
    load_autoXParameters_Outputs_wrapper     0x0800abc9   Thumb Code    52  load_autoxparameters_wrapper.o(i.load_autoXParameters_Outputs_wrapper)
    load_default_timings_Outputs_wrapper     0x0800abfd   Thumb Code    76  load_default_timings_wrapper.o(i.load_default_timings_Outputs_wrapper)
    main                                     0x0800ace9   Thumb Code   142  main.o(i.main)
    rtGetInf                                 0x0800ad81   Thumb Code    16  gcu_model_gencode.o(i.rtGetInf)
    rtGetMinusInf                            0x0800ad95   Thumb Code    16  gcu_model_gencode.o(i.rtGetMinusInf)
    rtGetNaN                                 0x0800ada9   Thumb Code    16  gcu_model_gencode.o(i.rtGetNaN)
    rtGetNaNF                                0x0800adbd   Thumb Code     8  gcu_model_gencode.o(i.rtGetNaNF)
    rt_InitInfAndNaN                         0x0800adc9   Thumb Code    48  gcu_model_gencode.o(i.rt_InitInfAndNaN)
    sendCAN_Outputs_wrapper                  0x0800ae51   Thumb Code    48  sendcan_wrapper.o(i.sendCAN_Outputs_wrapper)
    sendEepromUART_Outputs_wrapper           0x0800ae8d   Thumb Code    44  sendeepromuart_wrapper.o(i.sendEepromUART_Outputs_wrapper)
    sendUART_Outputs_wrapper                 0x0800aec5   Thumb Code    50  senduart_wrapper.o(i.sendUART_Outputs_wrapper)
    setKeyOn_Outputs_wrapper                 0x0800af05   Thumb Code    20  setkeyon_wrapper.o(i.setKeyOn_Outputs_wrapper)
    stopBuzzer_Outputs_wrapper               0x0800b145   Thumb Code    10  stopbuzzer_wrapper.o(i.stopBuzzer_Outputs_wrapper)
    update_ADC_data_Outputs_wrapper          0x0800b309   Thumb Code    20  update_adc_data_wrapper.o(i.update_ADC_data_Outputs_wrapper)
    GCU_Model_genCode_U16GND                 0x0800b31c   Data           2  gcu_model_gencode.o(.constdata)
    rtM                                      0x0800b320   Data           4  gcu_model_gencode.o(.constdata)
    rtConstP                                 0x0800b328   Data         248  gcu_model_gencode_data.o(.constdata)
    AHBPrescTable                            0x0800b428   Data          16  system_stm32f7xx.o(.constdata)
    APBPrescTable                            0x0800b438   Data           8  system_stm32f7xx.o(.constdata)
    Region$$Table$$Base                      0x0800b440   Number         0  anon$$obj.o(Region$$Table)
    Region$$Table$$Limit                     0x0800b460   Number         0  anon$$obj.o(Region$$Table)
    rtM_                                     0x20000000   Data           8  gcu_model_gencode.o(.data)
    rtInfF                                   0x20000008   Data           4  gcu_model_gencode.o(.data)
    rtMinusInfF                              0x2000000c   Data           4  gcu_model_gencode.o(.data)
    rtNaNF                                   0x20000010   Data           4  gcu_model_gencode.o(.data)
    rtInf                                    0x20000018   Data           8  gcu_model_gencode.o(.data)
    rtMinusInf                               0x20000020   Data           8  gcu_model_gencode.o(.data)
    rtNaN                                    0x20000028   Data           8  gcu_model_gencode.o(.data)
    CAN_Received_0_Message_Data              0x20000030   Data           8  can.o(.data)
    GCU_Packet_Data                          0x20000038   Data           8  can.o(.data)
    sendUartFlag                             0x20000040   Data           1  tim.o(.data)
    timer6_counter1                          0x20000044   Data           4  tim.o(.data)
    timer6_counter2                          0x20000048   Data           4  tim.o(.data)
    timer6_counter3                          0x2000004c   Data           4  tim.o(.data)
    readData                                 0x20000050   Data           1  usart.o(.data)
    temp                                     0x20000051   Data           3  usart.o(.data)
    header                                   0x20000054   Data           4  usart.o(.data)
    headerEeprom                             0x20000058   Data           4  usart.o(.data)
    headerModEeprom                          0x2000005c   Data           4  usart.o(.data)
    flag                                     0x20000060   Data           4  usart.o(.data)
    uwTickFreq                               0x20000064   Data           1  stm32f7xx_hal.o(.data)
    uwTickPrio                               0x20000068   Data           4  stm32f7xx_hal.o(.data)
    uwTick                                   0x2000006c   Data           4  stm32f7xx_hal.o(.data)
    SystemCoreClock                          0x20000070   Data           4  system_stm32f7xx.o(.data)
    rtDW                                     0x20000078   Data        4152  gcu_model_gencode.o(.bss)
    rtU                                      0x200010b0   Data          96  gcu_model_gencode.o(.bss)
    rtY                                      0x20001110   Data         376  gcu_model_gencode.o(.bss)
    tempMsg                                  0x20001288   Data          44  main.o(.bss)
    tempEepromUartMsg                        0x200012b4   Data          22  main.o(.bss)
    tempEepromMsg                            0x200012ca   Data          16  main.o(.bss)
    hadc1                                    0x200012dc   Data          72  adc_1.o(.bss)
    hdma_adc1                                0x20001324   Data          96  adc_1.o(.bss)
    CAN_Filter_Config                        0x20001384   Data          40  can.o(.bss)
    CAN_Received_0_Message_Header            0x200013ac   Data          28  can.o(.bss)
    GCU_Packet_Header                        0x200013c8   Data          24  can.o(.bss)
    hcan2                                    0x200013e0   Data          40  can.o(.bss)
    hi2c1                                    0x20001408   Data          76  i2c.o(.bss)
    htim1                                    0x20001454   Data          64  tim.o(.bss)
    htim2                                    0x20001494   Data          64  tim.o(.bss)
    htim5                                    0x200014d4   Data          64  tim.o(.bss)
    htim6                                    0x20001514   Data          64  tim.o(.bss)
    rxData                                   0x20001554   Data          10  usart.o(.bss)
    rxDataEeprom                             0x2000155e   Data          20  usart.o(.bss)
    huart4                                   0x20001574   Data         128  usart.o(.bss)
    hdma_uart4_tx                            0x200015f4   Data          96  usart.o(.bss)
    __initial_sp                             0x20001a58   Data           0  startup_stm32f767xx.o(STACK)



==============================================================================

Memory Map of the image

  Image Entry point : 0x080001f9

  Load Region LR_IROM1 (Base: 0x08000000, Size: 0x0000b4d4, Max: 0x00200000, ABSOLUTE)

    Execution Region ER_IROM1 (Exec base: 0x08000000, Load base: 0x08000000, Size: 0x0000b460, Max: 0x00200000, ABSOLUTE)

    Exec Addr    Load Addr    Size         Type   Attr      Idx    E Section Name        Object

    0x08000000   0x08000000   0x000001f8   Data   RO            3    RESET               startup_stm32f767xx.o
    0x080001f8   0x080001f8   0x00000000   Code   RO         5754  * .ARM.Collect$$$$00000000  mc_w.l(entry.o)
    0x080001f8   0x080001f8   0x00000004   Code   RO         5767    .ARM.Collect$$$$00000001  mc_w.l(entry2.o)
    0x080001fc   0x080001fc   0x00000004   Code   RO         5770    .ARM.Collect$$$$00000004  mc_w.l(entry5.o)
    0x08000200   0x08000200   0x00000000   Code   RO         5772    .ARM.Collect$$$$00000008  mc_w.l(entry7b.o)
    0x08000200   0x08000200   0x00000000   Code   RO         5774    .ARM.Collect$$$$0000000A  mc_w.l(entry8b.o)
    0x08000200   0x08000200   0x00000008   Code   RO         5775    .ARM.Collect$$$$0000000B  mc_w.l(entry9a.o)
    0x08000208   0x08000208   0x00000000   Code   RO         5777    .ARM.Collect$$$$0000000D  mc_w.l(entry10a.o)
    0x08000208   0x08000208   0x00000000   Code   RO         5779    .ARM.Collect$$$$0000000F  mc_w.l(entry11a.o)
    0x08000208   0x08000208   0x00000004   Code   RO         5768    .ARM.Collect$$$$00002712  mc_w.l(entry2.o)
    0x0800020c   0x0800020c   0x00000024   Code   RO            4    .text               startup_stm32f767xx.o
    0x08000230   0x08000230   0x00000062   Code   RO         5757    .text               mc_w.l(uldiv.o)
    0x08000292   0x08000292   0x00000024   Code   RO         5759    .text               mc_w.l(memcpya.o)
    0x080002b6   0x080002b6   0x00000024   Code   RO         5761    .text               mc_w.l(memseta.o)
    0x080002da   0x080002da   0x0000001e   Code   RO         5763    .text               mc_w.l(strncmp.o)
    0x080002f8   0x080002f8   0x0000001e   Code   RO         5781    .text               mc_w.l(llshl.o)
    0x08000316   0x08000316   0x00000020   Code   RO         5783    .text               mc_w.l(llushr.o)
    0x08000336   0x08000336   0x00000002   PAD
    0x08000338   0x08000338   0x00000024   Code   RO         5785    .text               mc_w.l(init.o)
    0x0800035c   0x0800035c   0x00000444   Code   RO         1173    i.ACCELERATION      gcu_model_gencode.o
    0x080007a0   0x080007a0   0x00000364   Code   RO         1174    i.ACCELERATION_PID  gcu_model_gencode.o
    0x08000b04   0x08000b04   0x0000006e   Code   RO         2209    i.ADC_DMAConvCplt   stm32f7xx_hal_adc.o
    0x08000b72   0x08000b72   0x00000016   Code   RO         2210    i.ADC_DMAError      stm32f7xx_hal_adc.o
    0x08000b88   0x08000b88   0x0000000a   Code   RO         2211    i.ADC_DMAHalfConvCplt  stm32f7xx_hal_adc.o
    0x08000b92   0x08000b92   0x00000002   PAD
    0x08000b94   0x08000b94   0x0000000c   Code   RO         2055    i.ADC_IRQHandler    stm32f7xx_it.o
    0x08000ba0   0x08000ba0   0x00000138   Code   RO         2212    i.ADC_Init          stm32f7xx_hal_adc.o
    0x08000cd8   0x08000cd8   0x00000450   Code   RO         1175    i.AUTOCROSS         gcu_model_gencode.o
    0x08001128   0x08001128   0x00000002   Code   RO         2056    i.BusFault_Handler  stm32f7xx_it.o
    0x0800112a   0x0800112a   0x00000002   PAD
    0x0800112c   0x0800112c   0x00000014   Code   RO          938    i.Buzzer_init_Outputs_wrapper  buzzer_init_wrapper.o
    0x08001140   0x08001140   0x0000000c   Code   RO         2057    i.CAN2_RX0_IRQHandler  stm32f7xx_it.o
    0x0800114c   0x0800114c   0x0000000c   Code   RO         2058    i.CAN2_RX1_IRQHandler  stm32f7xx_it.o
    0x08001158   0x08001158   0x0000000c   Code   RO         2059    i.CAN2_TX_IRQHandler  stm32f7xx_it.o
    0x08001164   0x08001164   0x000000d4   Code   RO          702    i.CAN_Filter_Setup_Outputs_wrapper  can_filter_setup_wrapper.o
    0x08001238   0x08001238   0x0000002c   Code   RO         1151    i.CAN_Restart_Outputs_wrapper  can_restart_wrapper.o
    0x08001264   0x08001264   0x0000002c   Code   RO          727    i.CAN_Start_Outputs_wrapper  can_start_wrapper.o
    0x08001290   0x08001290   0x0000001c   Code   RO           13    i.ClutchMotor_init_Outputs_wrapper  clutchmotor_init_wrapper.o
    0x080012ac   0x080012ac   0x00000044   Code   RO         1126    i.ClutchMotor_setPWMRegister_Outputs_wrapper  clutchmotor_setpwmregister_wrapper.o
    0x080012f0   0x080012f0   0x0000004c   Code   RO          159    i.ClutchMotor_setPosition_Outputs_wrapper  clutchmotor_setposition_wrapper.o
    0x0800133c   0x0800133c   0x00000024   Code   RO         1176    i.Clutch_setValue   gcu_model_gencode.o
    0x08001360   0x08001360   0x00000218   Code   RO         1177    i.DEFAULT           gcu_model_gencode.o
    0x08001578   0x08001578   0x0000000c   Code   RO         2060    i.DMA1_Stream4_IRQHandler  stm32f7xx_it.o
    0x08001584   0x08001584   0x0000000c   Code   RO         2061    i.DMA2_Stream0_IRQHandler  stm32f7xx_it.o
    0x08001590   0x08001590   0x00000028   Code   RO         5074    i.DMA_CalcBaseAndBitshift  stm32f7xx_hal_dma.o
    0x080015b8   0x080015b8   0x00000054   Code   RO         5075    i.DMA_CheckFifoParam  stm32f7xx_hal_dma.o
    0x0800160c   0x0800160c   0x00000028   Code   RO         5076    i.DMA_SetConfig     stm32f7xx_hal_dma.o
    0x08001634   0x08001634   0x00000002   Code   RO         2062    i.DebugMon_Handler  stm32f7xx_it.o
    0x08001636   0x08001636   0x00000002   PAD
    0x08001638   0x08001638   0x00000034   Code   RO          823    i.Eeprom_init_Outputs_wrapper  eeprom_init_wrapper.o
    0x0800166c   0x0800166c   0x00000030   Code   RO          848    i.Eeprom_read_Outputs_wrapper  eeprom_read_wrapper.o
    0x0800169c   0x0800169c   0x00000060   Code   RO          873    i.Eeprom_write_Outputs_wrapper  eeprom_write_wrapper.o
    0x080016fc   0x080016fc   0x0000000e   Code   RO          193    i.Efi_init_Outputs_wrapper  efi_init_wrapper.o
    0x0800170a   0x0800170a   0x00000002   PAD
    0x0800170c   0x0800170c   0x00000010   Code   RO          224    i.Efi_setCut_Outputs_wrapper  efi_setcut_wrapper.o
    0x0800171c   0x0800171c   0x00000010   Code   RO         1087    i.Efi_setMap_Outputs_wrapper  efi_setmap_wrapper.o
    0x0800172c   0x0800172c   0x00000010   Code   RO          248    i.Efi_setRPMLimiter_Outputs_wrapper  efi_setrpmlimiter_wrapper.o
    0x0800173c   0x0800173c   0x00000010   Code   RO          284    i.Efi_unsetCut_Outputs_wrapper  efi_unsetcut_wrapper.o
    0x0800174c   0x0800174c   0x00000010   Code   RO          308    i.Efi_unsetRPMLimiter_Outputs_wrapper  efi_unsetrpmlimiter_wrapper.o
    0x0800175c   0x0800175c   0x00000012   Code   RO         1178    i.EngineControl_Start  gcu_model_gencode.o
    0x0800176e   0x0800176e   0x00000002   PAD
    0x08001770   0x08001770   0x00000014   Code   RO          332    i.EngineControl_start_Outputs_wrapper  enginecontrol_start_wrapper.o
    0x08001784   0x08001784   0x00000014   Code   RO          356    i.EngineControl_stop_Outputs_wrapper  enginecontrol_stop_wrapper.o
    0x08001798   0x08001798   0x00000002   Code   RO         1617    i.Error_Handler     main.o
    0x0800179a   0x0800179a   0x00000002   PAD
    0x0800179c   0x0800179c   0x00000230   Code   RO         1179    i.Evaluate_Request  gcu_model_gencode.o
    0x080019cc   0x080019cc   0x00000014   Code   RO         1062    i.FuelPump_init_Outputs_wrapper  fuelpump_init_wrapper.o
    0x080019e0   0x080019e0   0x000001b4   Code   RO         1180    i.GCU_Model_genCode_initialize  gcu_model_gencode.o
    0x08001b94   0x08001b94   0x00000b34   Code   RO         1182    i.GCU_Model_genCode_step1  gcu_model_gencode.o
    0x080026c8   0x080026c8   0x00000490   Code   RO         1183    i.GCU_Model_genCode_step2  gcu_model_gencode.o
    0x08002b58   0x08002b58   0x0000012c   Code   RO         1184    i.GCU_Model_genCode_step3  gcu_model_gencode.o
    0x08002c84   0x08002c84   0x00000380   Code   RO         1185    i.GCU_Model_genCode_step4  gcu_model_gencode.o
    0x08003004   0x08003004   0x000001e8   Code   RO         1186    i.GCU_Model_genCode_step5  gcu_model_gencode.o
    0x080031ec   0x080031ec   0x00000140   Code   RO         1187    i.GCU_Model_genCode_step6  gcu_model_gencode.o
    0x0800332c   0x0800332c   0x000002ec   Code   RO         1188    i.GEARSHIFT         gcu_model_gencode.o
    0x08003618   0x08003618   0x00000068   Code   RO         1189    i.GEARSHIFTcheckCurrent  gcu_model_gencode.o
    0x08003680   0x08003680   0x00000034   Code   RO          380    i.GearMotor_brake_Outputs_wrapper  gearmotor_brake_wrapper.o
    0x080036b4   0x080036b4   0x0000000a   Code   RO          404    i.GearMotor_init_Outputs_wrapper  gearmotor_init_wrapper.o
    0x080036be   0x080036be   0x00000002   PAD
    0x080036c0   0x080036c0   0x00000014   Code   RO          428    i.GearMotor_release_Outputs_wrapper  gearmotor_release_wrapper.o
    0x080036d4   0x080036d4   0x00000034   Code   RO          452    i.GearMotor_turnLeft_Outputs_wrapper  gearmotor_turnleft_wrapper.o
    0x08003708   0x08003708   0x00000034   Code   RO          476    i.GearMotor_turnRight_Outputs_wrapper  gearmotor_turnright_wrapper.o
    0x0800373c   0x0800373c   0x00000026   Code   RO         1190    i.Gearmotor_brake   gcu_model_gencode.o
    0x08003762   0x08003762   0x00000002   PAD
    0x08003764   0x08003764   0x0000001c   Code   RO         1191    i.Gearmotor_release  gcu_model_gencode.o
    0x08003780   0x08003780   0x00000026   Code   RO         1192    i.Gearmotor_turnRight  gcu_model_gencode.o
    0x080037a6   0x080037a6   0x00000002   PAD
    0x080037a8   0x080037a8   0x000000ac   Code   RO         1193    i.Gearshift_getTime  gcu_model_gencode.o
    0x08003854   0x08003854   0x00000002   Code   RO         2383    i.HAL_ADCEx_InjectedConvCpltCallback  stm32f7xx_hal_adc_ex.o
    0x08003856   0x08003856   0x00000002   PAD
    0x08003858   0x08003858   0x00000164   Code   RO         2214    i.HAL_ADC_ConfigChannel  stm32f7xx_hal_adc.o
    0x080039bc   0x080039bc   0x00000014   Code   RO         1711    i.HAL_ADC_ConvCpltCallback  adc_1.o
    0x080039d0   0x080039d0   0x00000002   Code   RO         2216    i.HAL_ADC_ConvHalfCpltCallback  stm32f7xx_hal_adc.o
    0x080039d2   0x080039d2   0x00000002   Code   RO         2218    i.HAL_ADC_ErrorCallback  stm32f7xx_hal_adc.o
    0x080039d4   0x080039d4   0x0000013c   Code   RO         2222    i.HAL_ADC_IRQHandler  stm32f7xx_hal_adc.o
    0x08003b10   0x08003b10   0x00000054   Code   RO         2223    i.HAL_ADC_Init      stm32f7xx_hal_adc.o
    0x08003b64   0x08003b64   0x00000002   Code   RO         2224    i.HAL_ADC_LevelOutOfWindowCallback  stm32f7xx_hal_adc.o
    0x08003b66   0x08003b66   0x00000002   PAD
    0x08003b68   0x08003b68   0x000000ec   Code   RO         1713    i.HAL_ADC_MspInit   adc_1.o
    0x08003c54   0x08003c54   0x00000120   Code   RO         2230    i.HAL_ADC_Start_DMA  stm32f7xx_hal_adc.o
    0x08003d74   0x08003d74   0x00000024   Code   RO         2485    i.HAL_CAN_ActivateNotification  stm32f7xx_hal_can.o
    0x08003d98   0x08003d98   0x000000d6   Code   RO         2486    i.HAL_CAN_AddTxMessage  stm32f7xx_hal_can.o
    0x08003e6e   0x08003e6e   0x00000002   PAD
    0x08003e70   0x08003e70   0x00000120   Code   RO         2487    i.HAL_CAN_ConfigFilter  stm32f7xx_hal_can.o
    0x08003f90   0x08003f90   0x00000002   Code   RO         2490    i.HAL_CAN_ErrorCallback  stm32f7xx_hal_can.o
    0x08003f92   0x08003f92   0x00000002   PAD
    0x08003f94   0x08003f94   0x000000fa   Code   RO         2493    i.HAL_CAN_GetRxMessage  stm32f7xx_hal_can.o
    0x0800408e   0x0800408e   0x000001fc   Code   RO         2497    i.HAL_CAN_IRQHandler  stm32f7xx_hal_can.o
    0x0800428a   0x0800428a   0x0000011a   Code   RO         2498    i.HAL_CAN_Init      stm32f7xx_hal_can.o
    0x080043a4   0x080043a4   0x000000b4   Code   RO         1765    i.HAL_CAN_MspInit   can.o
    0x08004458   0x08004458   0x00000002   Code   RO         2505    i.HAL_CAN_RxFifo0FullCallback  stm32f7xx_hal_can.o
    0x0800445a   0x0800445a   0x00000002   PAD
    0x0800445c   0x0800445c   0x00000068   Code   RO         1766    i.HAL_CAN_RxFifo0MsgPendingCallback  can.o
    0x080044c4   0x080044c4   0x00000002   Code   RO         2507    i.HAL_CAN_RxFifo1FullCallback  stm32f7xx_hal_can.o
    0x080044c6   0x080044c6   0x00000002   Code   RO         2508    i.HAL_CAN_RxFifo1MsgPendingCallback  stm32f7xx_hal_can.o
    0x080044c8   0x080044c8   0x00000002   Code   RO         2509    i.HAL_CAN_SleepCallback  stm32f7xx_hal_can.o
    0x080044ca   0x080044ca   0x00000002   PAD
    0x080044cc   0x080044cc   0x00000058   Code   RO         2510    i.HAL_CAN_Start     stm32f7xx_hal_can.o
    0x08004524   0x08004524   0x00000002   Code   RO         2512    i.HAL_CAN_TxMailbox0AbortCallback  stm32f7xx_hal_can.o
    0x08004526   0x08004526   0x00000002   Code   RO         2513    i.HAL_CAN_TxMailbox0CompleteCallback  stm32f7xx_hal_can.o
    0x08004528   0x08004528   0x00000002   Code   RO         2514    i.HAL_CAN_TxMailbox1AbortCallback  stm32f7xx_hal_can.o
    0x0800452a   0x0800452a   0x00000002   Code   RO         2515    i.HAL_CAN_TxMailbox1CompleteCallback  stm32f7xx_hal_can.o
    0x0800452c   0x0800452c   0x00000002   Code   RO         2516    i.HAL_CAN_TxMailbox2AbortCallback  stm32f7xx_hal_can.o
    0x0800452e   0x0800452e   0x00000002   Code   RO         2517    i.HAL_CAN_TxMailbox2CompleteCallback  stm32f7xx_hal_can.o
    0x08004530   0x08004530   0x00000002   Code   RO         2519    i.HAL_CAN_WakeUpFromRxMsgCallback  stm32f7xx_hal_can.o
    0x08004532   0x08004532   0x00000024   Code   RO         5078    i.HAL_DMA_Abort_IT  stm32f7xx_hal_dma.o
    0x08004556   0x08004556   0x00000002   PAD
    0x08004558   0x08004558   0x000001a0   Code   RO         5082    i.HAL_DMA_IRQHandler  stm32f7xx_hal_dma.o
    0x080046f8   0x080046f8   0x000000e4   Code   RO         5083    i.HAL_DMA_Init      stm32f7xx_hal_dma.o
    0x080047dc   0x080047dc   0x0000007a   Code   RO         5087    i.HAL_DMA_Start_IT  stm32f7xx_hal_dma.o
    0x08004856   0x08004856   0x00000002   PAD
    0x08004858   0x08004858   0x00000024   Code   RO         5444    i.HAL_Delay         stm32f7xx_hal.o
    0x0800487c   0x0800487c   0x000001d8   Code   RO         5011    i.HAL_GPIO_Init     stm32f7xx_hal_gpio.o
    0x08004a54   0x08004a54   0x0000000a   Code   RO         5013    i.HAL_GPIO_ReadPin  stm32f7xx_hal_gpio.o
    0x08004a5e   0x08004a5e   0x0000000e   Code   RO         5014    i.HAL_GPIO_TogglePin  stm32f7xx_hal_gpio.o
    0x08004a6c   0x08004a6c   0x0000000a   Code   RO         5015    i.HAL_GPIO_WritePin  stm32f7xx_hal_gpio.o
    0x08004a76   0x08004a76   0x00000002   PAD
    0x08004a78   0x08004a78   0x0000000c   Code   RO         5454    i.HAL_GetTick       stm32f7xx_hal.o
    0x08004a84   0x08004a84   0x00000058   Code   RO         3310    i.HAL_I2CEx_ConfigAnalogFilter  stm32f7xx_hal_i2c_ex.o
    0x08004adc   0x08004adc   0x00000054   Code   RO         3311    i.HAL_I2CEx_ConfigDigitalFilter  stm32f7xx_hal_i2c_ex.o
    0x08004b30   0x08004b30   0x00000002   Code   RO         2853    i.HAL_I2C_AbortCpltCallback  stm32f7xx_hal_i2c.o
    0x08004b32   0x08004b32   0x00000002   Code   RO         2854    i.HAL_I2C_AddrCallback  stm32f7xx_hal_i2c.o
    0x08004b34   0x08004b34   0x00000010   Code   RO         2858    i.HAL_I2C_EV_IRQHandler  stm32f7xx_hal_i2c.o
    0x08004b44   0x08004b44   0x00000002   Code   RO         2860    i.HAL_I2C_ErrorCallback  stm32f7xx_hal_i2c.o
    0x08004b46   0x08004b46   0x00000002   PAD
    0x08004b48   0x08004b48   0x000000b8   Code   RO         2864    i.HAL_I2C_Init      stm32f7xx_hal_i2c.o
    0x08004c00   0x08004c00   0x00000002   Code   RO         2866    i.HAL_I2C_ListenCpltCallback  stm32f7xx_hal_i2c.o
    0x08004c02   0x08004c02   0x00000002   Code   RO         2867    i.HAL_I2C_MasterRxCpltCallback  stm32f7xx_hal_i2c.o
    0x08004c04   0x08004c04   0x00000002   Code   RO         2868    i.HAL_I2C_MasterTxCpltCallback  stm32f7xx_hal_i2c.o
    0x08004c06   0x08004c06   0x00000002   Code   RO         2880    i.HAL_I2C_MemRxCpltCallback  stm32f7xx_hal_i2c.o
    0x08004c08   0x08004c08   0x00000002   Code   RO         2881    i.HAL_I2C_MemTxCpltCallback  stm32f7xx_hal_i2c.o
    0x08004c0a   0x08004c0a   0x00000002   PAD
    0x08004c0c   0x08004c0c   0x00000164   Code   RO         2882    i.HAL_I2C_Mem_Read  stm32f7xx_hal_i2c.o
    0x08004d70   0x08004d70   0x000000bc   Code   RO         2887    i.HAL_I2C_Mem_Write_IT  stm32f7xx_hal_i2c.o
    0x08004e2c   0x08004e2c   0x00000074   Code   RO         1879    i.HAL_I2C_MspInit   i2c.o
    0x08004ea0   0x08004ea0   0x00000002   Code   RO         2890    i.HAL_I2C_SlaveRxCpltCallback  stm32f7xx_hal_i2c.o
    0x08004ea2   0x08004ea2   0x00000002   Code   RO         2891    i.HAL_I2C_SlaveTxCpltCallback  stm32f7xx_hal_i2c.o
    0x08004ea4   0x08004ea4   0x00000010   Code   RO         5460    i.HAL_IncTick       stm32f7xx_hal.o
    0x08004eb4   0x08004eb4   0x00000016   Code   RO         5461    i.HAL_Init          stm32f7xx_hal.o
    0x08004eca   0x08004eca   0x00000002   PAD
    0x08004ecc   0x08004ecc   0x00000040   Code   RO         5462    i.HAL_InitTick      stm32f7xx_hal.o
    0x08004f0c   0x08004f0c   0x00000030   Code   RO         2185    i.HAL_MspInit       stm32f7xx_hal_msp.o
    0x08004f3c   0x08004f3c   0x0000001a   Code   RO         2723    i.HAL_NVIC_EnableIRQ  stm32f7xx_hal_cortex.o
    0x08004f56   0x08004f56   0x00000002   PAD
    0x08004f58   0x08004f58   0x00000040   Code   RO         2729    i.HAL_NVIC_SetPriority  stm32f7xx_hal_cortex.o
    0x08004f98   0x08004f98   0x00000024   Code   RO         2730    i.HAL_NVIC_SetPriorityGrouping  stm32f7xx_hal_cortex.o
    0x08004fbc   0x08004fbc   0x0000006c   Code   RO         5351    i.HAL_PWREx_EnableOverDrive  stm32f7xx_hal_pwr_ex.o
    0x08005028   0x08005028   0x0000053c   Code   RO         4772    i.HAL_RCCEx_PeriphCLKConfig  stm32f7xx_hal_rcc_ex.o
    0x08005564   0x08005564   0x0000012c   Code   RO         4665    i.HAL_RCC_ClockConfig  stm32f7xx_hal_rcc.o
    0x08005690   0x08005690   0x00000020   Code   RO         4672    i.HAL_RCC_GetPCLK1Freq  stm32f7xx_hal_rcc.o
    0x080056b0   0x080056b0   0x00000020   Code   RO         4673    i.HAL_RCC_GetPCLK2Freq  stm32f7xx_hal_rcc.o
    0x080056d0   0x080056d0   0x00000060   Code   RO         4674    i.HAL_RCC_GetSysClockFreq  stm32f7xx_hal_rcc.o
    0x08005730   0x08005730   0x0000033c   Code   RO         4677    i.HAL_RCC_OscConfig  stm32f7xx_hal_rcc.o
    0x08005a6c   0x08005a6c   0x00000026   Code   RO         2734    i.HAL_SYSTICK_Config  stm32f7xx_hal_cortex.o
    0x08005a92   0x08005a92   0x00000002   Code   RO         4039    i.HAL_TIMEx_Break2Callback  stm32f7xx_hal_tim_ex.o
    0x08005a94   0x08005a94   0x00000002   Code   RO         4040    i.HAL_TIMEx_BreakCallback  stm32f7xx_hal_tim_ex.o
    0x08005a96   0x08005a96   0x00000002   Code   RO         4041    i.HAL_TIMEx_CommutCallback  stm32f7xx_hal_tim_ex.o
    0x08005a98   0x08005a98   0x000000a0   Code   RO         4043    i.HAL_TIMEx_ConfigBreakDeadTime  stm32f7xx_hal_tim_ex.o
    0x08005b38   0x08005b38   0x00000060   Code   RO         4060    i.HAL_TIMEx_MasterConfigSynchronization  stm32f7xx_hal_tim_ex.o
    0x08005b98   0x08005b98   0x00000036   Code   RO         3354    i.HAL_TIM_Base_Init  stm32f7xx_hal_tim.o
    0x08005bce   0x08005bce   0x00000002   PAD
    0x08005bd0   0x08005bd0   0x0000003c   Code   RO         1921    i.HAL_TIM_Base_MspInit  tim.o
    0x08005c0c   0x08005c0c   0x0000002c   Code   RO         3359    i.HAL_TIM_Base_Start_IT  stm32f7xx_hal_tim.o
    0x08005c38   0x08005c38   0x00000002   Code   RO         3383    i.HAL_TIM_IC_CaptureCallback  stm32f7xx_hal_tim.o
    0x08005c3a   0x08005c3a   0x00000182   Code   RO         3397    i.HAL_TIM_IRQHandler  stm32f7xx_hal_tim.o
    0x08005dbc   0x08005dbc   0x000000a8   Code   RO         1922    i.HAL_TIM_MspPostInit  tim.o
    0x08005e64   0x08005e64   0x00000072   Code   RO         3398    i.HAL_TIM_OC_ConfigChannel  stm32f7xx_hal_tim.o
    0x08005ed6   0x08005ed6   0x00000002   Code   RO         3400    i.HAL_TIM_OC_DelayElapsedCallback  stm32f7xx_hal_tim.o
    0x08005ed8   0x08005ed8   0x00000036   Code   RO         3402    i.HAL_TIM_OC_Init   stm32f7xx_hal_tim.o
    0x08005f0e   0x08005f0e   0x00000002   Code   RO         3404    i.HAL_TIM_OC_MspInit  stm32f7xx_hal_tim.o
    0x08005f10   0x08005f10   0x00000128   Code   RO         3421    i.HAL_TIM_PWM_ConfigChannel  stm32f7xx_hal_tim.o
    0x08006038   0x08006038   0x00000036   Code   RO         3424    i.HAL_TIM_PWM_Init  stm32f7xx_hal_tim.o
    0x0800606e   0x0800606e   0x00000002   PAD
    0x08006070   0x08006070   0x00000050   Code   RO         1924    i.HAL_TIM_PWM_MspInit  tim.o
    0x080060c0   0x080060c0   0x00000002   Code   RO         3427    i.HAL_TIM_PWM_PulseFinishedCallback  stm32f7xx_hal_tim.o
    0x080060c2   0x080060c2   0x00000002   PAD
    0x080060c4   0x080060c4   0x0000004c   Code   RO         3429    i.HAL_TIM_PWM_Start  stm32f7xx_hal_tim.o
    0x08006110   0x08006110   0x00000064   Code   RO         1925    i.HAL_TIM_PeriodElapsedCallback  tim.o
    0x08006174   0x08006174   0x00000002   Code   RO         3440    i.HAL_TIM_TriggerCallback  stm32f7xx_hal_tim.o
    0x08006176   0x08006176   0x00000002   Code   RO         4330    i.HAL_UART_ErrorCallback  stm32f7xx_hal_uart.o
    0x08006178   0x08006178   0x00000128   Code   RO         4333    i.HAL_UART_IRQHandler  stm32f7xx_hal_uart.o
    0x080062a0   0x080062a0   0x00000066   Code   RO         4334    i.HAL_UART_Init     stm32f7xx_hal_uart.o
    0x08006306   0x08006306   0x00000002   PAD
    0x08006308   0x08006308   0x000000ac   Code   RO         2006    i.HAL_UART_MspInit  usart.o
    0x080063b4   0x080063b4   0x000000ac   Code   RO         4339    i.HAL_UART_Receive_IT  stm32f7xx_hal_uart.o
    0x08006460   0x08006460   0x00000148   Code   RO         2007    i.HAL_UART_RxCpltCallback  usart.o
    0x080065a8   0x080065a8   0x00000094   Code   RO         4343    i.HAL_UART_Transmit_DMA  stm32f7xx_hal_uart.o
    0x0800663c   0x0800663c   0x00000002   Code   RO         4345    i.HAL_UART_TxCpltCallback  stm32f7xx_hal_uart.o
    0x0800663e   0x0800663e   0x00000002   Code   RO         4346    i.HAL_UART_TxHalfCpltCallback  stm32f7xx_hal_uart.o
    0x08006640   0x08006640   0x00000002   Code   RO         2063    i.HardFault_Handler  stm32f7xx_it.o
    0x08006642   0x08006642   0x00000002   PAD
    0x08006644   0x08006644   0x0000000c   Code   RO         2064    i.I2C1_EV_IRQHandler  stm32f7xx_it.o
    0x08006650   0x08006650   0x00000028   Code   RO         2903    i.I2C_DMAAbort      stm32f7xx_hal_i2c.o
    0x08006678   0x08006678   0x00000056   Code   RO         2909    i.I2C_Disable_IRQ   stm32f7xx_hal_i2c.o
    0x080066ce   0x080066ce   0x00000002   PAD
    0x080066d0   0x080066d0   0x0000005c   Code   RO         2910    i.I2C_Enable_IRQ    stm32f7xx_hal_i2c.o
    0x0800672c   0x0800672c   0x00000022   Code   RO         2911    i.I2C_Flush_TXDR    stm32f7xx_hal_i2c.o
    0x0800674e   0x0800674e   0x00000088   Code   RO         2912    i.I2C_ITAddrCplt    stm32f7xx_hal_i2c.o
    0x080067d6   0x080067d6   0x00000002   PAD
    0x080067d8   0x080067d8   0x000000e0   Code   RO         2913    i.I2C_ITError       stm32f7xx_hal_i2c.o
    0x080068b8   0x080068b8   0x00000064   Code   RO         2914    i.I2C_ITListenCplt  stm32f7xx_hal_i2c.o
    0x0800691c   0x0800691c   0x000000bc   Code   RO         2915    i.I2C_ITMasterCplt  stm32f7xx_hal_i2c.o
    0x080069d8   0x080069d8   0x00000050   Code   RO         2916    i.I2C_ITMasterSeqCplt  stm32f7xx_hal_i2c.o
    0x08006a28   0x08006a28   0x000000f0   Code   RO         2917    i.I2C_ITSlaveCplt   stm32f7xx_hal_i2c.o
    0x08006b18   0x08006b18   0x00000054   Code   RO         2918    i.I2C_ITSlaveSeqCplt  stm32f7xx_hal_i2c.o
    0x08006b6c   0x08006b6c   0x00000088   Code   RO         2919    i.I2C_IsAcknowledgeFailed  stm32f7xx_hal_i2c.o
    0x08006bf4   0x08006bf4   0x00000110   Code   RO         2920    i.I2C_Master_ISR_DMA  stm32f7xx_hal_i2c.o
    0x08006d04   0x08006d04   0x00000128   Code   RO         2921    i.I2C_Master_ISR_IT  stm32f7xx_hal_i2c.o
    0x08006e2c   0x08006e2c   0x00000064   Code   RO         2922    i.I2C_RequestMemoryRead  stm32f7xx_hal_i2c.o
    0x08006e90   0x08006e90   0x00000064   Code   RO         2923    i.I2C_RequestMemoryWrite  stm32f7xx_hal_i2c.o
    0x08006ef4   0x08006ef4   0x000000de   Code   RO         2924    i.I2C_Slave_ISR_DMA  stm32f7xx_hal_i2c.o
    0x08006fd2   0x08006fd2   0x00000002   PAD
    0x08006fd4   0x08006fd4   0x00000124   Code   RO         2925    i.I2C_Slave_ISR_IT  stm32f7xx_hal_i2c.o
    0x080070f8   0x080070f8   0x0000002c   Code   RO         2926    i.I2C_TransferConfig  stm32f7xx_hal_i2c.o
    0x08007124   0x08007124   0x0000005a   Code   RO         2927    i.I2C_WaitOnFlagUntilTimeout  stm32f7xx_hal_i2c.o
    0x0800717e   0x0800717e   0x0000004e   Code   RO         2929    i.I2C_WaitOnSTOPFlagUntilTimeout  stm32f7xx_hal_i2c.o
    0x080071cc   0x080071cc   0x00000052   Code   RO         2930    i.I2C_WaitOnTXISFlagUntilTimeout  stm32f7xx_hal_i2c.o
    0x0800721e   0x0800721e   0x00000002   PAD
    0x08007220   0x08007220   0x0000000c   Code   RO          500    i.InitTimer_Outputs_wrapper  inittimer_wrapper.o
    0x0800722c   0x0800722c   0x00000014   Code   RO          525    i.InitUART_Outputs_wrapper  inituart_wrapper.o
    0x08007240   0x08007240   0x00000224   Code   RO         1194    i.LAUNCH1           gcu_model_gencode.o
    0x08007464   0x08007464   0x00000210   Code   RO         1195    i.LAUNCH2           gcu_model_gencode.o
    0x08007674   0x08007674   0x00000218   Code   RO         1196    i.LAUNCH3           gcu_model_gencode.o
    0x0800788c   0x0800788c   0x00000210   Code   RO         1197    i.LAUNCH4           gcu_model_gencode.o
    0x08007a9c   0x08007a9c   0x00000210   Code   RO         1198    i.LAUNCH5           gcu_model_gencode.o
    0x08007cac   0x08007cac   0x00000210   Code   RO         1199    i.LAUNCH6           gcu_model_gencode.o
    0x08007ebc   0x08007ebc   0x00000210   Code   RO         1200    i.LAUNCH7           gcu_model_gencode.o
    0x080080cc   0x080080cc   0x00000210   Code   RO         1201    i.LAUNCH8           gcu_model_gencode.o
    0x080082dc   0x080082dc   0x000001e4   Code   RO         1202    i.MODES             gcu_model_gencode.o
    0x080084c0   0x080084c0   0x0000021c   Code   RO         1203    i.MODESACCELERATION_PIDLAUNCH  gcu_model_gencode.o
    0x080086dc   0x080086dc   0x0000021c   Code   RO         1204    i.MODESACCELERATION_PIDLAUN_b  gcu_model_gencode.o
    0x080088f8   0x080088f8   0x00000214   Code   RO         1205    i.MODESACCELERATION_PIDLAUN_c  gcu_model_gencode.o
    0x08008b0c   0x08008b0c   0x0000021c   Code   RO         1206    i.MODESACCELERATION_PIDLAUN_g  gcu_model_gencode.o
    0x08008d28   0x08008d28   0x0000021c   Code   RO         1207    i.MODESACCELERATION_PIDLAUN_k  gcu_model_gencode.o
    0x08008f44   0x08008f44   0x0000021c   Code   RO         1208    i.MODESACCELERATION_PIDLAUN_n  gcu_model_gencode.o
    0x08009160   0x08009160   0x0000021c   Code   RO         1209    i.MODESACCELERATION_PIDLAUN_o  gcu_model_gencode.o
    0x0800937c   0x0800937c   0x0000021c   Code   RO         1210    i.MODESACCELERATION_PIDLAU_bj  gcu_model_gencode.o
    0x08009598   0x08009598   0x0000021c   Code   RO         1211    i.MODESACCELERATION_PIDLAU_gq  gcu_model_gencode.o
    0x080097b4   0x080097b4   0x00000008   Code   RO         1212    i.MODESACCELERATION_PI_Enable  gcu_model_gencode.o
    0x080097bc   0x080097bc   0x00000008   Code   RO         1213    i.MODESACCELERATION__d_Enable  gcu_model_gencode.o
    0x080097c4   0x080097c4   0x00000008   Code   RO         1214    i.MODESACCELERATION__i_Enable  gcu_model_gencode.o
    0x080097cc   0x080097cc   0x00000008   Code   RO         1215    i.MODESACCELERATION__j_Enable  gcu_model_gencode.o
    0x080097d4   0x080097d4   0x00000008   Code   RO         1216    i.MODESACCELERATION__k_Enable  gcu_model_gencode.o
    0x080097dc   0x080097dc   0x00000008   Code   RO         1217    i.MODESACCELERATION__l_Enable  gcu_model_gencode.o
    0x080097e4   0x080097e4   0x00000008   Code   RO         1218    i.MODESACCELERATION__o_Enable  gcu_model_gencode.o
    0x080097ec   0x080097ec   0x00000008   Code   RO         1219    i.MODESACCELERATION__p_Enable  gcu_model_gencode.o
    0x080097f4   0x080097f4   0x00000008   Code   RO         1220    i.MODESACCELERATION_ik_Enable  gcu_model_gencode.o
    0x080097fc   0x080097fc   0x00000114   Code   RO         1714    i.MX_ADC1_Init      adc_1.o
    0x08009910   0x08009910   0x00000048   Code   RO         1767    i.MX_CAN2_Init      can.o
    0x08009958   0x08009958   0x0000004c   Code   RO         1830    i.MX_DMA_Init       dma.o
    0x080099a4   0x080099a4   0x00000002   Code   RO         1854    i.MX_GFXSIMULATOR_Init  gfxsimulator.o
    0x080099a6   0x080099a6   0x00000002   PAD
    0x080099a8   0x080099a8   0x00000154   Code   RO         1687    i.MX_GPIO_Init      gpio.o
    0x08009afc   0x08009afc   0x00000058   Code   RO         1880    i.MX_I2C1_Init      i2c.o
    0x08009b54   0x08009b54   0x000000dc   Code   RO         1926    i.MX_TIM1_Init      tim.o
    0x08009c30   0x08009c30   0x00000074   Code   RO         1927    i.MX_TIM2_Init      tim.o
    0x08009ca4   0x08009ca4   0x00000074   Code   RO         1928    i.MX_TIM5_Init      tim.o
    0x08009d18   0x08009d18   0x00000048   Code   RO         1929    i.MX_TIM6_Init      tim.o
    0x08009d60   0x08009d60   0x0000003c   Code   RO         2008    i.MX_UART4_Init     usart.o
    0x08009d9c   0x08009d9c   0x00000002   Code   RO         2065    i.MemManage_Handler  stm32f7xx_it.o
    0x08009d9e   0x08009d9e   0x00000002   PAD
    0x08009da0   0x08009da0   0x00000060   Code   RO         1221    i.NEUTRAL_STATE     gcu_model_gencode.o
    0x08009e00   0x08009e00   0x00000002   Code   RO         2066    i.NMI_Handler       stm32f7xx_it.o
    0x08009e02   0x08009e02   0x0000002e   Code   RO          577    i.PackCANMsg_Outputs_wrapper  packcanmsg_wrapper.o
    0x08009e30   0x08009e30   0x00000020   Code   RO          601    i.PackUARTMsg_Outputs_wrapper  packuartmsg_wrapper.o
    0x08009e50   0x08009e50   0x00000002   Code   RO         2067    i.PendSV_Handler    stm32f7xx_it.o
    0x08009e52   0x08009e52   0x00000002   PAD
    0x08009e54   0x08009e54   0x00000014   Code   RO          752    i.Read_oil_sensor_Outputs_wrapper  read_oil_sensor_wrapper.o
    0x08009e68   0x08009e68   0x00000002   Code   RO         2068    i.SVC_Handler       stm32f7xx_it.o
    0x08009e6a   0x08009e6a   0x00000002   PAD
    0x08009e6c   0x08009e6c   0x00000014   Code   RO          776    i.ScanADC_Outputs_wrapper  scanadc_wrapper.o
    0x08009e80   0x08009e80   0x00000014   Code   RO         1037    i.StopLight_init_Outputs_wrapper  stoplight_init_wrapper.o
    0x08009e94   0x08009e94   0x00000004   Code   RO         2069    i.SysTick_Handler   stm32f7xx_it.o
    0x08009e98   0x08009e98   0x000000a0   Code   RO         1618    i.SystemClock_Config  main.o
    0x08009f38   0x08009f38   0x00000054   Code   RO         5720    i.SystemInit        system_stm32f7xx.o
    0x08009f8c   0x08009f8c   0x0000000c   Code   RO         2070    i.TIM6_DAC_IRQHandler  stm32f7xx_it.o
    0x08009f98   0x08009f98   0x000000cc   Code   RO         3442    i.TIM_Base_SetConfig  stm32f7xx_hal_tim.o
    0x0800a064   0x0800a064   0x0000001a   Code   RO         3443    i.TIM_CCxChannelCmd  stm32f7xx_hal_tim.o
    0x0800a07e   0x0800a07e   0x00000002   PAD
    0x0800a080   0x0800a080   0x00000074   Code   RO         3455    i.TIM_OC1_SetConfig  stm32f7xx_hal_tim.o
    0x0800a0f4   0x0800a0f4   0x00000078   Code   RO         3456    i.TIM_OC2_SetConfig  stm32f7xx_hal_tim.o
    0x0800a16c   0x0800a16c   0x00000078   Code   RO         3457    i.TIM_OC3_SetConfig  stm32f7xx_hal_tim.o
    0x0800a1e4   0x0800a1e4   0x00000058   Code   RO         3458    i.TIM_OC4_SetConfig  stm32f7xx_hal_tim.o
    0x0800a23c   0x0800a23c   0x00000058   Code   RO         3459    i.TIM_OC5_SetConfig  stm32f7xx_hal_tim.o
    0x0800a294   0x0800a294   0x00000058   Code   RO         3460    i.TIM_OC6_SetConfig  stm32f7xx_hal_tim.o
    0x0800a2ec   0x0800a2ec   0x0000000c   Code   RO         2071    i.UART4_IRQHandler  stm32f7xx_it.o
    0x0800a2f8   0x0800a2f8   0x000000c8   Code   RO         4347    i.UART_AdvFeatureConfig  stm32f7xx_hal_uart.o
    0x0800a3c0   0x0800a3c0   0x0000003c   Code   RO         4348    i.UART_CheckIdleState  stm32f7xx_hal_uart.o
    0x0800a3fc   0x0800a3fc   0x00000014   Code   RO         4349    i.UART_DMAAbortOnError  stm32f7xx_hal_uart.o
    0x0800a410   0x0800a410   0x00000046   Code   RO         4350    i.UART_DMAError     stm32f7xx_hal_uart.o
    0x0800a456   0x0800a456   0x0000002e   Code   RO         4355    i.UART_DMATransmitCplt  stm32f7xx_hal_uart.o
    0x0800a484   0x0800a484   0x0000000a   Code   RO         4357    i.UART_DMATxHalfCplt  stm32f7xx_hal_uart.o
    0x0800a48e   0x0800a48e   0x00000020   Code   RO         4359    i.UART_EndRxTransfer  stm32f7xx_hal_uart.o
    0x0800a4ae   0x0800a4ae   0x00000010   Code   RO         4360    i.UART_EndTxTransfer  stm32f7xx_hal_uart.o
    0x0800a4be   0x0800a4be   0x0000005a   Code   RO         4361    i.UART_RxISR_16BIT  stm32f7xx_hal_uart.o
    0x0800a518   0x0800a518   0x0000005a   Code   RO         4362    i.UART_RxISR_8BIT   stm32f7xx_hal_uart.o
    0x0800a572   0x0800a572   0x00000002   PAD
    0x0800a574   0x0800a574   0x00000254   Code   RO         4363    i.UART_SetConfig    stm32f7xx_hal_uart.o
    0x0800a7c8   0x0800a7c8   0x00000060   Code   RO         4366    i.UART_WaitOnFlagUntilTimeout  stm32f7xx_hal_uart.o
    0x0800a828   0x0800a828   0x00000026   Code   RO          663    i.UnpackCanUART_Outputs_wrapper  unpackcanuart_wrapper.o
    0x0800a84e   0x0800a84e   0x00000002   Code   RO         2072    i.UsageFault_Handler  stm32f7xx_it.o
    0x0800a850   0x0800a850   0x00000022   Code   RO         2736    i.__NVIC_SetPriority  stm32f7xx_hal_cortex.o
    0x0800a872   0x0800a872   0x0000000e   Code   RO         5789    i.__scatterload_copy  mc_w.l(handlers.o)
    0x0800a880   0x0800a880   0x00000002   Code   RO         5790    i.__scatterload_null  mc_w.l(handlers.o)
    0x0800a882   0x0800a882   0x0000000e   Code   RO         5791    i.__scatterload_zeroinit  mc_w.l(handlers.o)
    0x0800a890   0x0800a890   0x0000005c   Code   RO         1222    i.aacCheckShift     gcu_model_gencode.o
    0x0800a8ec   0x0800a8ec   0x00000010   Code   RO          963    i.activateBuzzer_Outputs_wrapper  activatebuzzer_wrapper.o
    0x0800a8fc   0x0800a8fc   0x0000005c   Code   RO         1223    i.autoXCheckShift   gcu_model_gencode.o
    0x0800a958   0x0800a958   0x00000038   Code   RO         1224    i.checkClutch       gcu_model_gencode.o
    0x0800a990   0x0800a990   0x00000088   Code   RO         1225    i.checkShift        gcu_model_gencode.o
    0x0800aa18   0x0800aa18   0x0000002c   Code   RO         1226    i.createRequest     gcu_model_gencode.o
    0x0800aa44   0x0800aa44   0x00000024   Code   RO         1227    i.enter_atomic_MANUAL_MODES  gcu_model_gencode.o
    0x0800aa68   0x0800aa68   0x000000c8   Code   RO         1228    i.exit_internal_ACCELERATION_PID  gcu_model_gencode.o
    0x0800ab30   0x0800ab30   0x00000034   Code   RO         1229    i.extractValues     gcu_model_gencode.o
    0x0800ab64   0x0800ab64   0x00000010   Code   RO         1230    i.getAacParam       gcu_model_gencode.o
    0x0800ab74   0x0800ab74   0x00000010   Code   RO         1231    i.getAutoXParam     gcu_model_gencode.o
    0x0800ab84   0x0800ab84   0x00000034   Code   RO          547    i.load_accParameters_Outputs_wrapper  load_accparameters_wrapper.o
    0x0800abb8   0x0800abb8   0x00000010   Code   RO         1108    i.load_antiStallParameters_Outputs_wrapper  load_antistallparameters_wrapper.o
    0x0800abc8   0x0800abc8   0x00000034   Code   RO          920    i.load_autoXParameters_Outputs_wrapper  load_autoxparameters_wrapper.o
    0x0800abfc   0x0800abfc   0x0000004c   Code   RO          562    i.load_default_timings_Outputs_wrapper  load_default_timings_wrapper.o
    0x0800ac48   0x0800ac48   0x000000a0   Code   RO         1232    i.look1_iu16lu64n48_binlcse  gcu_model_gencode.o
    0x0800ace8   0x0800ace8   0x00000098   Code   RO         1619    i.main              main.o
    0x0800ad80   0x0800ad80   0x00000014   Code   RO         1233    i.rtGetInf          gcu_model_gencode.o
    0x0800ad94   0x0800ad94   0x00000014   Code   RO         1235    i.rtGetMinusInf     gcu_model_gencode.o
    0x0800ada8   0x0800ada8   0x00000014   Code   RO         1237    i.rtGetNaN          gcu_model_gencode.o
    0x0800adbc   0x0800adbc   0x0000000c   Code   RO         1238    i.rtGetNaNF         gcu_model_gencode.o
    0x0800adc8   0x0800adc8   0x00000038   Code   RO         1243    i.rt_InitInfAndNaN  gcu_model_gencode.o
    0x0800ae00   0x0800ae00   0x00000028   Code   RO         1244    i.sendAccCommand    gcu_model_gencode.o
    0x0800ae28   0x0800ae28   0x00000028   Code   RO         1245    i.sendAutoXCommand  gcu_model_gencode.o
    0x0800ae50   0x0800ae50   0x0000003c   Code   RO          616    i.sendCAN_Outputs_wrapper  sendcan_wrapper.o
    0x0800ae8c   0x0800ae8c   0x00000038   Code   RO          898    i.sendEepromUART_Outputs_wrapper  sendeepromuart_wrapper.o
    0x0800aec4   0x0800aec4   0x00000040   Code   RO          641    i.sendUART_Outputs_wrapper  senduart_wrapper.o
    0x0800af04   0x0800af04   0x00000018   Code   RO         1013    i.setKeyOn_Outputs_wrapper  setkeyon_wrapper.o
    0x0800af1c   0x0800af1c   0x000000b8   Code   RO         1246    i.shiftArray        gcu_model_gencode.o
    0x0800afd4   0x0800afd4   0x000000b8   Code   RO         1247    i.shiftArray_h      gcu_model_gencode.o
    0x0800b08c   0x0800b08c   0x000000b8   Code   RO         1248    i.shiftArray_hs     gcu_model_gencode.o
    0x0800b144   0x0800b144   0x00000010   Code   RO          988    i.stopBuzzer_Outputs_wrapper  stopbuzzer_wrapper.o
    0x0800b154   0x0800b154   0x0000008c   Code   RO         1249    i.testIndex         gcu_model_gencode.o
    0x0800b1e0   0x0800b1e0   0x00000080   Code   RO         1250    i.updateBuffer      gcu_model_gencode.o
    0x0800b260   0x0800b260   0x000000a8   Code   RO         1251    i.updateOutput      gcu_model_gencode.o
    0x0800b308   0x0800b308   0x00000014   Code   RO          687    i.update_ADC_data_Outputs_wrapper  update_adc_data_wrapper.o
    0x0800b31c   0x0800b31c   0x00000008   Data   RO         1253    .constdata          gcu_model_gencode.o
    0x0800b324   0x0800b324   0x00000004   PAD
    0x0800b328   0x0800b328   0x000000f8   Data   RO         1601    .constdata          gcu_model_gencode_data.o
    0x0800b420   0x0800b420   0x00000008   Data   RO         5089    .constdata          stm32f7xx_hal_dma.o
    0x0800b428   0x0800b428   0x00000010   Data   RO         5721    .constdata          system_stm32f7xx.o
    0x0800b438   0x0800b438   0x00000008   Data   RO         5722    .constdata          system_stm32f7xx.o
    0x0800b440   0x0800b440   0x00000020   Data   RO         5787    Region$$Table       anon$$obj.o


    Execution Region RW_IRAM1 (Exec base: 0x20000000, Load base: 0x0800b460, Size: 0x00001a58, Max: 0x00080000, ABSOLUTE)

    Exec Addr    Load Addr    Size         Type   Attr      Idx    E Section Name        Object

    0x20000000   0x0800b460   0x00000008   Data   RW         1254    .data               gcu_model_gencode.o
    0x20000008   0x0800b468   0x00000028   Data   RW         1255    .data               gcu_model_gencode.o
    0x20000030   0x0800b490   0x00000010   Data   RW         1770    .data               can.o
    0x20000040   0x0800b4a0   0x00000010   Data   RW         1931    .data               tim.o
    0x20000050   0x0800b4b0   0x00000014   Data   RW         2010    .data               usart.o
    0x20000064   0x0800b4c4   0x0000000c   Data   RW         5468    .data               stm32f7xx_hal.o
    0x20000070   0x0800b4d0   0x00000004   Data   RW         5723    .data               system_stm32f7xx.o
    0x20000074   0x0800b4d4   0x00000004   PAD
    0x20000078        -       0x00001210   Zero   RW         1252    .bss                gcu_model_gencode.o
    0x20001288        -       0x0000002c   Zero   RW         1620    .bss                main.o
    0x200012b4        -       0x00000016   Zero   RW         1621    .bss                main.o
    0x200012ca        -       0x00000010   Zero   RW         1622    .bss                main.o
    0x200012da   0x0800b4d4   0x00000002   PAD
    0x200012dc        -       0x000000a8   Zero   RW         1717    .bss                adc_1.o
    0x20001384        -       0x00000084   Zero   RW         1768    .bss                can.o
    0x20001408        -       0x0000004c   Zero   RW         1881    .bss                i2c.o
    0x20001454        -       0x00000100   Zero   RW         1930    .bss                tim.o
    0x20001554        -       0x00000100   Zero   RW         2009    .bss                usart.o
    0x20001654   0x0800b4d4   0x00000004   PAD
    0x20001658        -       0x00000400   Zero   RW            1    STACK               startup_stm32f767xx.o


==============================================================================

Image component sizes


      Code (inc. data)   RO Data    RW Data    ZI Data      Debug   Object Name

        16          4          0          0          0        581   activatebuzzer_wrapper.o
       532         50          0          0        168       2631   adc_1.o
        20          4          0          0          0        546   buzzer_init_wrapper.o
       356         40          0         16        132       2929   can.o
       212         10          0          0          0        743   can_filter_setup_wrapper.o
        44          6          0          0          0        590   can_restart_wrapper.o
        44          4          0          0          0        592   can_start_wrapper.o
        28          4          0          0          0     897991   clutchmotor_init_wrapper.o
        76         22          0          0          0       1094   clutchmotor_setposition_wrapper.o
        68         20          0          0          0       1113   clutchmotor_setpwmregister_wrapper.o
        76          4          0          0          0        814   dma.o
        52          8          0          0          0       1190   eeprom_init_wrapper.o
        48          4          0          0          0       1266   eeprom_read_wrapper.o
        96         14          0          0          0       1461   eeprom_write_wrapper.o
        14          0          0          0          0        571   efi_init_wrapper.o
        16          6          0          0          0        537   efi_setcut_wrapper.o
        16          6          0          0          0        953   efi_setmap_wrapper.o
        16          6          0          0          0        564   efi_setrpmlimiter_wrapper.o
        16          6          0          0          0        547   efi_unsetcut_wrapper.o
        16          6          0          0          0        574   efi_unsetrpmlimiter_wrapper.o
        20          6          0          0          0        998   enginecontrol_start_wrapper.o
        20          4          0          0          0        993   enginecontrol_stop_wrapper.o
        20          4          0          0          0        552   fuelpump_init_wrapper.o
     23670       1332          8         48       4624      88940   gcu_model_gencode.o
         0          0        248          0          0      14327   gcu_model_gencode_data.o
        52          4          0          0          0       1110   gearmotor_brake_wrapper.o
        10          0          0          0          0        597   gearmotor_init_wrapper.o
        20          6          0          0          0        984   gearmotor_release_wrapper.o
        52          4          0          0          0       1129   gearmotor_turnleft_wrapper.o
        52          4          0          0          0       1138   gearmotor_turnright_wrapper.o
         2          0          0          0          0        471   gfxsimulator.o
       340         22          0          0          0       1091   gpio.o
       204         26          0          0         76       1709   i2c.o
        12          6          0          0          0        532   inittimer_wrapper.o
        20         10          0          0          0        531   inituart_wrapper.o
        52          0          0          0          0       1053   load_accparameters_wrapper.o
        16          0          0          0          0       1051   load_antistallparameters_wrapper.o
        52          0          0          0          0       1071   load_autoxparameters_wrapper.o
        76          0          0          0          0       1079   load_default_timings_wrapper.o
       314         20          0          0         82       2820   main.o
        46          0          0          0          0       1145   packcanmsg_wrapper.o
        32          0          0          0          0       1082   packuartmsg_wrapper.o
        20          4          0          0          0       1006   read_oil_sensor_wrapper.o
        20         10          0          0          0        526   scanadc_wrapper.o
        60         12          0          0          0       1288   sendcan_wrapper.o
        56         12          0          0          0       1288   sendeepromuart_wrapper.o
        64         14          0          0          0       1260   senduart_wrapper.o
        24          4          0          0          0       1003   setkeyon_wrapper.o
        36          8        504          0       1024        844   startup_stm32f767xx.o
       150         24          0         12          0       9253   stm32f7xx_hal.o
      1504         60          0          0          0       8382   stm32f7xx_hal_adc.o
         2          0          0          0          0        997   stm32f7xx_hal_adc_ex.o
      1690         10          0          0          0      14563   stm32f7xx_hal_can.o
       198         12          0          0          0      39047   stm32f7xx_hal_cortex.o
       966         16          8          0          0       6574   stm32f7xx_hal_dma.o
       506         54          0          0          0       3904   stm32f7xx_hal_gpio.o
      3780        102          0          0          0      30407   stm32f7xx_hal_i2c.o
       172          0          0          0          0       2003   stm32f7xx_hal_i2c_ex.o
        48          6          0          0          0        842   stm32f7xx_hal_msp.o
       108          8          0          0          0       1288   stm32f7xx_hal_pwr_ex.o
      1288         64          0          0          0       5168   stm32f7xx_hal_rcc.o
      1340         22          0          0          0       2344   stm32f7xx_hal_rcc_ex.o
      1938        140          0          0          0      16578   stm32f7xx_hal_tim.o
       262         18          0          0          0       4032   stm32f7xx_hal_tim_ex.o
      2050         96          0          0          0      14902   stm32f7xx_hal_uart.o
       128         54          0          0          0       8430   stm32f7xx_it.o
        16          6          0          0          0        561   stopbuzzer_wrapper.o
        20          4          0          0          0        557   stoplight_init_wrapper.o
        84         16         24          4          0       1251   system_stm32f7xx.o
       932         96          0         16        256       5982   tim.o
        38          0          0          0          0       1196   unpackcanuart_wrapper.o
        20          0          0          0          0       1106   update_adc_data_wrapper.o
       560         50          0         20        256       3242   usart.o

    ----------------------------------------------------------------------
     44998       2594        828        116       6628    1231514   Object Totals
         0          0         32          0          0          0   (incl. Generated)
        74          0          4          0         10          0   (incl. Padding)

    ----------------------------------------------------------------------

      Code (inc. data)   RO Data    RW Data    ZI Data      Debug   Library Member Name

         0          0          0          0          0          0   entry.o
         0          0          0          0          0          0   entry10a.o
         0          0          0          0          0          0   entry11a.o
         8          4          0          0          0          0   entry2.o
         4          0          0          0          0          0   entry5.o
         0          0          0          0          0          0   entry7b.o
         0          0          0          0          0          0   entry8b.o
         8          4          0          0          0          0   entry9a.o
        30          0          0          0          0          0   handlers.o
        36          8          0          0          0         68   init.o
        30          0          0          0          0         68   llshl.o
        32          0          0          0          0         68   llushr.o
        36          0          0          0          0         68   memcpya.o
        36          0          0          0          0        108   memseta.o
        30          0          0          0          0         80   strncmp.o
        98          0          0          0          0         92   uldiv.o

    ----------------------------------------------------------------------
       350         16          0          0          0        552   Library Totals
         2          0          0          0          0          0   (incl. Padding)

    ----------------------------------------------------------------------

      Code (inc. data)   RO Data    RW Data    ZI Data      Debug   Library Name

       348         16          0          0          0        552   mc_w.l

    ----------------------------------------------------------------------
       350         16          0          0          0        552   Library Totals

    ----------------------------------------------------------------------

==============================================================================


      Code (inc. data)   RO Data    RW Data    ZI Data      Debug   

     45348       2610        828        116       6628    1203062   Grand Totals
     45348       2610        828        116       6628    1203062   ELF Image Totals
     45348       2610        828        116          0          0   ROM Totals

==============================================================================

    Total RO  Size (Code + RO Data)                46176 (  45.09kB)
    Total RW  Size (RW Data + ZI Data)              6744 (   6.59kB)
    Total ROM Size (Code + RO Data + RW Data)      46292 (  45.21kB)

==============================================================================

