<html>
<body>
<pre>
<h1>µVision Build Log</h1>
<h2>Tool Versions:</h2>
IDE-Version: µVision V5.24.2.0
Copyright (C) 2017 ARM Ltd and ARM Germany GmbH. All rights reserved.
License Information: Salvatore Torsello, Dynamis PRC, LIC=P6F56-DV7VG-VJ16J-U4N8L-00QQW-6EN2E
 
Tool Versions:
Toolchain:       MDK-ARM Professional  Version: 5.24.1
Toolchain Path:  C:\Keil_v5\ARM\ARMCC\Bin
C Compiler:      Armcc.exe V5.06 update 5 (build 528)
Assembler:       Armasm.exe V5.06 update 5 (build 528)
Linker/Locator:  ArmLink.exe V5.06 update 5 (build 528)
Library Manager: ArmAr.exe V5.06 update 5 (build 528)
Hex Converter:   FromElf.exe V5.06 update 5 (build 528)
CPU DLL:         SARMCM3.DLL V5.24.1
Dialog DLL:      DCM.DLL V1.16.0.0
Target DLL:      STLink\ST-LINKIII-KEIL_SWO.dll V3.0.1.0
Dialog DLL:      TCM.DLL V1.32.0.0
 
<h2>Project:</h2>
C:\Users\sA\Desktop\git\2019\GCU-Keil\GCU_DP11\MDK-ARM\GCU_DP11.uvprojx
Project File Date:  07/18/2019

<h2>Output:</h2>
*** Using Compiler 'V5.06 update 5 (build 528)', folder: 'C:\Keil_v5\ARM\ARMCC\Bin'
Build target 'GCU_DP11'
assembling startup_stm32f767xx.s...
compiling ClutchMotor_setPosition_wrapper.c...
compiling Efi_setCut_wrapper.c...
..\Src\S-Function_Wrappers\Efi_setCut_wrapper.c(39): warning:  #188-D: enumerated type mixed with another type
  HAL_GPIO_WritePin(
FI_UPCUT_GPIO_PORT, 
FI_UPCUT_Pin, 
PCUT_SET);
..\Src\S-Function_Wrappers\Efi_setCut_wrapper.c: 1 warning, 0 errors
compiling ClutchMotor_init_wrapper.c...
..\Src\S-Function_Wrappers\ClutchMotor_init_wrapper.c(42): warning:  #223-D: function "ClutchMotor_setPosition_Outputs_wrapper" declared implicitly
  ClutchMotor_setPosition_Outputs_wrapper(&percentage);
..\Src\S-Function_Wrappers\ClutchMotor_init_wrapper.c: 1 warning, 0 errors
compiling Efi_unsetRPMLimiter_wrapper.c...
..\Src\S-Function_Wrappers\Efi_unsetRPMLimiter_wrapper.c(39): warning:  #188-D: enumerated type mixed with another type
  HAL_GPIO_WritePin(
FI_RPM_LIMITER_GPIO_PORT, 
FI_RPM_LIMITER_Pin, 
PM_RESET);
..\Src\S-Function_Wrappers\Efi_unsetRPMLimiter_wrapper.c: 1 warning, 0 errors
compiling Efi_setRPMLimiter_wrapper.c...
..\Src\S-Function_Wrappers\Efi_setRPMLimiter_wrapper.c(39): warning:  #188-D: enumerated type mixed with another type
  HAL_GPIO_WritePin(
FI_RPM_LIMITER_GPIO_PORT, 
FI_RPM_LIMITER_Pin, 
PM_SET);
..\Src\S-Function_Wrappers\Efi_setRPMLimiter_wrapper.c: 1 warning, 0 errors
compiling Efi_unsetCut_wrapper.c...
..\Src\S-Function_Wrappers\Efi_unsetCut_wrapper.c(39): warning:  #188-D: enumerated type mixed with another type
  HAL_GPIO_WritePin(
FI_UPCUT_GPIO_PORT, 
FI_UPCUT_Pin, 
PCUT_RESET);
..\Src\S-Function_Wrappers\Efi_unsetCut_wrapper.c: 1 warning, 0 errors
compiling EngineControl_stop_wrapper.c...
compiling GearMotor_brake_wrapper.c...
compiling EngineControl_start_wrapper.c...
compiling GearMotor_release_wrapper.c...
compiling GearMotor_turnLeft_wrapper.c...
compiling GearMotor_init_wrapper.c...
compiling GearMotor_turnRight_wrapper.c...
compiling InitUART_wrapper.c...
compiling InitTimer_wrapper.c...
compiling CAN_Filter_Setup_wrapper.c...
compiling sendCAN_wrapper.c...
compiling sendUART_wrapper.c...
..\Src\S-Function_Wrappers\sendUART_wrapper.c(44): warning:  #177-D: variable "terminator"  was declared but never referenced
    uint8_t header[3] = "hdr", terminator[2] = "\r";
..\Src\S-Function_Wrappers\sendUART_wrapper.c: 1 warning, 0 errors
compiling CAN_Start_wrapper.c...
compiling Read_oil_sensor_wrapper.c...
compiling ScanADC_wrapper.c...
../Inc/timings.h(76): warning:  #1-D: last line of file ends without a newline
     
..\Src\S-Function_Wrappers\ScanADC_wrapper.c: 1 warning, 0 errors
compiling Eeprom_init_wrapper.c...
compiling Eeprom_read_wrapper.c...
compiling Eeprom_write_wrapper.c...
compiling Buzzer_init_wrapper.c...
compiling sendEepromUART_wrapper.c...
compiling activateBuzzer_wrapper.c...
compiling stopBuzzer_wrapper.c...
..\Src\S-Function_Wrappers\stopBuzzer_wrapper.c(39): warning:  #177-D: variable "pwmValue"  was declared but never referenced
    int pwmValue;
..\Src\S-Function_Wrappers\stopBuzzer_wrapper.c: 1 warning, 0 errors
compiling setKeyOn_wrapper.c...
..\Src\S-Function_Wrappers\setKeyOn_wrapper.c(41): warning:  #188-D: enumerated type mixed with another type
    HAL_GPIO_WritePin(
EY_ON_GPIO_Port, 
EY_ON_Pin, 
EY_ON_SET);
..\Src\S-Function_Wrappers\setKeyOn_wrapper.c: 1 warning, 0 errors
compiling StopLight_init_wrapper.c...
compiling FuelPump_init_wrapper.c...
compiling ClutchMotor_setPWMRegister_wrapper.c...
compiling Efi_setMap_wrapper.c...
..\Src\S-Function_Wrappers\Efi_setMap_wrapper.c(39): warning:  #188-D: enumerated type mixed with another type
  HAL_GPIO_WritePin(
FI_MAP_GPIO_Port, 
FI_MAP_Pin, *map);
..\Src\S-Function_Wrappers\Efi_setMap_wrapper.c: 1 warning, 0 errors
compiling CAN_checkStatus_wrapper.c...
compiling CAN_Reset_wrapper.c...
compiling CAN_Restart_wrapper.c...
compiling main.c...
../Inc/timings.h(76): warning:  #1-D: last line of file ends without a newline
     
../Src/main.c(154): warning:  #223-D: function "activateBuzzer_Outputs_wrapper" declared implicitly
  			activateBuzzer_Outputs_wrapper();
../Src/main.c(155): warning:  #223-D: function "CAN_Restart_Outputs_wrapper" declared implicitly
  			CAN_Restart_Outputs_wrapper();
../Src/main.c(159): warning:  #223-D: function "activateBuzzer_Outputs_wrapper" declared implicitly
  			activateBuzzer_Outputs_wrapper();
../Src/main.c(164): warning:  #223-D: function "stopBuzzer_Outputs_wrapper" declared implicitly
  			stopBuzzer_Outputs_wrapper();
../Src/main.c: 5 warnings, 0 errors
compiling gpio.c...
compiling adc.c...
../Inc/timings.h(76): warning:  #1-D: last line of file ends without a newline
     
../Src/adc.c: 1 warning, 0 errors
compiling dma.c...
compiling gfxsimulator.c...
compiling can.c...
../Inc/timings.h(76): warning:  #1-D: last line of file ends without a newline
     
../Src/can.c: 1 warning, 0 errors
compiling i2c.c...
compiling usart.c...
../Inc/timings.h(76): warning:  #1-D: last line of file ends without a newline
     
../Src/usart.c: 1 warning, 0 errors
compiling tim.c...
../Inc/timings.h(76): warning:  #1-D: last line of file ends without a newline
     
../Src/tim.c: 1 warning, 0 errors
compiling stm32f7xx_it.c...
compiling stm32f7xx_hal_msp.c...
compiling stm32f7xx_hal_adc.c...
compiling stm32f7xx_hal_can.c...
compiling stm32f7xx_hal_adc_ex.c...
compiling stm32f7xx_hal_cortex.c...
compiling stm32f7xx_hal_i2c_ex.c...
compiling stm32f7xx_hal_i2c.c...
compiling stm32f7xx_hal_tim.c...
compiling stm32f7xx_hal_tim_ex.c...
compiling stm32f7xx_hal_uart.c...
compiling stm32f7xx_hal_rcc.c...
compiling stm32f7xx_hal_rcc_ex.c...
compiling stm32f7xx_hal_flash.c...
compiling stm32f7xx_hal_flash_ex.c...
compiling stm32f7xx_hal_gpio.c...
compiling stm32f7xx_hal_dma.c...
compiling stm32f7xx_hal_dma_ex.c...
compiling stm32f7xx_hal_pwr.c...
compiling stm32f7xx_hal_pwr_ex.c...
compiling stm32f7xx_hal.c...
compiling stm32f7xx_hal_exti.c...
compiling system_stm32f7xx.c...
linking...
Program Size: Code=46576 RO-data=824 RW-data=116 ZI-data=6604  
FromELF: creating hex file...
"GCU_DP11\GCU_DP11.axf" - 0 Error(s), 19 Warning(s).

<h2>Software Packages used:</h2>

Package Vendor: ARM
                http://www.keil.com/pack/ARM.CMSIS.5.4.0.pack
                ARM.CMSIS.5.4.0
                CMSIS (Cortex Microcontroller Software Interface Standard)
   * Component: CORE Version: 5.1.2

Package Vendor: Keil
                http://www.keil.com/pack/Keil.STM32F7xx_DFP.2.11.0.pack
                Keil.STM32F7xx_DFP.2.11.0
                STMicroelectronics STM32F7 Series Device Support, Drivers and Examples

<h2>Collection of Component include folders:</h2>
  .\RTE\_GCU_DP11
  C:\Keil_v5\ARM\PACK\ARM\CMSIS\5.4.0\CMSIS\Core\Include
  C:\Keil_v5\ARM\PACK\Keil\STM32F7xx_DFP\2.11.0\Drivers\CMSIS\Device\ST\STM32F7xx\Include

<h2>Collection of Component Files used:</h2>

   * Component: ARM::CMSIS:CORE:5.1.2
Build Time Elapsed:  00:05:46
</pre>
</body>
</html>
