Component: ARM Compiler 5.06 update 5 (build 528) Tool: armlink [4d35e2]

==============================================================================

Section Cross References

    startup_stm32f767xx.o(RESET) refers to startup_stm32f767xx.o(STACK) for __initial_sp
    startup_stm32f767xx.o(RESET) refers to startup_stm32f767xx.o(.text) for Reset_Handler
    startup_stm32f767xx.o(RESET) refers to stm32f7xx_it.o(i.NMI_Handler) for NMI_Handler
    startup_stm32f767xx.o(RESET) refers to stm32f7xx_it.o(i.HardFault_Handler) for HardFault_Handler
    startup_stm32f767xx.o(RESET) refers to stm32f7xx_it.o(i.MemManage_Handler) for MemManage_Handler
    startup_stm32f767xx.o(RESET) refers to stm32f7xx_it.o(i.BusFault_Handler) for BusFault_Handler
    startup_stm32f767xx.o(RESET) refers to stm32f7xx_it.o(i.UsageFault_Handler) for UsageFault_Handler
    startup_stm32f767xx.o(RESET) refers to stm32f7xx_it.o(i.SVC_Handler) for SVC_Handler
    startup_stm32f767xx.o(RESET) refers to stm32f7xx_it.o(i.DebugMon_Handler) for DebugMon_Handler
    startup_stm32f767xx.o(RESET) refers to stm32f7xx_it.o(i.PendSV_Handler) for PendSV_Handler
    startup_stm32f767xx.o(RESET) refers to stm32f7xx_it.o(i.SysTick_Handler) for SysTick_Handler
    startup_stm32f767xx.o(RESET) refers to stm32f7xx_it.o(i.DMA1_Stream4_IRQHandler) for DMA1_Stream4_IRQHandler
    startup_stm32f767xx.o(RESET) refers to stm32f7xx_it.o(i.ADC_IRQHandler) for ADC_IRQHandler
    startup_stm32f767xx.o(RESET) refers to stm32f7xx_it.o(i.I2C1_EV_IRQHandler) for I2C1_EV_IRQHandler
    startup_stm32f767xx.o(RESET) refers to stm32f7xx_it.o(i.UART4_IRQHandler) for UART4_IRQHandler
    startup_stm32f767xx.o(RESET) refers to stm32f7xx_it.o(i.TIM6_DAC_IRQHandler) for TIM6_DAC_IRQHandler
    startup_stm32f767xx.o(RESET) refers to stm32f7xx_it.o(i.DMA2_Stream0_IRQHandler) for DMA2_Stream0_IRQHandler
    startup_stm32f767xx.o(RESET) refers to stm32f7xx_it.o(i.CAN2_TX_IRQHandler) for CAN2_TX_IRQHandler
    startup_stm32f767xx.o(RESET) refers to stm32f7xx_it.o(i.CAN2_RX0_IRQHandler) for CAN2_RX0_IRQHandler
    startup_stm32f767xx.o(RESET) refers to stm32f7xx_it.o(i.CAN2_RX1_IRQHandler) for CAN2_RX1_IRQHandler
    startup_stm32f767xx.o(.text) refers to system_stm32f7xx.o(i.SystemInit) for SystemInit
    startup_stm32f767xx.o(.text) refers to entry.o(.ARM.Collect$$$$00000000) for __main
    activatebuzzer_wrapper.o(i.activateBuzzer_Outputs_wrapper) refers to tim.o(.bss) for htim5
    buzzer_init_wrapper.o(i.Buzzer_init_Outputs_wrapper) refers to stm32f7xx_hal_tim.o(i.HAL_TIM_PWM_Start) for HAL_TIM_PWM_Start
    buzzer_init_wrapper.o(i.Buzzer_init_Outputs_wrapper) refers to tim.o(.bss) for htim5
    can_checkstatus_wrapper.o(i.CAN_checkStatus_Outputs_wrapper) refers to can.o(.bss) for hcan2
    can_filter_setup_wrapper.o(i.CAN_Filter_Setup_Outputs_wrapper) refers to stm32f7xx_hal_can.o(i.HAL_CAN_ConfigFilter) for HAL_CAN_ConfigFilter
    can_filter_setup_wrapper.o(i.CAN_Filter_Setup_Outputs_wrapper) refers to can.o(.bss) for CAN_Filter_Config
    can_reset_wrapper.o(i.CAN_Reset_Outputs_wrapper) refers to can.o(.bss) for hcan2
    can_restart_wrapper.o(i.CAN_Restart_Outputs_wrapper) refers to stm32f7xx_hal.o(i.HAL_Delay) for HAL_Delay
    can_restart_wrapper.o(i.CAN_Restart_Outputs_wrapper) refers to can.o(.bss) for hcan2
    can_start_wrapper.o(i.CAN_Start_Outputs_wrapper) refers to can_filter_setup_wrapper.o(i.CAN_Filter_Setup_Outputs_wrapper) for CAN_Filter_Setup_Outputs_wrapper
    can_start_wrapper.o(i.CAN_Start_Outputs_wrapper) refers to stm32f7xx_hal_can.o(i.HAL_CAN_ActivateNotification) for HAL_CAN_ActivateNotification
    can_start_wrapper.o(i.CAN_Start_Outputs_wrapper) refers to stm32f7xx_hal_can.o(i.HAL_CAN_Start) for HAL_CAN_Start
    can_start_wrapper.o(i.CAN_Start_Outputs_wrapper) refers to can.o(.bss) for hcan2
    clutchmotor_init_wrapper.o(i.ClutchMotor_init_Outputs_wrapper) refers to clutchmotor_setposition_wrapper.o(i.ClutchMotor_setPosition_Outputs_wrapper) for ClutchMotor_setPosition_Outputs_wrapper
    clutchmotor_init_wrapper.o(i.ClutchMotor_init_Outputs_wrapper) refers to stm32f7xx_hal_tim.o(i.HAL_TIM_PWM_Start) for HAL_TIM_PWM_Start
    clutchmotor_init_wrapper.o(i.ClutchMotor_init_Outputs_wrapper) refers to tim.o(.bss) for htim2
    clutchmotor_setposition_wrapper.o(i.ClutchMotor_setPosition_Outputs_wrapper) refers to tim.o(.bss) for htim2
    clutchmotor_setpwmregister_wrapper.o(i.ClutchMotor_setPWMRegister_Outputs_wrapper) refers to tim.o(.bss) for htim2
    clutchmotor_setuppwm_wrapper.o(i.ClutchMotor_setupPWM_Outputs_wrapper) refers to clutchmotor_setposition_wrapper.o(i.ClutchMotor_setPosition_Outputs_wrapper) for ClutchMotor_setPosition_Outputs_wrapper
    eeprom_init_wrapper.o(i.Eeprom_init_Outputs_wrapper) refers to stm32f7xx_hal_gpio.o(i.HAL_GPIO_WritePin) for HAL_GPIO_WritePin
    eeprom_init_wrapper.o(i.Eeprom_init_Outputs_wrapper) refers to stm32f7xx_hal_i2c.o(i.HAL_I2C_Mem_Read) for HAL_I2C_Mem_Read
[...]
    __decompress                              - Undefined Weak Reference
    _clock_init                               - Undefined Weak Reference
    _microlib_exit                            - Undefined Weak Reference
    __Vectors_Size                           0x000001f8   Number         0  startup_stm32f767xx.o ABSOLUTE
    __Vectors                                0x08000000   Data           4  startup_stm32f767xx.o(RESET)
    __Vectors_End                            0x080001f8   Data           0  startup_stm32f767xx.o(RESET)
    __main                                   0x080001f9   Thumb Code     0  entry.o(.ARM.Collect$$$$00000000)
    _main_stk                                0x080001f9   Thumb Code     0  entry2.o(.ARM.Collect$$$$00000001)
    _main_scatterload                        0x080001fd   Thumb Code     0  entry5.o(.ARM.Collect$$$$00000004)
    __main_after_scatterload                 0x08000201   Thumb Code     0  entry5.o(.ARM.Collect$$$$00000004)
    _main_clock                              0x08000201   Thumb Code     0  entry7b.o(.ARM.Collect$$$$00000008)
    _main_cpp_init                           0x08000201   Thumb Code     0  entry8b.o(.ARM.Collect$$$$0000000A)
    _main_init                               0x08000201   Thumb Code     0  entry9a.o(.ARM.Collect$$$$0000000B)
    __rt_final_cpp                           0x08000209   Thumb Code     0  entry10a.o(.ARM.Collect$$$$0000000D)
    __rt_final_exit                          0x08000209   Thumb Code     0  entry11a.o(.ARM.Collect$$$$0000000F)
    Reset_Handler                            0x0800020d   Thumb Code     8  startup_stm32f767xx.o(.text)
    CAN1_RX0_IRQHandler                      0x08000227   Thumb Code     0  startup_stm32f767xx.o(.text)
    CAN1_RX1_IRQHandler                      0x08000227   Thumb Code     0  startup_stm32f767xx.o(.text)
    CAN1_SCE_IRQHandler                      0x08000227   Thumb Code     0  startup_stm32f767xx.o(.text)
    CAN1_TX_IRQHandler                       0x08000227   Thumb Code     0  startup_stm32f767xx.o(.text)
    CAN2_SCE_IRQHandler                      0x08000227   Thumb Code     0  startup_stm32f767xx.o(.text)
    CAN3_RX0_IRQHandler                      0x08000227   Thumb Code     0  startup_stm32f767xx.o(.text)
    CAN3_RX1_IRQHandler                      0x08000227   Thumb Code     0  startup_stm32f767xx.o(.text)
    CAN3_SCE_IRQHandler                      0x08000227   Thumb Code     0  startup_stm32f767xx.o(.text)
    CAN3_TX_IRQHandler                       0x08000227   Thumb Code     0  startup_stm32f767xx.o(.text)
    CEC_IRQHandler                           0x08000227   Thumb Code     0  startup_stm32f767xx.o(.text)
    DCMI_IRQHandler                          0x08000227   Thumb Code     0  startup_stm32f767xx.o(.text)
    DFSDM1_FLT0_IRQHandler                   0x08000227   Thumb Code     0  startup_stm32f767xx.o(.text)
    DFSDM1_FLT1_IRQHandler                   0x08000227   Thumb Code     0  startup_stm32f767xx.o(.text)
    DFSDM1_FLT2_IRQHandler                   0x08000227   Thumb Code     0  startup_stm32f767xx.o(.text)
    DFSDM1_FLT3_IRQHandler                   0x08000227   Thumb Code     0  startup_stm32f767xx.o(.text)
    DMA1_Stream0_IRQHandler                  0x08000227   Thumb Code     0  startup_stm32f767xx.o(.text)
    DMA1_Stream1_IRQHandler                  0x08000227   Thumb Code     0  startup_stm32f767xx.o(.text)
    DMA1_Stream2_IRQHandler                  0x08000227   Thumb Code     0  startup_stm32f767xx.o(.text)
    DMA1_Stream3_IRQHandler                  0x08000227   Thumb Code     0  startup_stm32f767xx.o(.text)
    DMA1_Stream5_IRQHandler                  0x08000227   Thumb Code     0  startup_stm32f767xx.o(.text)
    DMA1_Stream6_IRQHandler                  0x08000227   Thumb Code     0  startup_stm32f767xx.o(.text)
    DMA1_Stream7_IRQHandler                  0x08000227   Thumb Code     0  startup_stm32f767xx.o(.text)
    DMA2D_IRQHandler                         0x08000227   Thumb Code     0  startup_stm32f767xx.o(.text)
    DMA2_Stream1_IRQHandler                  0x08000227   Thumb Code     0  startup_stm32f767xx.o(.text)
    DMA2_Stream2_IRQHandler                  0x08000227   Thumb Code     0  startup_stm32f767xx.o(.text)
    DMA2_Stream3_IRQHandler                  0x08000227   Thumb Code     0  startup_stm32f767xx.o(.text)
    DMA2_Stream4_IRQHandler                  0x08000227   Thumb Code     0  startup_stm32f767xx.o(.text)
    DMA2_Stream5_IRQHandler                  0x08000227   Thumb Code     0  startup_stm32f767xx.o(.text)
    DMA2_Stream6_IRQHandler                  0x08000227   Thumb Code     0  startup_stm32f767xx.o(.text)
    DMA2_Stream7_IRQHandler                  0x08000227   Thumb Code     0  startup_stm32f767xx.o(.text)
    ETH_IRQHandler                           0x08000227   Thumb Code     0  startup_stm32f767xx.o(.text)
    ETH_WKUP_IRQHandler                      0x08000227   Thumb Code     0  startup_stm32f767xx.o(.text)
    EXTI0_IRQHandler                         0x08000227   Thumb Code     0  startup_stm32f767xx.o(.text)
    EXTI15_10_IRQHandler                     0x08000227   Thumb Code     0  startup_stm32f767xx.o(.text)
    EXTI1_IRQHandler                         0x08000227   Thumb Code     0  startup_stm32f767xx.o(.text)
    EXTI2_IRQHandler                         0x08000227   Thumb Code     0  startup_stm32f767xx.o(.text)
    EXTI3_IRQHandler                         0x08000227   Thumb Code     0  startup_stm32f767xx.o(.text)
    EXTI4_IRQHandler                         0x08000227   Thumb Code     0  startup_stm32f767xx.o(.text)
    EXTI9_5_IRQHandler                       0x08000227   Thumb Code     0  startup_stm32f767xx.o(.text)
    FLASH_IRQHandler                         0x08000227   Thumb Code     0  startup_stm32f767xx.o(.text)
    FMC_IRQHandler                           0x08000227   Thumb Code     0  startup_stm32f767xx.o(.text)
    FPU_IRQHandler                           0x08000227   Thumb Code     0  startup_stm32f767xx.o(.text)
    I2C1_ER_IRQHandler                       0x08000227   Thumb Code     0  startup_stm32f767xx.o(.text)
    I2C2_ER_IRQHandler                       0x08000227   Thumb Code     0  startup_stm32f767xx.o(.text)
    I2C2_EV_IRQHandler                       0x08000227   Thumb Code     0  startup_stm32f767xx.o(.text)
    I2C3_ER_IRQHandler                       0x08000227   Thumb Code     0  startup_stm32f767xx.o(.text)
    I2C3_EV_IRQHandler                       0x08000227   Thumb Code     0  startup_stm32f767xx.o(.text)
    I2C4_ER_IRQHandler                       0x08000227   Thumb Code     0  startup_stm32f767xx.o(.text)
    I2C4_EV_IRQHandler                       0x08000227   Thumb Code     0  startup_stm32f767xx.o(.text)
    JPEG_IRQHandler                          0x08000227   Thumb Code     0  startup_stm32f767xx.o(.text)
    LPTIM1_IRQHandler                        0x08000227   Thumb Code     0  startup_stm32f767xx.o(.text)
    LTDC_ER_IRQHandler                       0x08000227   Thumb Code     0  startup_stm32f767xx.o(.text)
    LTDC_IRQHandler                          0x08000227   Thumb Code     0  startup_stm32f767xx.o(.text)
    MDIOS_IRQHandler                         0x08000227   Thumb Code     0  startup_stm32f767xx.o(.text)
    OTG_FS_IRQHandler                        0x08000227   Thumb Code     0  startup_stm32f767xx.o(.text)
    OTG_FS_WKUP_IRQHandler                   0x08000227   Thumb Code     0  startup_stm32f767xx.o(.text)
    OTG_HS_EP1_IN_IRQHandler                 0x08000227   Thumb Code     0  startup_stm32f767xx.o(.text)
    OTG_HS_EP1_OUT_IRQHandler                0x08000227   Thumb Code     0  startup_stm32f767xx.o(.text)
    OTG_HS_IRQHandler                        0x08000227   Thumb Code     0  startup_stm32f767xx.o(.text)
    OTG_HS_WKUP_IRQHandler                   0x08000227   Thumb Code     0  startup_stm32f767xx.o(.text)
    PVD_IRQHandler                           0x08000227   Thumb Code     0  startup_stm32f767xx.o(.text)
    QUADSPI_IRQHandler                       0x08000227   Thumb Code     0  startup_stm32f767xx.o(.text)
    RCC_IRQHandler                           0x08000227   Thumb Code     0  startup_stm32f767xx.o(.text)
    RNG_IRQHandler                           0x08000227   Thumb Code     0  startup_stm32f767xx.o(.text)
    RTC_Alarm_IRQHandler                     0x08000227   Thumb Code     0  startup_stm32f767xx.o(.text)
    RTC_WKUP_IRQHandler                      0x08000227   Thumb Code     0  startup_stm32f767xx.o(.text)
    SAI1_IRQHandler                          0x08000227   Thumb Code     0  startup_stm32f767xx.o(.text)
    SAI2_IRQHandler                          0x08000227   Thumb Code     0  startup_stm32f767xx.o(.text)
    SDMMC1_IRQHandler                        0x08000227   Thumb Code     0  startup_stm32f767xx.o(.text)
    SDMMC2_IRQHandler                        0x08000227   Thumb Code     0  startup_stm32f767xx.o(.text)
    SPDIF_RX_IRQHandler                      0x08000227   Thumb Code     0  startup_stm32f767xx.o(.text)
    SPI1_IRQHandler                          0x08000227   Thumb Code     0  startup_stm32f767xx.o(.text)
    SPI2_IRQHandler                          0x08000227   Thumb Code     0  startup_stm32f767xx.o(.text)
    SPI3_IRQHandler                          0x08000227   Thumb Code     0  startup_stm32f767xx.o(.text)
    SPI4_IRQHandler                          0x08000227   Thumb Code     0  startup_stm32f767xx.o(.text)
    SPI5_IRQHandler                          0x08000227   Thumb Code     0  startup_stm32f767xx.o(.text)
    SPI6_IRQHandler                          0x08000227   Thumb Code     0  startup_stm32f767xx.o(.text)
    TAMP_STAMP_IRQHandler                    0x08000227   Thumb Code     0  startup_stm32f767xx.o(.text)
    TIM1_BRK_TIM9_IRQHandler                 0x08000227   Thumb Code     0  startup_stm32f767xx.o(.text)
    TIM1_CC_IRQHandler                       0x08000227   Thumb Code     0  startup_stm32f767xx.o(.text)
    TIM1_TRG_COM_TIM11_IRQHandler            0x08000227   Thumb Code     0  startup_stm32f767xx.o(.text)
    TIM1_UP_TIM10_IRQHandler                 0x08000227   Thumb Code     0  startup_stm32f767xx.o(.text)
    TIM2_IRQHandler                          0x08000227   Thumb Code     0  startup_stm32f767xx.o(.text)
    TIM3_IRQHandler                          0x08000227   Thumb Code     0  startup_stm32f767xx.o(.text)
    TIM4_IRQHandler                          0x08000227   Thumb Code     0  startup_stm32f767xx.o(.text)
    TIM5_IRQHandler                          0x08000227   Thumb Code     0  startup_stm32f767xx.o(.text)
    TIM7_IRQHandler                          0x08000227   Thumb Code     0  startup_stm32f767xx.o(.text)
    TIM8_BRK_TIM12_IRQHandler                0x08000227   Thumb Code     0  startup_stm32f767xx.o(.text)
    TIM8_CC_IRQHandler                       0x08000227   Thumb Code     0  startup_stm32f767xx.o(.text)
    TIM8_TRG_COM_TIM14_IRQHandler            0x08000227   Thumb Code     0  startup_stm32f767xx.o(.text)
    TIM8_UP_TIM13_IRQHandler                 0x08000227   Thumb Code     0  startup_stm32f767xx.o(.text)
    UART5_IRQHandler                         0x08000227   Thumb Code     0  startup_stm32f767xx.o(.text)
    UART7_IRQHandler                         0x08000227   Thumb Code     0  startup_stm32f767xx.o(.text)
    UART8_IRQHandler                         0x08000227   Thumb Code     0  startup_stm32f767xx.o(.text)
    USART1_IRQHandler                        0x08000227   Thumb Code     0  startup_stm32f767xx.o(.text)
    USART2_IRQHandler                        0x08000227   Thumb Code     0  startup_stm32f767xx.o(.text)
    USART3_IRQHandler                        0x08000227   Thumb Code     0  startup_stm32f767xx.o(.text)
    USART6_IRQHandler                        0x08000227   Thumb Code     0  startup_stm32f767xx.o(.text)
    WWDG_IRQHandler                          0x08000227   Thumb Code     0  startup_stm32f767xx.o(.text)
    __aeabi_uldivmod                         0x08000231   Thumb Code    98  uldiv.o(.text)
    __aeabi_memcpy                           0x08000293   Thumb Code    36  memcpya.o(.text)
    __aeabi_memcpy4                          0x08000293   Thumb Code     0  memcpya.o(.text)
    __aeabi_memcpy8                          0x08000293   Thumb Code     0  memcpya.o(.text)
    __aeabi_memset                           0x080002b7   Thumb Code    14  memseta.o(.text)
    __aeabi_memset4                          0x080002b7   Thumb Code     0  memseta.o(.text)
    __aeabi_memset8                          0x080002b7   Thumb Code     0  memseta.o(.text)
    __aeabi_memclr                           0x080002c5   Thumb Code     4  memseta.o(.text)
    __aeabi_memclr4                          0x080002c5   Thumb Code     0  memseta.o(.text)
    __aeabi_memclr8                          0x080002c5   Thumb Code     0  memseta.o(.text)
    _memset$wrapper                          0x080002c9   Thumb Code    18  memseta.o(.text)
    strncmp                                  0x080002db   Thumb Code    30  strncmp.o(.text)
    __aeabi_llsl                             0x080002f9   Thumb Code    30  llshl.o(.text)
    _ll_shift_l                              0x080002f9   Thumb Code     0  llshl.o(.text)
    __aeabi_llsr                             0x08000317   Thumb Code    32  llushr.o(.text)
    _ll_ushift_r                             0x08000317   Thumb Code     0  llushr.o(.text)
    __scatterload                            0x08000339   Thumb Code    28  init.o(.text)
    __scatterload_rt2                        0x08000339   Thumb Code     0  init.o(.text)
    ADC_IRQHandler                           0x08000b51   Thumb Code     6  stm32f7xx_it.o(i.ADC_IRQHandler)
    BusFault_Handler                         0x080010ad   Thumb Code     2  stm32f7xx_it.o(i.BusFault_Handler)
    Buzzer_init_Outputs_wrapper              0x080010b1   Thumb Code    16  buzzer_init_wrapper.o(i.Buzzer_init_Outputs_wrapper)
    CAN2_RX0_IRQHandler                      0x080010c5   Thumb Code     6  stm32f7xx_it.o(i.CAN2_RX0_IRQHandler)
    CAN2_RX1_IRQHandler                      0x080010d1   Thumb Code     6  stm32f7xx_it.o(i.CAN2_RX1_IRQHandler)
    CAN2_TX_IRQHandler                       0x080010dd   Thumb Code     6  stm32f7xx_it.o(i.CAN2_TX_IRQHandler)
    CAN_Filter_Setup_Outputs_wrapper         0x080010e9   Thumb Code   202  can_filter_setup_wrapper.o(i.CAN_Filter_Setup_Outputs_wrapper)
    CAN_Restart_Outputs_wrapper              0x080011bd   Thumb Code    38  can_restart_wrapper.o(i.CAN_Restart_Outputs_wrapper)
    CAN_Start_Outputs_wrapper                0x080011e9   Thumb Code    40  can_start_wrapper.o(i.CAN_Start_Outputs_wrapper)
    ClutchMotor_init_Outputs_wrapper         0x08001215   Thumb Code    24  clutchmotor_init_wrapper.o(i.ClutchMotor_init_Outputs_wrapper)
    ClutchMotor_setPWMRegister_Outputs_wrapper 0x08001231   Thumb Code    48  clutchmotor_setpwmregister_wrapper.o(i.ClutchMotor_setPWMRegister_Outputs_wrapper)
    ClutchMotor_setPosition_Outputs_wrapper  0x08001275   Thumb Code    54  clutchmotor_setposition_wrapper.o(i.ClutchMotor_setPosition_Outputs_wrapper)
    DMA1_Stream4_IRQHandler                  0x08001521   Thumb Code     6  stm32f7xx_it.o(i.DMA1_Stream4_IRQHandler)
    DMA2_Stream0_IRQHandler                  0x0800152d   Thumb Code     6  stm32f7xx_it.o(i.DMA2_Stream0_IRQHandler)
    DebugMon_Handler                         0x080015dd   Thumb Code     2  stm32f7xx_it.o(i.DebugMon_Handler)
    Eeprom_init_Outputs_wrapper              0x080015e1   Thumb Code    44  eeprom_init_wrapper.o(i.Eeprom_init_Outputs_wrapper)
    Eeprom_read_Outputs_wrapper              0x08001615   Thumb Code    44  eeprom_read_wrapper.o(i.Eeprom_read_Outputs_wrapper)
    Eeprom_write_Outputs_wrapper             0x08001645   Thumb Code    82  eeprom_write_wrapper.o(i.Eeprom_write_Outputs_wrapper)
    Efi_init_Outputs_wrapper                 0x080016a5   Thumb Code    14  efi_init_wrapper.o(i.Efi_init_Outputs_wrapper)
    Efi_setCut_Outputs_wrapper               0x080016b5   Thumb Code    10  efi_setcut_wrapper.o(i.Efi_setCut_Outputs_wrapper)
    Efi_setMap_Outputs_wrapper               0x080016c5   Thumb Code    10  efi_setmap_wrapper.o(i.Efi_setMap_Outputs_wrapper)
    Efi_setRPMLimiter_Outputs_wrapper        0x080016d5   Thumb Code    10  efi_setrpmlimiter_wrapper.o(i.Efi_setRPMLimiter_Outputs_wrapper)
    Efi_unsetCut_Outputs_wrapper             0x080016e5   Thumb Code    10  efi_unsetcut_wrapper.o(i.Efi_unsetCut_Outputs_wrapper)
    Efi_unsetRPMLimiter_Outputs_wrapper      0x080016f5   Thumb Code    10  efi_unsetrpmlimiter_wrapper.o(i.Efi_unsetRPMLimiter_Outputs_wrapper)
    EngineControl_start_Outputs_wrapper      0x08001719   Thumb Code    14  enginecontrol_start_wrapper.o(i.EngineControl_start_Outputs_wrapper)
    EngineControl_stop_Outputs_wrapper       0x0800172d   Thumb Code    16  enginecontrol_stop_wrapper.o(i.EngineControl_stop_Outputs_wrapper)
    Error_Handler                            0x08001741   Thumb Code     2  main.o(i.Error_Handler)
    FuelPump_init_Outputs_wrapper            0x08001975   Thumb Code    16  fuelpump_init_wrapper.o(i.FuelPump_init_Outputs_wrapper)
    GCU_Model_genCode_initialize             0x08001989   Thumb Code   440  gcu_model_gencode.o(i.GCU_Model_genCode_initialize)
    GCU_Model_genCode_step1                  0x08001b49   Thumb Code  2796  gcu_model_gencode.o(i.GCU_Model_genCode_step1)
    GCU_Model_genCode_step2                  0x08002651   Thumb Code  1154  gcu_model_gencode.o(i.GCU_Model_genCode_step2)
    GCU_Model_genCode_step3                  0x08002ad5   Thumb Code   286  gcu_model_gencode.o(i.GCU_Model_genCode_step3)
    GCU_Model_genCode_step4                  0x08002c01   Thumb Code   762  gcu_model_gencode.o(i.GCU_Model_genCode_step4)
    GCU_Model_genCode_step5                  0x08002f81   Thumb Code   470  gcu_model_gencode.o(i.GCU_Model_genCode_step5)
    GCU_Model_genCode_step6                  0x08003169   Thumb Code   306  gcu_model_gencode.o(i.GCU_Model_genCode_step6)
    GearMotor_brake_Outputs_wrapper          0x08003561   Thumb Code    48  gearmotor_brake_wrapper.o(i.GearMotor_brake_Outputs_wrapper)
    GearMotor_init_Outputs_wrapper           0x08003595   Thumb Code    10  gearmotor_init_wrapper.o(i.GearMotor_init_Outputs_wrapper)
    GearMotor_release_Outputs_wrapper        0x080035a1   Thumb Code    14  gearmotor_release_wrapper.o(i.GearMotor_release_Outputs_wrapper)
    GearMotor_turnLeft_Outputs_wrapper       0x080035b5   Thumb Code    48  gearmotor_turnleft_wrapper.o(i.GearMotor_turnLeft_Outputs_wrapper)
    GearMotor_turnRight_Outputs_wrapper      0x080035e9   Thumb Code    48  gearmotor_turnright_wrapper.o(i.GearMotor_turnRight_Outputs_wrapper)
    HAL_ADCEx_InjectedConvCpltCallback       0x08003739   Thumb Code     2  stm32f7xx_hal_adc_ex.o(i.HAL_ADCEx_InjectedConvCpltCallback)
    HAL_ADC_ConfigChannel                    0x0800373d   Thumb Code   338  stm32f7xx_hal_adc.o(i.HAL_ADC_ConfigChannel)
    HAL_ADC_ConvCpltCallback                 0x080038a1   Thumb Code    14  adc.o(i.HAL_ADC_ConvCpltCallback)
    HAL_ADC_ConvHalfCpltCallback             0x080038b5   Thumb Code     2  stm32f7xx_hal_adc.o(i.HAL_ADC_ConvHalfCpltCallback)
    HAL_ADC_ErrorCallback                    0x080038b7   Thumb Code     2  stm32f7xx_hal_adc.o(i.HAL_ADC_ErrorCallback)
    HAL_ADC_IRQHandler                       0x080038b9   Thumb Code   316  stm32f7xx_hal_adc.o(i.HAL_ADC_IRQHandler)
    HAL_ADC_Init                             0x080039f5   Thumb Code    84  stm32f7xx_hal_adc.o(i.HAL_ADC_Init)
    HAL_ADC_LevelOutOfWindowCallback         0x08003a49   Thumb Code     2  stm32f7xx_hal_adc.o(i.HAL_ADC_LevelOutOfWindowCallback)
    HAL_ADC_MspInit                          0x08003a4d   Thumb Code   206  adc.o(i.HAL_ADC_MspInit)
    HAL_ADC_Start_DMA                        0x08003b39   Thumb Code   260  stm32f7xx_hal_adc.o(i.HAL_ADC_Start_DMA)
    HAL_CAN_ActivateNotification             0x08003c59   Thumb Code    36  stm32f7xx_hal_can.o(i.HAL_CAN_ActivateNotification)
    HAL_CAN_AddTxMessage                     0x08003c7d   Thumb Code   214  stm32f7xx_hal_can.o(i.HAL_CAN_AddTxMessage)
    HAL_CAN_ConfigFilter                     0x08003d55   Thumb Code   278  stm32f7xx_hal_can.o(i.HAL_CAN_ConfigFilter)
    HAL_CAN_ErrorCallback                    0x08003e75   Thumb Code     2  stm32f7xx_hal_can.o(i.HAL_CAN_ErrorCallback)
    HAL_CAN_GetRxMessage                     0x08003e79   Thumb Code   250  stm32f7xx_hal_can.o(i.HAL_CAN_GetRxMessage)
    HAL_CAN_IRQHandler                       0x08003f73   Thumb Code   508  stm32f7xx_hal_can.o(i.HAL_CAN_IRQHandler)
    HAL_CAN_Init                             0x0800416f   Thumb Code   282  stm32f7xx_hal_can.o(i.HAL_CAN_Init)
    HAL_CAN_MspInit                          0x08004289   Thumb Code   168  can.o(i.HAL_CAN_MspInit)
    HAL_CAN_RxFifo0FullCallback              0x0800433d   Thumb Code     2  stm32f7xx_hal_can.o(i.HAL_CAN_RxFifo0FullCallback)
    HAL_CAN_RxFifo0MsgPendingCallback        0x08004341   Thumb Code    86  can.o(i.HAL_CAN_RxFifo0MsgPendingCallback)
    HAL_CAN_RxFifo1FullCallback              0x080043a9   Thumb Code     2  stm32f7xx_hal_can.o(i.HAL_CAN_RxFifo1FullCallback)
    HAL_CAN_RxFifo1MsgPendingCallback        0x080043ab   Thumb Code     2  stm32f7xx_hal_can.o(i.HAL_CAN_RxFifo1MsgPendingCallback)
    HAL_CAN_SleepCallback                    0x080043ad   Thumb Code     2  stm32f7xx_hal_can.o(i.HAL_CAN_SleepCallback)
    HAL_CAN_Start                            0x080043b1   Thumb Code    88  stm32f7xx_hal_can.o(i.HAL_CAN_Start)
    HAL_CAN_TxMailbox0AbortCallback          0x08004409   Thumb Code     2  stm32f7xx_hal_can.o(i.HAL_CAN_TxMailbox0AbortCallback)
    HAL_CAN_TxMailbox0CompleteCallback       0x0800440b   Thumb Code     2  stm32f7xx_hal_can.o(i.HAL_CAN_TxMailbox0CompleteCallback)
    HAL_CAN_TxMailbox1AbortCallback          0x0800440d   Thumb Code     2  stm32f7xx_hal_can.o(i.HAL_CAN_TxMailbox1AbortCallback)
    HAL_CAN_TxMailbox1CompleteCallback       0x0800440f   Thumb Code     2  stm32f7xx_hal_can.o(i.HAL_CAN_TxMailbox1CompleteCallback)
    HAL_CAN_TxMailbox2AbortCallback          0x08004411   Thumb Code     2  stm32f7xx_hal_can.o(i.HAL_CAN_TxMailbox2AbortCallback)
    HAL_CAN_TxMailbox2CompleteCallback       0x08004413   Thumb Code     2  stm32f7xx_hal_can.o(i.HAL_CAN_TxMailbox2CompleteCallback)
    HAL_CAN_WakeUpFromRxMsgCallback          0x08004415   Thumb Code     2  stm32f7xx_hal_can.o(i.HAL_CAN_WakeUpFromRxMsgCallback)
    HAL_DMA_Abort_IT                         0x08004417   Thumb Code    36  stm32f7xx_hal_dma.o(i.HAL_DMA_Abort_IT)
    HAL_DMA_IRQHandler                       0x0800443d   Thumb Code   412  stm32f7xx_hal_dma.o(i.HAL_DMA_IRQHandler)
    HAL_DMA_Init                             0x080045dd   Thumb Code   222  stm32f7xx_hal_dma.o(i.HAL_DMA_Init)
    HAL_DMA_Start_IT                         0x080046c1   Thumb Code   122  stm32f7xx_hal_dma.o(i.HAL_DMA_Start_IT)
    HAL_Delay                                0x0800473d   Thumb Code    32  stm32f7xx_hal.o(i.HAL_Delay)
    HAL_GPIO_Init                            0x08004761   Thumb Code   418  stm32f7xx_hal_gpio.o(i.HAL_GPIO_Init)
    HAL_GPIO_ReadPin                         0x08004939   Thumb Code    10  stm32f7xx_hal_gpio.o(i.HAL_GPIO_ReadPin)
    HAL_GPIO_TogglePin                       0x08004943   Thumb Code    14  stm32f7xx_hal_gpio.o(i.HAL_GPIO_TogglePin)
    HAL_GPIO_WritePin                        0x08004951   Thumb Code    10  stm32f7xx_hal_gpio.o(i.HAL_GPIO_WritePin)
    HAL_GetTick                              0x0800495d   Thumb Code     6  stm32f7xx_hal.o(i.HAL_GetTick)
    HAL_I2CEx_ConfigAnalogFilter             0x08004969   Thumb Code    88  stm32f7xx_hal_i2c_ex.o(i.HAL_I2CEx_ConfigAnalogFilter)
    HAL_I2CEx_ConfigDigitalFilter            0x080049c1   Thumb Code    84  stm32f7xx_hal_i2c_ex.o(i.HAL_I2CEx_ConfigDigitalFilter)
    HAL_I2C_AbortCpltCallback                0x08004a15   Thumb Code     2  stm32f7xx_hal_i2c.o(i.HAL_I2C_AbortCpltCallback)
    HAL_I2C_AddrCallback                     0x08004a17   Thumb Code     2  stm32f7xx_hal_i2c.o(i.HAL_I2C_AddrCallback)
    HAL_I2C_EV_IRQHandler                    0x08004a19   Thumb Code    16  stm32f7xx_hal_i2c.o(i.HAL_I2C_EV_IRQHandler)
    HAL_I2C_ErrorCallback                    0x08004a29   Thumb Code     2  stm32f7xx_hal_i2c.o(i.HAL_I2C_ErrorCallback)
    HAL_I2C_Init                             0x08004a2d   Thumb Code   180  stm32f7xx_hal_i2c.o(i.HAL_I2C_Init)
    HAL_I2C_ListenCpltCallback               0x08004ae5   Thumb Code     2  stm32f7xx_hal_i2c.o(i.HAL_I2C_ListenCpltCallback)
    HAL_I2C_MasterRxCpltCallback             0x08004ae7   Thumb Code     2  stm32f7xx_hal_i2c.o(i.HAL_I2C_MasterRxCpltCallback)
    HAL_I2C_MasterTxCpltCallback             0x08004ae9   Thumb Code     2  stm32f7xx_hal_i2c.o(i.HAL_I2C_MasterTxCpltCallback)
    HAL_I2C_MemRxCpltCallback                0x08004aeb   Thumb Code     2  stm32f7xx_hal_i2c.o(i.HAL_I2C_MemRxCpltCallback)
    HAL_I2C_MemTxCpltCallback                0x08004aed   Thumb Code     2  stm32f7xx_hal_i2c.o(i.HAL_I2C_MemTxCpltCallback)
    HAL_I2C_Mem_Read                         0x08004af1   Thumb Code   346  stm32f7xx_hal_i2c.o(i.HAL_I2C_Mem_Read)
    HAL_I2C_Mem_Write_IT                     0x08004c55   Thumb Code   180  stm32f7xx_hal_i2c.o(i.HAL_I2C_Mem_Write_IT)
    HAL_I2C_MspInit                          0x08004d11   Thumb Code   102  i2c.o(i.HAL_I2C_MspInit)
    HAL_I2C_SlaveRxCpltCallback              0x08004d85   Thumb Code     2  stm32f7xx_hal_i2c.o(i.HAL_I2C_SlaveRxCpltCallback)
    HAL_I2C_SlaveTxCpltCallback              0x08004d87   Thumb Code     2  stm32f7xx_hal_i2c.o(i.HAL_I2C_SlaveTxCpltCallback)
    HAL_IncTick                              0x08004d89   Thumb Code    12  stm32f7xx_hal.o(i.HAL_IncTick)
    HAL_Init                                 0x08004d99   Thumb Code    22  stm32f7xx_hal.o(i.HAL_Init)
    HAL_InitTick                             0x08004db1   Thumb Code    54  stm32f7xx_hal.o(i.HAL_InitTick)
    HAL_MspInit                              0x08004df1   Thumb Code    42  stm32f7xx_hal_msp.o(i.HAL_MspInit)
    HAL_NVIC_EnableIRQ                       0x08004e21   Thumb Code    26  stm32f7xx_hal_cortex.o(i.HAL_NVIC_EnableIRQ)
    HAL_NVIC_SetPriority                     0x08004e3d   Thumb Code    60  stm32f7xx_hal_cortex.o(i.HAL_NVIC_SetPriority)
    HAL_NVIC_SetPriorityGrouping             0x08004e7d   Thumb Code    28  stm32f7xx_hal_cortex.o(i.HAL_NVIC_SetPriorityGrouping)
    HAL_PWREx_EnableOverDrive                0x08004ea1   Thumb Code   100  stm32f7xx_hal_pwr_ex.o(i.HAL_PWREx_EnableOverDrive)
    HAL_RCCEx_PeriphCLKConfig                0x08004f0d   Thumb Code  1336  stm32f7xx_hal_rcc_ex.o(i.HAL_RCCEx_PeriphCLKConfig)
    HAL_RCC_ClockConfig                      0x08005449   Thumb Code   282  stm32f7xx_hal_rcc.o(i.HAL_RCC_ClockConfig)
    HAL_RCC_GetPCLK1Freq                     0x08005575   Thumb Code    20  stm32f7xx_hal_rcc.o(i.HAL_RCC_GetPCLK1Freq)
    HAL_RCC_GetPCLK2Freq                     0x08005595   Thumb Code    20  stm32f7xx_hal_rcc.o(i.HAL_RCC_GetPCLK2Freq)
    HAL_RCC_GetSysClockFreq                  0x080055b5   Thumb Code    88  stm32f7xx_hal_rcc.o(i.HAL_RCC_GetSysClockFreq)
    HAL_RCC_OscConfig                        0x08005615   Thumb Code   814  stm32f7xx_hal_rcc.o(i.HAL_RCC_OscConfig)
    HAL_SYSTICK_Config                       0x08005951   Thumb Code    38  stm32f7xx_hal_cortex.o(i.HAL_SYSTICK_Config)
    HAL_TIMEx_Break2Callback                 0x08005977   Thumb Code     2  stm32f7xx_hal_tim_ex.o(i.HAL_TIMEx_Break2Callback)
    HAL_TIMEx_BreakCallback                  0x08005979   Thumb Code     2  stm32f7xx_hal_tim_ex.o(i.HAL_TIMEx_BreakCallback)
    HAL_TIMEx_CommutCallback                 0x0800597b   Thumb Code     2  stm32f7xx_hal_tim_ex.o(i.HAL_TIMEx_CommutCallback)
    HAL_TIMEx_ConfigBreakDeadTime            0x0800597d   Thumb Code   150  stm32f7xx_hal_tim_ex.o(i.HAL_TIMEx_ConfigBreakDeadTime)
    HAL_TIMEx_MasterConfigSynchronization    0x08005a1d   Thumb Code    88  stm32f7xx_hal_tim_ex.o(i.HAL_TIMEx_MasterConfigSynchronization)
    HAL_TIM_Base_Init                        0x08005a7d   Thumb Code    54  stm32f7xx_hal_tim.o(i.HAL_TIM_Base_Init)
    HAL_TIM_Base_MspInit                     0x08005ab5   Thumb Code    50  tim.o(i.HAL_TIM_Base_MspInit)
    HAL_TIM_Base_Start_IT                    0x08005af1   Thumb Code    40  stm32f7xx_hal_tim.o(i.HAL_TIM_Base_Start_IT)
    HAL_TIM_IC_CaptureCallback               0x08005b1d   Thumb Code     2  stm32f7xx_hal_tim.o(i.HAL_TIM_IC_CaptureCallback)
    HAL_TIM_IRQHandler                       0x08005b1f   Thumb Code   386  stm32f7xx_hal_tim.o(i.HAL_TIM_IRQHandler)
    HAL_TIM_MspPostInit                      0x08005ca1   Thumb Code   148  tim.o(i.HAL_TIM_MspPostInit)
    HAL_TIM_OC_ConfigChannel                 0x08005d49   Thumb Code   114  stm32f7xx_hal_tim.o(i.HAL_TIM_OC_ConfigChannel)
    HAL_TIM_OC_DelayElapsedCallback          0x08005dbb   Thumb Code     2  stm32f7xx_hal_tim.o(i.HAL_TIM_OC_DelayElapsedCallback)
    HAL_TIM_OC_Init                          0x08005dbd   Thumb Code    54  stm32f7xx_hal_tim.o(i.HAL_TIM_OC_Init)
    HAL_TIM_OC_MspInit                       0x08005df3   Thumb Code     2  stm32f7xx_hal_tim.o(i.HAL_TIM_OC_MspInit)
    HAL_TIM_PWM_ConfigChannel                0x08005df5   Thumb Code   296  stm32f7xx_hal_tim.o(i.HAL_TIM_PWM_ConfigChannel)
    HAL_TIM_PWM_Init                         0x08005f1d   Thumb Code    54  stm32f7xx_hal_tim.o(i.HAL_TIM_PWM_Init)
    HAL_TIM_PWM_MspInit                      0x08005f55   Thumb Code    62  tim.o(i.HAL_TIM_PWM_MspInit)
    HAL_TIM_PWM_PulseFinishedCallback        0x08005fa5   Thumb Code     2  stm32f7xx_hal_tim.o(i.HAL_TIM_PWM_PulseFinishedCallback)
    HAL_TIM_PWM_Start                        0x08005fa9   Thumb Code    64  stm32f7xx_hal_tim.o(i.HAL_TIM_PWM_Start)
    HAL_TIM_PeriodElapsedCallback            0x08005ff5   Thumb Code    86  tim.o(i.HAL_TIM_PeriodElapsedCallback)
    HAL_TIM_TriggerCallback                  0x08006059   Thumb Code     2  stm32f7xx_hal_tim.o(i.HAL_TIM_TriggerCallback)
    HAL_UART_ErrorCallback                   0x0800605b   Thumb Code     2  stm32f7xx_hal_uart.o(i.HAL_UART_ErrorCallback)
    HAL_UART_IRQHandler                      0x0800605d   Thumb Code   292  stm32f7xx_hal_uart.o(i.HAL_UART_IRQHandler)
    HAL_UART_Init                            0x08006185   Thumb Code   102  stm32f7xx_hal_uart.o(i.HAL_UART_Init)
    HAL_UART_MspInit                         0x080061ed   Thumb Code   152  usart.o(i.HAL_UART_MspInit)
    HAL_UART_Receive_IT                      0x08006299   Thumb Code   164  stm32f7xx_hal_uart.o(i.HAL_UART_Receive_IT)
    HAL_UART_RxCpltCallback                  0x08006345   Thumb Code   306  usart.o(i.HAL_UART_RxCpltCallback)
    HAL_UART_Transmit_DMA                    0x0800648d   Thumb Code   134  stm32f7xx_hal_uart.o(i.HAL_UART_Transmit_DMA)
    HAL_UART_TxCpltCallback                  0x08006521   Thumb Code     2  stm32f7xx_hal_uart.o(i.HAL_UART_TxCpltCallback)
    HAL_UART_TxHalfCpltCallback              0x08006523   Thumb Code     2  stm32f7xx_hal_uart.o(i.HAL_UART_TxHalfCpltCallback)
    HardFault_Handler                        0x08006525   Thumb Code     2  stm32f7xx_it.o(i.HardFault_Handler)
    I2C1_EV_IRQHandler                       0x08006529   Thumb Code     6  stm32f7xx_it.o(i.I2C1_EV_IRQHandler)
    InitTimer_Outputs_wrapper                0x08007105   Thumb Code     6  inittimer_wrapper.o(i.InitTimer_Outputs_wrapper)
    InitUART_Outputs_wrapper                 0x08007111   Thumb Code    10  inituart_wrapper.o(i.InitUART_Outputs_wrapper)
    MX_ADC1_Init                             0x08009ac5   Thumb Code   262  adc.o(i.MX_ADC1_Init)
    MX_CAN2_Init                             0x08009bd9   Thumb Code    62  can.o(i.MX_CAN2_Init)
    MX_DMA_Init                              0x08009c21   Thumb Code    72  dma.o(i.MX_DMA_Init)
    MX_GFXSIMULATOR_Init                     0x08009c6d   Thumb Code     2  gfxsimulator.o(i.MX_GFXSIMULATOR_Init)
    MX_GPIO_Init                             0x08009c71   Thumb Code   318  gpio.o(i.MX_GPIO_Init)
    MX_I2C1_Init                             0x08009dc5   Thumb Code    76  i2c.o(i.MX_I2C1_Init)
    MX_TIM1_Init                             0x08009e1d   Thumb Code   212  tim.o(i.MX_TIM1_Init)
    MX_TIM2_Init                             0x08009ef9   Thumb Code   110  tim.o(i.MX_TIM2_Init)
    MX_TIM5_Init                             0x08009f6d   Thumb Code   106  tim.o(i.MX_TIM5_Init)
    MX_TIM6_Init                             0x08009fe1   Thumb Code    62  tim.o(i.MX_TIM6_Init)
    MX_UART4_Init                            0x0800a029   Thumb Code    52  usart.o(i.MX_UART4_Init)
    MemManage_Handler                        0x0800a065   Thumb Code     2  stm32f7xx_it.o(i.MemManage_Handler)
    NMI_Handler                              0x0800a0d1   Thumb Code     2  stm32f7xx_it.o(i.NMI_Handler)
    PackCANMsg_Outputs_wrapper               0x0800a0d3   Thumb Code    46  packcanmsg_wrapper.o(i.PackCANMsg_Outputs_wrapper)
    PackUARTMsg_Outputs_wrapper              0x0800a101   Thumb Code    32  packuartmsg_wrapper.o(i.PackUARTMsg_Outputs_wrapper)
    PendSV_Handler                           0x0800a121   Thumb Code     2  stm32f7xx_it.o(i.PendSV_Handler)
    Read_oil_sensor_Outputs_wrapper          0x0800a125   Thumb Code    16  read_oil_sensor_wrapper.o(i.Read_oil_sensor_Outputs_wrapper)
    SVC_Handler                              0x0800a139   Thumb Code     2  stm32f7xx_it.o(i.SVC_Handler)
    ScanADC_Outputs_wrapper                  0x0800a13d   Thumb Code    10  scanadc_wrapper.o(i.ScanADC_Outputs_wrapper)
    StopLight_init_Outputs_wrapper           0x0800a151   Thumb Code    16  stoplight_init_wrapper.o(i.StopLight_init_Outputs_wrapper)
    SysTick_Handler                          0x0800a165   Thumb Code     4  stm32f7xx_it.o(i.SysTick_Handler)
    SystemClock_Config                       0x0800a169   Thumb Code   150  main.o(i.SystemClock_Config)
    SystemInit                               0x0800a209   Thumb Code    68  system_stm32f7xx.o(i.SystemInit)
    TIM6_DAC_IRQHandler                      0x0800a25d   Thumb Code     6  stm32f7xx_it.o(i.TIM6_DAC_IRQHandler)
    TIM_Base_SetConfig                       0x0800a269   Thumb Code   158  stm32f7xx_hal_tim.o(i.TIM_Base_SetConfig)
    TIM_CCxChannelCmd                        0x0800a335   Thumb Code    26  stm32f7xx_hal_tim.o(i.TIM_CCxChannelCmd)
    TIM_OC2_SetConfig                        0x0800a3c5   Thumb Code   108  stm32f7xx_hal_tim.o(i.TIM_OC2_SetConfig)
    UART4_IRQHandler                         0x0800a5bd   Thumb Code     6  stm32f7xx_it.o(i.UART4_IRQHandler)
    UART_AdvFeatureConfig                    0x0800a5c9   Thumb Code   200  stm32f7xx_hal_uart.o(i.UART_AdvFeatureConfig)
    UART_CheckIdleState                      0x0800a691   Thumb Code    60  stm32f7xx_hal_uart.o(i.UART_CheckIdleState)
    UART_SetConfig                           0x0800a845   Thumb Code   546  stm32f7xx_hal_uart.o(i.UART_SetConfig)
    UART_WaitOnFlagUntilTimeout              0x0800aa99   Thumb Code    96  stm32f7xx_hal_uart.o(i.UART_WaitOnFlagUntilTimeout)
    UnpackCanUART_Outputs_wrapper            0x0800aaf9   Thumb Code    38  unpackcanuart_wrapper.o(i.UnpackCanUART_Outputs_wrapper)
    UsageFault_Handler                       0x0800ab1f   Thumb Code     2  stm32f7xx_it.o(i.UsageFault_Handler)
    __scatterload_copy                       0x0800ab43   Thumb Code    14  handlers.o(i.__scatterload_copy)
    __scatterload_null                       0x0800ab51   Thumb Code     2  handlers.o(i.__scatterload_null)
    __scatterload_zeroinit                   0x0800ab53   Thumb Code    14  handlers.o(i.__scatterload_zeroinit)
    activateBuzzer_Outputs_wrapper           0x0800abc1   Thumb Code    12  activatebuzzer_wrapper.o(i.activateBuzzer_Outputs_wrapper)
    load_accParameters_Outputs_wrapper       0x0800ae71   Thumb Code    52  load_accparameters_wrapper.o(i.load_accParameters_Outputs_wrapper)
    load_antiStallParameters_Outputs_wrapper 0x0800aea5   Thumb Code    16  load_antistallparameters_wrapper.o(i.load_antiStallParameters_Outputs_wrapper)
    load_autoXParameters_Outputs_wrapper     0x0800aeb5   Thumb Code    52  load_autoxparameters_wrapper.o(i.load_autoXParameters_Outputs_wrapper)
    load_default_timings_Outputs_wrapper     0x0800aee9   Thumb Code    76  load_default_timings_wrapper.o(i.load_default_timings_Outputs_wrapper)
    main                                     0x0800afd5   Thumb Code   130  main.o(i.main)
    rtGetInf                                 0x0800b061   Thumb Code    16  gcu_model_gencode.o(i.rtGetInf)
    rtGetMinusInf                            0x0800b075   Thumb Code    16  gcu_model_gencode.o(i.rtGetMinusInf)
    rtGetNaN                                 0x0800b089   Thumb Code    16  gcu_model_gencode.o(i.rtGetNaN)
    rtGetNaNF                                0x0800b09d   Thumb Code     8  gcu_model_gencode.o(i.rtGetNaNF)
    rt_InitInfAndNaN                         0x0800b0a9   Thumb Code    48  gcu_model_gencode.o(i.rt_InitInfAndNaN)
    sendCAN_Outputs_wrapper                  0x0800b131   Thumb Code    48  sendcan_wrapper.o(i.sendCAN_Outputs_wrapper)
    sendEepromUART_Outputs_wrapper           0x0800b16d   Thumb Code    44  sendeepromuart_wrapper.o(i.sendEepromUART_Outputs_wrapper)
    sendUART_Outputs_wrapper                 0x0800b1a5   Thumb Code    50  senduart_wrapper.o(i.sendUART_Outputs_wrapper)
    setKeyOn_Outputs_wrapper                 0x0800b1e5   Thumb Code    20  setkeyon_wrapper.o(i.setKeyOn_Outputs_wrapper)
    stopBuzzer_Outputs_wrapper               0x0800b425   Thumb Code    10  stopbuzzer_wrapper.o(i.stopBuzzer_Outputs_wrapper)
    update_ADC_data_Outputs_wrapper          0x0800b5e9   Thumb Code    20  update_adc_data_wrapper.o(i.update_ADC_data_Outputs_wrapper)
    GCU_Model_genCode_U16GND                 0x0800b5fc   Data           2  gcu_model_gencode.o(.constdata)
    rtM                                      0x0800b600   Data           4  gcu_model_gencode.o(.constdata)
    rtConstP                                 0x0800b608   Data         248  gcu_model_gencode_data.o(.constdata)
    AHBPrescTable                            0x0800b708   Data          16  system_stm32f7xx.o(.constdata)
    APBPrescTable                            0x0800b718   Data           8  system_stm32f7xx.o(.constdata)
    Region$$Table$$Base                      0x0800b720   Number         0  anon$$obj.o(Region$$Table)
    Region$$Table$$Limit                     0x0800b740   Number         0  anon$$obj.o(Region$$Table)
    CAN_Received_0_Message_Data              0x20000000   Data           8  can.o(.data)
    GCU_Packet_Data                          0x20000008   Data           8  can.o(.data)
    sendUartFlag                             0x20000010   Data           1  tim.o(.data)
    timer6_counter1                          0x20000014   Data           4  tim.o(.data)
    timer6_counter2                          0x20000018   Data           4  tim.o(.data)
    timer6_counter3                          0x2000001c   Data           4  tim.o(.data)
    readData                                 0x20000020   Data           1  usart.o(.data)
    temp                                     0x20000021   Data           3  usart.o(.data)
    header                                   0x20000024   Data           4  usart.o(.data)
    headerEeprom                             0x20000028   Data           4  usart.o(.data)
    headerModEeprom                          0x2000002c   Data           4  usart.o(.data)
    flag                                     0x20000030   Data           4  usart.o(.data)
    rtM_                                     0x20000034   Data           8  gcu_model_gencode.o(.data)
    rtInfF                                   0x20000040   Data           4  gcu_model_gencode.o(.data)
    rtMinusInfF                              0x20000044   Data           4  gcu_model_gencode.o(.data)
    rtNaNF                                   0x20000048   Data           4  gcu_model_gencode.o(.data)
    rtInf                                    0x20000050   Data           8  gcu_model_gencode.o(.data)
    rtMinusInf                               0x20000058   Data           8  gcu_model_gencode.o(.data)
    rtNaN                                    0x20000060   Data           8  gcu_model_gencode.o(.data)
    uwTickFreq                               0x20000068   Data           1  stm32f7xx_hal.o(.data)
    uwTickPrio                               0x2000006c   Data           4  stm32f7xx_hal.o(.data)
    uwTick                                   0x20000070   Data           4  stm32f7xx_hal.o(.data)
    SystemCoreClock                          0x20000074   Data           4  system_stm32f7xx.o(.data)
    tempMsg                                  0x20000078   Data          44  main.o(.bss)
    tempEepromUartMsg                        0x200000a4   Data          22  main.o(.bss)
    tempEepromMsg                            0x200000ba   Data          16  main.o(.bss)
    hadc1                                    0x200000cc   Data          72  adc.o(.bss)
    hdma_adc1                                0x20000114   Data          96  adc.o(.bss)
    CAN_Filter_Config                        0x20000174   Data          40  can.o(.bss)
    CAN_Received_0_Message_Header            0x2000019c   Data          28  can.o(.bss)
    GCU_Packet_Header                        0x200001b8   Data          24  can.o(.bss)
    hcan2                                    0x200001d0   Data          40  can.o(.bss)
    hi2c1                                    0x200001f8   Data          76  i2c.o(.bss)
    htim1                                    0x20000244   Data          64  tim.o(.bss)
    htim2                                    0x20000284   Data          64  tim.o(.bss)
    htim5                                    0x200002c4   Data          64  tim.o(.bss)
    htim6                                    0x20000304   Data          64  tim.o(.bss)
    rxData                                   0x20000344   Data          10  usart.o(.bss)
    rxDataEeprom                             0x2000034e   Data          20  usart.o(.bss)
    huart4                                   0x20000364   Data         128  usart.o(.bss)
    hdma_uart4_tx                            0x200003e4   Data          96  usart.o(.bss)
    rtDW                                     0x20000448   Data        4176  gcu_model_gencode.o(.bss)
    rtU                                      0x20001498   Data          96  gcu_model_gencode.o(.bss)
    rtY                                      0x200014f8   Data         376  gcu_model_gencode.o(.bss)
    __initial_sp                             0x20001a70   Data           0  startup_stm32f767xx.o(STACK)



==============================================================================

Memory Map of the image

  Image Entry point : 0x080001f9

  Load Region LR_IROM1 (Base: 0x08000000, Size: 0x0000b7b8, Max: 0x00200000, ABSOLUTE)

    Execution Region ER_IROM1 (Exec base: 0x08000000, Load base: 0x08000000, Size: 0x0000b740, Max: 0x00200000, ABSOLUTE)

    Exec Addr    Load Addr    Size         Type   Attr      Idx    E Section Name        Object

    0x08000000   0x08000000   0x000001f8   Data   RO            3    RESET               startup_stm32f767xx.o
    0x080001f8   0x080001f8   0x00000000   Code   RO         5809  * .ARM.Collect$$$$00000000  mc_w.l(entry.o)
    0x080001f8   0x080001f8   0x00000004   Code   RO         5822    .ARM.Collect$$$$00000001  mc_w.l(entry2.o)
    0x080001fc   0x080001fc   0x00000004   Code   RO         5825    .ARM.Collect$$$$00000004  mc_w.l(entry5.o)
    0x08000200   0x08000200   0x00000000   Code   RO         5827    .ARM.Collect$$$$00000008  mc_w.l(entry7b.o)
    0x08000200   0x08000200   0x00000000   Code   RO         5829    .ARM.Collect$$$$0000000A  mc_w.l(entry8b.o)
    0x08000200   0x08000200   0x00000008   Code   RO         5830    .ARM.Collect$$$$0000000B  mc_w.l(entry9a.o)
    0x08000208   0x08000208   0x00000000   Code   RO         5832    .ARM.Collect$$$$0000000D  mc_w.l(entry10a.o)
    0x08000208   0x08000208   0x00000000   Code   RO         5834    .ARM.Collect$$$$0000000F  mc_w.l(entry11a.o)
    0x08000208   0x08000208   0x00000004   Code   RO         5823    .ARM.Collect$$$$00002712  mc_w.l(entry2.o)
    0x0800020c   0x0800020c   0x00000024   Code   RO            4    .text               startup_stm32f767xx.o
    0x08000230   0x08000230   0x00000062   Code   RO         5812    .text               mc_w.l(uldiv.o)
    0x08000292   0x08000292   0x00000024   Code   RO         5814    .text               mc_w.l(memcpya.o)
    0x080002b6   0x080002b6   0x00000024   Code   RO         5816    .text               mc_w.l(memseta.o)
    0x080002da   0x080002da   0x0000001e   Code   RO         5818    .text               mc_w.l(strncmp.o)
    0x080002f8   0x080002f8   0x0000001e   Code   RO         5836    .text               mc_w.l(llshl.o)
    0x08000316   0x08000316   0x00000020   Code   RO         5838    .text               mc_w.l(llushr.o)
    0x08000336   0x08000336   0x00000002   PAD
    0x08000338   0x08000338   0x00000024   Code   RO         5840    .text               mc_w.l(init.o)
    0x0800035c   0x0800035c   0x0000040c   Code   RO         1815    i.ACCELERATION      gcu_model_gencode.o
    0x08000768   0x08000768   0x00000358   Code   RO         1816    i.ACCELERATION_PID  gcu_model_gencode.o
    0x08000ac0   0x08000ac0   0x0000006e   Code   RO         2264    i.ADC_DMAConvCplt   stm32f7xx_hal_adc.o
    0x08000b2e   0x08000b2e   0x00000016   Code   RO         2265    i.ADC_DMAError      stm32f7xx_hal_adc.o
    0x08000b44   0x08000b44   0x0000000a   Code   RO         2266    i.ADC_DMAHalfConvCplt  stm32f7xx_hal_adc.o
    0x08000b4e   0x08000b4e   0x00000002   PAD
    0x08000b50   0x08000b50   0x0000000c   Code   RO         1664    i.ADC_IRQHandler    stm32f7xx_it.o
    0x08000b5c   0x08000b5c   0x00000138   Code   RO         2267    i.ADC_Init          stm32f7xx_hal_adc.o
    0x08000c94   0x08000c94   0x00000418   Code   RO         1817    i.AUTOCROSS         gcu_model_gencode.o
    0x080010ac   0x080010ac   0x00000002   Code   RO         1665    i.BusFault_Handler  stm32f7xx_it.o
    0x080010ae   0x080010ae   0x00000002   PAD
    0x080010b0   0x080010b0   0x00000014   Code   RO          159    i.Buzzer_init_Outputs_wrapper  buzzer_init_wrapper.o
    0x080010c4   0x080010c4   0x0000000c   Code   RO         1666    i.CAN2_RX0_IRQHandler  stm32f7xx_it.o
    0x080010d0   0x080010d0   0x0000000c   Code   RO         1667    i.CAN2_RX1_IRQHandler  stm32f7xx_it.o
    0x080010dc   0x080010dc   0x0000000c   Code   RO         1668    i.CAN2_TX_IRQHandler  stm32f7xx_it.o
    0x080010e8   0x080010e8   0x000000d4   Code   RO          209    i.CAN_Filter_Setup_Outputs_wrapper  can_filter_setup_wrapper.o
    0x080011bc   0x080011bc   0x0000002c   Code   RO          271    i.CAN_Restart_Outputs_wrapper  can_restart_wrapper.o
    0x080011e8   0x080011e8   0x0000002c   Code   RO          296    i.CAN_Start_Outputs_wrapper  can_start_wrapper.o
    0x08001214   0x08001214   0x0000001c   Code   RO          321    i.ClutchMotor_init_Outputs_wrapper  clutchmotor_init_wrapper.o
    0x08001230   0x08001230   0x00000044   Code   RO          371    i.ClutchMotor_setPWMRegister_Outputs_wrapper  clutchmotor_setpwmregister_wrapper.o
    0x08001274   0x08001274   0x0000004c   Code   RO          346    i.ClutchMotor_setPosition_Outputs_wrapper  clutchmotor_setposition_wrapper.o
    0x080012c0   0x080012c0   0x00000024   Code   RO         1818    i.Clutch_setValue   gcu_model_gencode.o
    0x080012e4   0x080012e4   0x0000023c   Code   RO         1819    i.DEFAULT           gcu_model_gencode.o
    0x08001520   0x08001520   0x0000000c   Code   RO         1669    i.DMA1_Stream4_IRQHandler  stm32f7xx_it.o
    0x0800152c   0x0800152c   0x0000000c   Code   RO         1670    i.DMA2_Stream0_IRQHandler  stm32f7xx_it.o
    0x08001538   0x08001538   0x00000028   Code   RO         5129    i.DMA_CalcBaseAndBitshift  stm32f7xx_hal_dma.o
    0x08001560   0x08001560   0x00000054   Code   RO         5130    i.DMA_CheckFifoParam  stm32f7xx_hal_dma.o
    0x080015b4   0x080015b4   0x00000028   Code   RO         5131    i.DMA_SetConfig     stm32f7xx_hal_dma.o
    0x080015dc   0x080015dc   0x00000002   Code   RO         1671    i.DebugMon_Handler  stm32f7xx_it.o
    0x080015de   0x080015de   0x00000002   PAD
    0x080015e0   0x080015e0   0x00000034   Code   RO          408    i.Eeprom_init_Outputs_wrapper  eeprom_init_wrapper.o
    0x08001614   0x08001614   0x00000030   Code   RO          433    i.Eeprom_read_Outputs_wrapper  eeprom_read_wrapper.o
    0x08001644   0x08001644   0x00000060   Code   RO          458    i.Eeprom_write_Outputs_wrapper  eeprom_write_wrapper.o
    0x080016a4   0x080016a4   0x0000000e   Code   RO          480    i.Efi_init_Outputs_wrapper  efi_init_wrapper.o
    0x080016b2   0x080016b2   0x00000002   PAD
    0x080016b4   0x080016b4   0x00000010   Code   RO          511    i.Efi_setCut_Outputs_wrapper  efi_setcut_wrapper.o
    0x080016c4   0x080016c4   0x00000010   Code   RO          535    i.Efi_setMap_Outputs_wrapper  efi_setmap_wrapper.o
    0x080016d4   0x080016d4   0x00000010   Code   RO          559    i.Efi_setRPMLimiter_Outputs_wrapper  efi_setrpmlimiter_wrapper.o
    0x080016e4   0x080016e4   0x00000010   Code   RO          595    i.Efi_unsetCut_Outputs_wrapper  efi_unsetcut_wrapper.o
    0x080016f4   0x080016f4   0x00000010   Code   RO          619    i.Efi_unsetRPMLimiter_Outputs_wrapper  efi_unsetrpmlimiter_wrapper.o
    0x08001704   0x08001704   0x00000012   Code   RO         1820    i.EngineControl_Start  gcu_model_gencode.o
    0x08001716   0x08001716   0x00000002   PAD
    0x08001718   0x08001718   0x00000014   Code   RO          643    i.EngineControl_start_Outputs_wrapper  enginecontrol_start_wrapper.o
    0x0800172c   0x0800172c   0x00000014   Code   RO          667    i.EngineControl_stop_Outputs_wrapper  enginecontrol_stop_wrapper.o
    0x08001740   0x08001740   0x00000002   Code   RO         1226    i.Error_Handler     main.o
    0x08001742   0x08001742   0x00000002   PAD
    0x08001744   0x08001744   0x00000230   Code   RO         1821    i.Evaluate_Request  gcu_model_gencode.o
    0x08001974   0x08001974   0x00000014   Code   RO          691    i.FuelPump_init_Outputs_wrapper  fuelpump_init_wrapper.o
    0x08001988   0x08001988   0x000001c0   Code   RO         1822    i.GCU_Model_genCode_initialize  gcu_model_gencode.o
    0x08001b48   0x08001b48   0x00000b08   Code   RO         1824    i.GCU_Model_genCode_step1  gcu_model_gencode.o
    0x08002650   0x08002650   0x00000482   Code   RO         1825    i.GCU_Model_genCode_step2  gcu_model_gencode.o
    0x08002ad2   0x08002ad2   0x00000002   PAD
    0x08002ad4   0x08002ad4   0x0000012c   Code   RO         1826    i.GCU_Model_genCode_step3  gcu_model_gencode.o
    0x08002c00   0x08002c00   0x00000380   Code   RO         1827    i.GCU_Model_genCode_step4  gcu_model_gencode.o
    0x08002f80   0x08002f80   0x000001e8   Code   RO         1828    i.GCU_Model_genCode_step5  gcu_model_gencode.o
    0x08003168   0x08003168   0x00000140   Code   RO         1829    i.GCU_Model_genCode_step6  gcu_model_gencode.o
    0x080032a8   0x080032a8   0x000002b8   Code   RO         1830    i.GEARSHIFT         gcu_model_gencode.o
    0x08003560   0x08003560   0x00000034   Code   RO          716    i.GearMotor_brake_Outputs_wrapper  gearmotor_brake_wrapper.o
    0x08003594   0x08003594   0x0000000a   Code   RO          740    i.GearMotor_init_Outputs_wrapper  gearmotor_init_wrapper.o
    0x0800359e   0x0800359e   0x00000002   PAD
    0x080035a0   0x080035a0   0x00000014   Code   RO          764    i.GearMotor_release_Outputs_wrapper  gearmotor_release_wrapper.o
    0x080035b4   0x080035b4   0x00000034   Code   RO          788    i.GearMotor_turnLeft_Outputs_wrapper  gearmotor_turnleft_wrapper.o
    0x080035e8   0x080035e8   0x00000034   Code   RO          812    i.GearMotor_turnRight_Outputs_wrapper  gearmotor_turnright_wrapper.o
    0x0800361c   0x0800361c   0x00000026   Code   RO         1831    i.Gearmotor_brake   gcu_model_gencode.o
    0x08003642   0x08003642   0x00000002   PAD
    0x08003644   0x08003644   0x0000001c   Code   RO         1832    i.Gearmotor_release  gcu_model_gencode.o
    0x08003660   0x08003660   0x00000026   Code   RO         1833    i.Gearmotor_turnRight  gcu_model_gencode.o
    0x08003686   0x08003686   0x00000002   PAD
    0x08003688   0x08003688   0x000000b0   Code   RO         1834    i.Gearshift_getTime  gcu_model_gencode.o
    0x08003738   0x08003738   0x00000002   Code   RO         2438    i.HAL_ADCEx_InjectedConvCpltCallback  stm32f7xx_hal_adc_ex.o
    0x0800373a   0x0800373a   0x00000002   PAD
    0x0800373c   0x0800373c   0x00000164   Code   RO         2269    i.HAL_ADC_ConfigChannel  stm32f7xx_hal_adc.o
    0x080038a0   0x080038a0   0x00000014   Code   RO         1320    i.HAL_ADC_ConvCpltCallback  adc.o
    0x080038b4   0x080038b4   0x00000002   Code   RO         2271    i.HAL_ADC_ConvHalfCpltCallback  stm32f7xx_hal_adc.o
    0x080038b6   0x080038b6   0x00000002   Code   RO         2273    i.HAL_ADC_ErrorCallback  stm32f7xx_hal_adc.o
    0x080038b8   0x080038b8   0x0000013c   Code   RO         2277    i.HAL_ADC_IRQHandler  stm32f7xx_hal_adc.o
    0x080039f4   0x080039f4   0x00000054   Code   RO         2278    i.HAL_ADC_Init      stm32f7xx_hal_adc.o
    0x08003a48   0x08003a48   0x00000002   Code   RO         2279    i.HAL_ADC_LevelOutOfWindowCallback  stm32f7xx_hal_adc.o
    0x08003a4a   0x08003a4a   0x00000002   PAD
    0x08003a4c   0x08003a4c   0x000000ec   Code   RO         1322    i.HAL_ADC_MspInit   adc.o
    0x08003b38   0x08003b38   0x00000120   Code   RO         2285    i.HAL_ADC_Start_DMA  stm32f7xx_hal_adc.o
    0x08003c58   0x08003c58   0x00000024   Code   RO         2540    i.HAL_CAN_ActivateNotification  stm32f7xx_hal_can.o
    0x08003c7c   0x08003c7c   0x000000d6   Code   RO         2541    i.HAL_CAN_AddTxMessage  stm32f7xx_hal_can.o
    0x08003d52   0x08003d52   0x00000002   PAD
    0x08003d54   0x08003d54   0x00000120   Code   RO         2542    i.HAL_CAN_ConfigFilter  stm32f7xx_hal_can.o
    0x08003e74   0x08003e74   0x00000002   Code   RO         2545    i.HAL_CAN_ErrorCallback  stm32f7xx_hal_can.o
    0x08003e76   0x08003e76   0x00000002   PAD
    0x08003e78   0x08003e78   0x000000fa   Code   RO         2548    i.HAL_CAN_GetRxMessage  stm32f7xx_hal_can.o
    0x08003f72   0x08003f72   0x000001fc   Code   RO         2552    i.HAL_CAN_IRQHandler  stm32f7xx_hal_can.o
    0x0800416e   0x0800416e   0x0000011a   Code   RO         2553    i.HAL_CAN_Init      stm32f7xx_hal_can.o
    0x08004288   0x08004288   0x000000b4   Code   RO         1374    i.HAL_CAN_MspInit   can.o
    0x0800433c   0x0800433c   0x00000002   Code   RO         2560    i.HAL_CAN_RxFifo0FullCallback  stm32f7xx_hal_can.o
    0x0800433e   0x0800433e   0x00000002   PAD
    0x08004340   0x08004340   0x00000068   Code   RO         1375    i.HAL_CAN_RxFifo0MsgPendingCallback  can.o
    0x080043a8   0x080043a8   0x00000002   Code   RO         2562    i.HAL_CAN_RxFifo1FullCallback  stm32f7xx_hal_can.o
    0x080043aa   0x080043aa   0x00000002   Code   RO         2563    i.HAL_CAN_RxFifo1MsgPendingCallback  stm32f7xx_hal_can.o
    0x080043ac   0x080043ac   0x00000002   Code   RO         2564    i.HAL_CAN_SleepCallback  stm32f7xx_hal_can.o
    0x080043ae   0x080043ae   0x00000002   PAD
    0x080043b0   0x080043b0   0x00000058   Code   RO         2565    i.HAL_CAN_Start     stm32f7xx_hal_can.o
    0x08004408   0x08004408   0x00000002   Code   RO         2567    i.HAL_CAN_TxMailbox0AbortCallback  stm32f7xx_hal_can.o
    0x0800440a   0x0800440a   0x00000002   Code   RO         2568    i.HAL_CAN_TxMailbox0CompleteCallback  stm32f7xx_hal_can.o
    0x0800440c   0x0800440c   0x00000002   Code   RO         2569    i.HAL_CAN_TxMailbox1AbortCallback  stm32f7xx_hal_can.o
    0x0800440e   0x0800440e   0x00000002   Code   RO         2570    i.HAL_CAN_TxMailbox1CompleteCallback  stm32f7xx_hal_can.o
    0x08004410   0x08004410   0x00000002   Code   RO         2571    i.HAL_CAN_TxMailbox2AbortCallback  stm32f7xx_hal_can.o
    0x08004412   0x08004412   0x00000002   Code   RO         2572    i.HAL_CAN_TxMailbox2CompleteCallback  stm32f7xx_hal_can.o
    0x08004414   0x08004414   0x00000002   Code   RO         2574    i.HAL_CAN_WakeUpFromRxMsgCallback  stm32f7xx_hal_can.o
    0x08004416   0x08004416   0x00000024   Code   RO         5133    i.HAL_DMA_Abort_IT  stm32f7xx_hal_dma.o
    0x0800443a   0x0800443a   0x00000002   PAD
    0x0800443c   0x0800443c   0x000001a0   Code   RO         5137    i.HAL_DMA_IRQHandler  stm32f7xx_hal_dma.o
    0x080045dc   0x080045dc   0x000000e4   Code   RO         5138    i.HAL_DMA_Init      stm32f7xx_hal_dma.o
    0x080046c0   0x080046c0   0x0000007a   Code   RO         5142    i.HAL_DMA_Start_IT  stm32f7xx_hal_dma.o
    0x0800473a   0x0800473a   0x00000002   PAD
    0x0800473c   0x0800473c   0x00000024   Code   RO         5499    i.HAL_Delay         stm32f7xx_hal.o
    0x08004760   0x08004760   0x000001d8   Code   RO         5066    i.HAL_GPIO_Init     stm32f7xx_hal_gpio.o
    0x08004938   0x08004938   0x0000000a   Code   RO         5068    i.HAL_GPIO_ReadPin  stm32f7xx_hal_gpio.o
    0x08004942   0x08004942   0x0000000e   Code   RO         5069    i.HAL_GPIO_TogglePin  stm32f7xx_hal_gpio.o
    0x08004950   0x08004950   0x0000000a   Code   RO         5070    i.HAL_GPIO_WritePin  stm32f7xx_hal_gpio.o
    0x0800495a   0x0800495a   0x00000002   PAD
    0x0800495c   0x0800495c   0x0000000c   Code   RO         5509    i.HAL_GetTick       stm32f7xx_hal.o
    0x08004968   0x08004968   0x00000058   Code   RO         3365    i.HAL_I2CEx_ConfigAnalogFilter  stm32f7xx_hal_i2c_ex.o
    0x080049c0   0x080049c0   0x00000054   Code   RO         3366    i.HAL_I2CEx_ConfigDigitalFilter  stm32f7xx_hal_i2c_ex.o
    0x08004a14   0x08004a14   0x00000002   Code   RO         2908    i.HAL_I2C_AbortCpltCallback  stm32f7xx_hal_i2c.o
    0x08004a16   0x08004a16   0x00000002   Code   RO         2909    i.HAL_I2C_AddrCallback  stm32f7xx_hal_i2c.o
    0x08004a18   0x08004a18   0x00000010   Code   RO         2913    i.HAL_I2C_EV_IRQHandler  stm32f7xx_hal_i2c.o
    0x08004a28   0x08004a28   0x00000002   Code   RO         2915    i.HAL_I2C_ErrorCallback  stm32f7xx_hal_i2c.o
    0x08004a2a   0x08004a2a   0x00000002   PAD
    0x08004a2c   0x08004a2c   0x000000b8   Code   RO         2919    i.HAL_I2C_Init      stm32f7xx_hal_i2c.o
    0x08004ae4   0x08004ae4   0x00000002   Code   RO         2921    i.HAL_I2C_ListenCpltCallback  stm32f7xx_hal_i2c.o
    0x08004ae6   0x08004ae6   0x00000002   Code   RO         2922    i.HAL_I2C_MasterRxCpltCallback  stm32f7xx_hal_i2c.o
    0x08004ae8   0x08004ae8   0x00000002   Code   RO         2923    i.HAL_I2C_MasterTxCpltCallback  stm32f7xx_hal_i2c.o
    0x08004aea   0x08004aea   0x00000002   Code   RO         2935    i.HAL_I2C_MemRxCpltCallback  stm32f7xx_hal_i2c.o
    0x08004aec   0x08004aec   0x00000002   Code   RO         2936    i.HAL_I2C_MemTxCpltCallback  stm32f7xx_hal_i2c.o
    0x08004aee   0x08004aee   0x00000002   PAD
    0x08004af0   0x08004af0   0x00000164   Code   RO         2937    i.HAL_I2C_Mem_Read  stm32f7xx_hal_i2c.o
    0x08004c54   0x08004c54   0x000000bc   Code   RO         2942    i.HAL_I2C_Mem_Write_IT  stm32f7xx_hal_i2c.o
    0x08004d10   0x08004d10   0x00000074   Code   RO         1488    i.HAL_I2C_MspInit   i2c.o
    0x08004d84   0x08004d84   0x00000002   Code   RO         2945    i.HAL_I2C_SlaveRxCpltCallback  stm32f7xx_hal_i2c.o
    0x08004d86   0x08004d86   0x00000002   Code   RO         2946    i.HAL_I2C_SlaveTxCpltCallback  stm32f7xx_hal_i2c.o
    0x08004d88   0x08004d88   0x00000010   Code   RO         5515    i.HAL_IncTick       stm32f7xx_hal.o
    0x08004d98   0x08004d98   0x00000016   Code   RO         5516    i.HAL_Init          stm32f7xx_hal.o
    0x08004dae   0x08004dae   0x00000002   PAD
    0x08004db0   0x08004db0   0x00000040   Code   RO         5517    i.HAL_InitTick      stm32f7xx_hal.o
    0x08004df0   0x08004df0   0x00000030   Code   RO         1794    i.HAL_MspInit       stm32f7xx_hal_msp.o
    0x08004e20   0x08004e20   0x0000001a   Code   RO         2778    i.HAL_NVIC_EnableIRQ  stm32f7xx_hal_cortex.o
    0x08004e3a   0x08004e3a   0x00000002   PAD
    0x08004e3c   0x08004e3c   0x00000040   Code   RO         2784    i.HAL_NVIC_SetPriority  stm32f7xx_hal_cortex.o
    0x08004e7c   0x08004e7c   0x00000024   Code   RO         2785    i.HAL_NVIC_SetPriorityGrouping  stm32f7xx_hal_cortex.o
    0x08004ea0   0x08004ea0   0x0000006c   Code   RO         5406    i.HAL_PWREx_EnableOverDrive  stm32f7xx_hal_pwr_ex.o
    0x08004f0c   0x08004f0c   0x0000053c   Code   RO         4827    i.HAL_RCCEx_PeriphCLKConfig  stm32f7xx_hal_rcc_ex.o
    0x08005448   0x08005448   0x0000012c   Code   RO         4720    i.HAL_RCC_ClockConfig  stm32f7xx_hal_rcc.o
    0x08005574   0x08005574   0x00000020   Code   RO         4727    i.HAL_RCC_GetPCLK1Freq  stm32f7xx_hal_rcc.o
    0x08005594   0x08005594   0x00000020   Code   RO         4728    i.HAL_RCC_GetPCLK2Freq  stm32f7xx_hal_rcc.o
    0x080055b4   0x080055b4   0x00000060   Code   RO         4729    i.HAL_RCC_GetSysClockFreq  stm32f7xx_hal_rcc.o
    0x08005614   0x08005614   0x0000033c   Code   RO         4732    i.HAL_RCC_OscConfig  stm32f7xx_hal_rcc.o
    0x08005950   0x08005950   0x00000026   Code   RO         2789    i.HAL_SYSTICK_Config  stm32f7xx_hal_cortex.o
    0x08005976   0x08005976   0x00000002   Code   RO         4094    i.HAL_TIMEx_Break2Callback  stm32f7xx_hal_tim_ex.o
    0x08005978   0x08005978   0x00000002   Code   RO         4095    i.HAL_TIMEx_BreakCallback  stm32f7xx_hal_tim_ex.o
    0x0800597a   0x0800597a   0x00000002   Code   RO         4096    i.HAL_TIMEx_CommutCallback  stm32f7xx_hal_tim_ex.o
    0x0800597c   0x0800597c   0x000000a0   Code   RO         4098    i.HAL_TIMEx_ConfigBreakDeadTime  stm32f7xx_hal_tim_ex.o
    0x08005a1c   0x08005a1c   0x00000060   Code   RO         4115    i.HAL_TIMEx_MasterConfigSynchronization  stm32f7xx_hal_tim_ex.o
    0x08005a7c   0x08005a7c   0x00000036   Code   RO         3409    i.HAL_TIM_Base_Init  stm32f7xx_hal_tim.o
    0x08005ab2   0x08005ab2   0x00000002   PAD
    0x08005ab4   0x08005ab4   0x0000003c   Code   RO         1530    i.HAL_TIM_Base_MspInit  tim.o
    0x08005af0   0x08005af0   0x0000002c   Code   RO         3414    i.HAL_TIM_Base_Start_IT  stm32f7xx_hal_tim.o
    0x08005b1c   0x08005b1c   0x00000002   Code   RO         3438    i.HAL_TIM_IC_CaptureCallback  stm32f7xx_hal_tim.o
    0x08005b1e   0x08005b1e   0x00000182   Code   RO         3452    i.HAL_TIM_IRQHandler  stm32f7xx_hal_tim.o
    0x08005ca0   0x08005ca0   0x000000a8   Code   RO         1531    i.HAL_TIM_MspPostInit  tim.o
    0x08005d48   0x08005d48   0x00000072   Code   RO         3453    i.HAL_TIM_OC_ConfigChannel  stm32f7xx_hal_tim.o
    0x08005dba   0x08005dba   0x00000002   Code   RO         3455    i.HAL_TIM_OC_DelayElapsedCallback  stm32f7xx_hal_tim.o
    0x08005dbc   0x08005dbc   0x00000036   Code   RO         3457    i.HAL_TIM_OC_Init   stm32f7xx_hal_tim.o
    0x08005df2   0x08005df2   0x00000002   Code   RO         3459    i.HAL_TIM_OC_MspInit  stm32f7xx_hal_tim.o
    0x08005df4   0x08005df4   0x00000128   Code   RO         3476    i.HAL_TIM_PWM_ConfigChannel  stm32f7xx_hal_tim.o
    0x08005f1c   0x08005f1c   0x00000036   Code   RO         3479    i.HAL_TIM_PWM_Init  stm32f7xx_hal_tim.o
    0x08005f52   0x08005f52   0x00000002   PAD
    0x08005f54   0x08005f54   0x00000050   Code   RO         1533    i.HAL_TIM_PWM_MspInit  tim.o
    0x08005fa4   0x08005fa4   0x00000002   Code   RO         3482    i.HAL_TIM_PWM_PulseFinishedCallback  stm32f7xx_hal_tim.o
    0x08005fa6   0x08005fa6   0x00000002   PAD
    0x08005fa8   0x08005fa8   0x0000004c   Code   RO         3484    i.HAL_TIM_PWM_Start  stm32f7xx_hal_tim.o
    0x08005ff4   0x08005ff4   0x00000064   Code   RO         1534    i.HAL_TIM_PeriodElapsedCallback  tim.o
    0x08006058   0x08006058   0x00000002   Code   RO         3495    i.HAL_TIM_TriggerCallback  stm32f7xx_hal_tim.o
    0x0800605a   0x0800605a   0x00000002   Code   RO         4385    i.HAL_UART_ErrorCallback  stm32f7xx_hal_uart.o
    0x0800605c   0x0800605c   0x00000128   Code   RO         4388    i.HAL_UART_IRQHandler  stm32f7xx_hal_uart.o
    0x08006184   0x08006184   0x00000066   Code   RO         4389    i.HAL_UART_Init     stm32f7xx_hal_uart.o
    0x080061ea   0x080061ea   0x00000002   PAD
    0x080061ec   0x080061ec   0x000000ac   Code   RO         1615    i.HAL_UART_MspInit  usart.o
    0x08006298   0x08006298   0x000000ac   Code   RO         4394    i.HAL_UART_Receive_IT  stm32f7xx_hal_uart.o
    0x08006344   0x08006344   0x00000148   Code   RO         1616    i.HAL_UART_RxCpltCallback  usart.o
    0x0800648c   0x0800648c   0x00000094   Code   RO         4398    i.HAL_UART_Transmit_DMA  stm32f7xx_hal_uart.o
    0x08006520   0x08006520   0x00000002   Code   RO         4400    i.HAL_UART_TxCpltCallback  stm32f7xx_hal_uart.o
    0x08006522   0x08006522   0x00000002   Code   RO         4401    i.HAL_UART_TxHalfCpltCallback  stm32f7xx_hal_uart.o
    0x08006524   0x08006524   0x00000002   Code   RO         1672    i.HardFault_Handler  stm32f7xx_it.o
    0x08006526   0x08006526   0x00000002   PAD
    0x08006528   0x08006528   0x0000000c   Code   RO         1673    i.I2C1_EV_IRQHandler  stm32f7xx_it.o
    0x08006534   0x08006534   0x00000028   Code   RO         2958    i.I2C_DMAAbort      stm32f7xx_hal_i2c.o
    0x0800655c   0x0800655c   0x00000056   Code   RO         2964    i.I2C_Disable_IRQ   stm32f7xx_hal_i2c.o
    0x080065b2   0x080065b2   0x00000002   PAD
    0x080065b4   0x080065b4   0x0000005c   Code   RO         2965    i.I2C_Enable_IRQ    stm32f7xx_hal_i2c.o
    0x08006610   0x08006610   0x00000022   Code   RO         2966    i.I2C_Flush_TXDR    stm32f7xx_hal_i2c.o
    0x08006632   0x08006632   0x00000088   Code   RO         2967    i.I2C_ITAddrCplt    stm32f7xx_hal_i2c.o
    0x080066ba   0x080066ba   0x00000002   PAD
    0x080066bc   0x080066bc   0x000000e0   Code   RO         2968    i.I2C_ITError       stm32f7xx_hal_i2c.o
    0x0800679c   0x0800679c   0x00000064   Code   RO         2969    i.I2C_ITListenCplt  stm32f7xx_hal_i2c.o
    0x08006800   0x08006800   0x000000bc   Code   RO         2970    i.I2C_ITMasterCplt  stm32f7xx_hal_i2c.o
    0x080068bc   0x080068bc   0x00000050   Code   RO         2971    i.I2C_ITMasterSeqCplt  stm32f7xx_hal_i2c.o
    0x0800690c   0x0800690c   0x000000f0   Code   RO         2972    i.I2C_ITSlaveCplt   stm32f7xx_hal_i2c.o
    0x080069fc   0x080069fc   0x00000054   Code   RO         2973    i.I2C_ITSlaveSeqCplt  stm32f7xx_hal_i2c.o
    0x08006a50   0x08006a50   0x00000088   Code   RO         2974    i.I2C_IsAcknowledgeFailed  stm32f7xx_hal_i2c.o
    0x08006ad8   0x08006ad8   0x00000110   Code   RO         2975    i.I2C_Master_ISR_DMA  stm32f7xx_hal_i2c.o
    0x08006be8   0x08006be8   0x00000128   Code   RO         2976    i.I2C_Master_ISR_IT  stm32f7xx_hal_i2c.o
    0x08006d10   0x08006d10   0x00000064   Code   RO         2977    i.I2C_RequestMemoryRead  stm32f7xx_hal_i2c.o
    0x08006d74   0x08006d74   0x00000064   Code   RO         2978    i.I2C_RequestMemoryWrite  stm32f7xx_hal_i2c.o
    0x08006dd8   0x08006dd8   0x000000de   Code   RO         2979    i.I2C_Slave_ISR_DMA  stm32f7xx_hal_i2c.o
    0x08006eb6   0x08006eb6   0x00000002   PAD
    0x08006eb8   0x08006eb8   0x00000124   Code   RO         2980    i.I2C_Slave_ISR_IT  stm32f7xx_hal_i2c.o
    0x08006fdc   0x08006fdc   0x0000002c   Code   RO         2981    i.I2C_TransferConfig  stm32f7xx_hal_i2c.o
    0x08007008   0x08007008   0x0000005a   Code   RO         2982    i.I2C_WaitOnFlagUntilTimeout  stm32f7xx_hal_i2c.o
    0x08007062   0x08007062   0x0000004e   Code   RO         2984    i.I2C_WaitOnSTOPFlagUntilTimeout  stm32f7xx_hal_i2c.o
    0x080070b0   0x080070b0   0x00000052   Code   RO         2985    i.I2C_WaitOnTXISFlagUntilTimeout  stm32f7xx_hal_i2c.o
    0x08007102   0x08007102   0x00000002   PAD
    0x08007104   0x08007104   0x0000000c   Code   RO          836    i.InitTimer_Outputs_wrapper  inittimer_wrapper.o
    0x08007110   0x08007110   0x00000014   Code   RO          861    i.InitUART_Outputs_wrapper  inituart_wrapper.o
    0x08007124   0x08007124   0x0000021c   Code   RO         1835    i.LAUNCH1           gcu_model_gencode.o
    0x08007340   0x08007340   0x00000208   Code   RO         1836    i.LAUNCH2           gcu_model_gencode.o
    0x08007548   0x08007548   0x00000208   Code   RO         1837    i.LAUNCH3           gcu_model_gencode.o
    0x08007750   0x08007750   0x00000220   Code   RO         1838    i.LAUNCH4           gcu_model_gencode.o
    0x08007970   0x08007970   0x00000224   Code   RO         1839    i.LAUNCH5           gcu_model_gencode.o
    0x08007b94   0x08007b94   0x00000224   Code   RO         1840    i.LAUNCH6           gcu_model_gencode.o
    0x08007db8   0x08007db8   0x0000021c   Code   RO         1841    i.LAUNCH7           gcu_model_gencode.o
    0x08007fd4   0x08007fd4   0x00000224   Code   RO         1842    i.LAUNCH8           gcu_model_gencode.o
    0x080081f8   0x080081f8   0x00000224   Code   RO         1843    i.LAUNCH9           gcu_model_gencode.o
    0x0800841c   0x0800841c   0x000001c0   Code   RO         1844    i.MODES             gcu_model_gencode.o
    0x080085dc   0x080085dc   0x00000214   Code   RO         1845    i.MODESACCELERATION_PIDLAUNCH  gcu_model_gencode.o
    0x080087f0   0x080087f0   0x00000208   Code   RO         1846    i.MODESACCELERATION_PIDLAUN_b  gcu_model_gencode.o
    0x080089f8   0x080089f8   0x00000214   Code   RO         1847    i.MODESACCELERATION_PIDLAUN_c  gcu_model_gencode.o
    0x08008c0c   0x08008c0c   0x00000214   Code   RO         1848    i.MODESACCELERATION_PIDLAUN_g  gcu_model_gencode.o
    0x08008e20   0x08008e20   0x0000020c   Code   RO         1849    i.MODESACCELERATION_PIDLAUN_h  gcu_model_gencode.o
    0x0800902c   0x0800902c   0x00000214   Code   RO         1850    i.MODESACCELERATION_PIDLAUN_k  gcu_model_gencode.o
    0x08009240   0x08009240   0x00000208   Code   RO         1851    i.MODESACCELERATION_PIDLAUN_n  gcu_model_gencode.o
    0x08009448   0x08009448   0x0000020c   Code   RO         1852    i.MODESACCELERATION_PIDLAUN_o  gcu_model_gencode.o
    0x08009654   0x08009654   0x00000214   Code   RO         1853    i.MODESACCELERATION_PIDLAU_bu  gcu_model_gencode.o
    0x08009868   0x08009868   0x00000214   Code   RO         1854    i.MODESACCELERATION_PIDLAU_gq  gcu_model_gencode.o
    0x08009a7c   0x08009a7c   0x00000008   Code   RO         1855    i.MODESACCELERATION_PI_Enable  gcu_model_gencode.o
    0x08009a84   0x08009a84   0x00000008   Code   RO         1856    i.MODESACCELERATION__b_Enable  gcu_model_gencode.o
    0x08009a8c   0x08009a8c   0x00000008   Code   RO         1857    i.MODESACCELERATION__g_Enable  gcu_model_gencode.o
    0x08009a94   0x08009a94   0x00000008   Code   RO         1858    i.MODESACCELERATION__i_Enable  gcu_model_gencode.o
    0x08009a9c   0x08009a9c   0x00000008   Code   RO         1859    i.MODESACCELERATION__j_Enable  gcu_model_gencode.o
    0x08009aa4   0x08009aa4   0x00000008   Code   RO         1860    i.MODESACCELERATION__k_Enable  gcu_model_gencode.o
    0x08009aac   0x08009aac   0x00000008   Code   RO         1861    i.MODESACCELERATION__o_Enable  gcu_model_gencode.o
    0x08009ab4   0x08009ab4   0x00000008   Code   RO         1862    i.MODESACCELERATION__p_Enable  gcu_model_gencode.o
    0x08009abc   0x08009abc   0x00000008   Code   RO         1863    i.MODESACCELERATION_ik_Enable  gcu_model_gencode.o
    0x08009ac4   0x08009ac4   0x00000114   Code   RO         1323    i.MX_ADC1_Init      adc.o
    0x08009bd8   0x08009bd8   0x00000048   Code   RO         1376    i.MX_CAN2_Init      can.o
    0x08009c20   0x08009c20   0x0000004c   Code   RO         1439    i.MX_DMA_Init       dma.o
    0x08009c6c   0x08009c6c   0x00000002   Code   RO         1463    i.MX_GFXSIMULATOR_Init  gfxsimulator.o
    0x08009c6e   0x08009c6e   0x00000002   PAD
    0x08009c70   0x08009c70   0x00000154   Code   RO         1296    i.MX_GPIO_Init      gpio.o
    0x08009dc4   0x08009dc4   0x00000058   Code   RO         1489    i.MX_I2C1_Init      i2c.o
    0x08009e1c   0x08009e1c   0x000000dc   Code   RO         1535    i.MX_TIM1_Init      tim.o
    0x08009ef8   0x08009ef8   0x00000074   Code   RO         1536    i.MX_TIM2_Init      tim.o
    0x08009f6c   0x08009f6c   0x00000074   Code   RO         1537    i.MX_TIM5_Init      tim.o
    0x08009fe0   0x08009fe0   0x00000048   Code   RO         1538    i.MX_TIM6_Init      tim.o
    0x0800a028   0x0800a028   0x0000003c   Code   RO         1617    i.MX_UART4_Init     usart.o
    0x0800a064   0x0800a064   0x00000002   Code   RO         1674    i.MemManage_Handler  stm32f7xx_it.o
    0x0800a066   0x0800a066   0x00000002   PAD
    0x0800a068   0x0800a068   0x00000068   Code   RO         1864    i.NEUTRAL_STATE     gcu_model_gencode.o
    0x0800a0d0   0x0800a0d0   0x00000002   Code   RO         1675    i.NMI_Handler       stm32f7xx_it.o
    0x0800a0d2   0x0800a0d2   0x0000002e   Code   RO          943    i.PackCANMsg_Outputs_wrapper  packcanmsg_wrapper.o
    0x0800a100   0x0800a100   0x00000020   Code   RO          967    i.PackUARTMsg_Outputs_wrapper  packuartmsg_wrapper.o
    0x0800a120   0x0800a120   0x00000002   Code   RO         1676    i.PendSV_Handler    stm32f7xx_it.o
    0x0800a122   0x0800a122   0x00000002   PAD
    0x0800a124   0x0800a124   0x00000014   Code   RO          982    i.Read_oil_sensor_Outputs_wrapper  read_oil_sensor_wrapper.o
    0x0800a138   0x0800a138   0x00000002   Code   RO         1677    i.SVC_Handler       stm32f7xx_it.o
    0x0800a13a   0x0800a13a   0x00000002   PAD
    0x0800a13c   0x0800a13c   0x00000014   Code   RO         1006    i.ScanADC_Outputs_wrapper  scanadc_wrapper.o
    0x0800a150   0x0800a150   0x00000014   Code   RO         1165    i.StopLight_init_Outputs_wrapper  stoplight_init_wrapper.o
    0x0800a164   0x0800a164   0x00000004   Code   RO         1678    i.SysTick_Handler   stm32f7xx_it.o
    0x0800a168   0x0800a168   0x000000a0   Code   RO         1227    i.SystemClock_Config  main.o
    0x0800a208   0x0800a208   0x00000054   Code   RO         5775    i.SystemInit        system_stm32f7xx.o
    0x0800a25c   0x0800a25c   0x0000000c   Code   RO         1679    i.TIM6_DAC_IRQHandler  stm32f7xx_it.o
    0x0800a268   0x0800a268   0x000000cc   Code   RO         3497    i.TIM_Base_SetConfig  stm32f7xx_hal_tim.o
    0x0800a334   0x0800a334   0x0000001a   Code   RO         3498    i.TIM_CCxChannelCmd  stm32f7xx_hal_tim.o
    0x0800a34e   0x0800a34e   0x00000002   PAD
    0x0800a350   0x0800a350   0x00000074   Code   RO         3510    i.TIM_OC1_SetConfig  stm32f7xx_hal_tim.o
    0x0800a3c4   0x0800a3c4   0x00000078   Code   RO         3511    i.TIM_OC2_SetConfig  stm32f7xx_hal_tim.o
    0x0800a43c   0x0800a43c   0x00000078   Code   RO         3512    i.TIM_OC3_SetConfig  stm32f7xx_hal_tim.o
    0x0800a4b4   0x0800a4b4   0x00000058   Code   RO         3513    i.TIM_OC4_SetConfig  stm32f7xx_hal_tim.o
    0x0800a50c   0x0800a50c   0x00000058   Code   RO         3514    i.TIM_OC5_SetConfig  stm32f7xx_hal_tim.o
    0x0800a564   0x0800a564   0x00000058   Code   RO         3515    i.TIM_OC6_SetConfig  stm32f7xx_hal_tim.o
    0x0800a5bc   0x0800a5bc   0x0000000c   Code   RO         1680    i.UART4_IRQHandler  stm32f7xx_it.o
    0x0800a5c8   0x0800a5c8   0x000000c8   Code   RO         4402    i.UART_AdvFeatureConfig  stm32f7xx_hal_uart.o
    0x0800a690   0x0800a690   0x0000003c   Code   RO         4403    i.UART_CheckIdleState  stm32f7xx_hal_uart.o
    0x0800a6cc   0x0800a6cc   0x00000014   Code   RO         4404    i.UART_DMAAbortOnError  stm32f7xx_hal_uart.o
    0x0800a6e0   0x0800a6e0   0x00000046   Code   RO         4405    i.UART_DMAError     stm32f7xx_hal_uart.o
    0x0800a726   0x0800a726   0x0000002e   Code   RO         4410    i.UART_DMATransmitCplt  stm32f7xx_hal_uart.o
    0x0800a754   0x0800a754   0x0000000a   Code   RO         4412    i.UART_DMATxHalfCplt  stm32f7xx_hal_uart.o
    0x0800a75e   0x0800a75e   0x00000020   Code   RO         4414    i.UART_EndRxTransfer  stm32f7xx_hal_uart.o
    0x0800a77e   0x0800a77e   0x00000010   Code   RO         4415    i.UART_EndTxTransfer  stm32f7xx_hal_uart.o
    0x0800a78e   0x0800a78e   0x0000005a   Code   RO         4416    i.UART_RxISR_16BIT  stm32f7xx_hal_uart.o
    0x0800a7e8   0x0800a7e8   0x0000005a   Code   RO         4417    i.UART_RxISR_8BIT   stm32f7xx_hal_uart.o
    0x0800a842   0x0800a842   0x00000002   PAD
    0x0800a844   0x0800a844   0x00000254   Code   RO         4418    i.UART_SetConfig    stm32f7xx_hal_uart.o
    0x0800aa98   0x0800aa98   0x00000060   Code   RO         4421    i.UART_WaitOnFlagUntilTimeout  stm32f7xx_hal_uart.o
    0x0800aaf8   0x0800aaf8   0x00000026   Code   RO         1187    i.UnpackCanUART_Outputs_wrapper  unpackcanuart_wrapper.o
    0x0800ab1e   0x0800ab1e   0x00000002   Code   RO         1681    i.UsageFault_Handler  stm32f7xx_it.o
    0x0800ab20   0x0800ab20   0x00000022   Code   RO         2791    i.__NVIC_SetPriority  stm32f7xx_hal_cortex.o
    0x0800ab42   0x0800ab42   0x0000000e   Code   RO         5844    i.__scatterload_copy  mc_w.l(handlers.o)
    0x0800ab50   0x0800ab50   0x00000002   Code   RO         5845    i.__scatterload_null  mc_w.l(handlers.o)
    0x0800ab52   0x0800ab52   0x0000000e   Code   RO         5846    i.__scatterload_zeroinit  mc_w.l(handlers.o)
    0x0800ab60   0x0800ab60   0x00000060   Code   RO         1865    i.aacCheckShift     gcu_model_gencode.o
    0x0800abc0   0x0800abc0   0x00000010   Code   RO           13    i.activateBuzzer_Outputs_wrapper  activatebuzzer_wrapper.o
    0x0800abd0   0x0800abd0   0x00000060   Code   RO         1866    i.autoXCheckShift   gcu_model_gencode.o
    0x0800ac30   0x0800ac30   0x00000038   Code   RO         1867    i.checkClutch       gcu_model_gencode.o
    0x0800ac68   0x0800ac68   0x0000008c   Code   RO         1868    i.checkShift        gcu_model_gencode.o
    0x0800acf4   0x0800acf4   0x0000002c   Code   RO         1869    i.createRequest     gcu_model_gencode.o
    0x0800ad20   0x0800ad20   0x00000024   Code   RO         1870    i.enter_atomic_MANUAL_MODES  gcu_model_gencode.o
    0x0800ad44   0x0800ad44   0x000000d8   Code   RO         1871    i.exit_internal_ACCELERATION_PID  gcu_model_gencode.o
    0x0800ae1c   0x0800ae1c   0x00000034   Code   RO         1872    i.extractValues     gcu_model_gencode.o
    0x0800ae50   0x0800ae50   0x00000010   Code   RO         1873    i.getAacParam       gcu_model_gencode.o
    0x0800ae60   0x0800ae60   0x00000010   Code   RO         1874    i.getAutoXParam     gcu_model_gencode.o
    0x0800ae70   0x0800ae70   0x00000034   Code   RO          883    i.load_accParameters_Outputs_wrapper  load_accparameters_wrapper.o
    0x0800aea4   0x0800aea4   0x00000010   Code   RO          898    i.load_antiStallParameters_Outputs_wrapper  load_antistallparameters_wrapper.o
    0x0800aeb4   0x0800aeb4   0x00000034   Code   RO          913    i.load_autoXParameters_Outputs_wrapper  load_autoxparameters_wrapper.o
    0x0800aee8   0x0800aee8   0x0000004c   Code   RO          928    i.load_default_timings_Outputs_wrapper  load_default_timings_wrapper.o
    0x0800af34   0x0800af34   0x000000a0   Code   RO         1875    i.look1_iu16lu64n48_binlcse  gcu_model_gencode.o
    0x0800afd4   0x0800afd4   0x0000008c   Code   RO         1228    i.main              main.o
    0x0800b060   0x0800b060   0x00000014   Code   RO         1876    i.rtGetInf          gcu_model_gencode.o
    0x0800b074   0x0800b074   0x00000014   Code   RO         1878    i.rtGetMinusInf     gcu_model_gencode.o
    0x0800b088   0x0800b088   0x00000014   Code   RO         1880    i.rtGetNaN          gcu_model_gencode.o
    0x0800b09c   0x0800b09c   0x0000000c   Code   RO         1881    i.rtGetNaNF         gcu_model_gencode.o
    0x0800b0a8   0x0800b0a8   0x00000038   Code   RO         1886    i.rt_InitInfAndNaN  gcu_model_gencode.o
    0x0800b0e0   0x0800b0e0   0x00000028   Code   RO         1887    i.sendAccCommand    gcu_model_gencode.o
    0x0800b108   0x0800b108   0x00000028   Code   RO         1888    i.sendAutoXCommand  gcu_model_gencode.o
    0x0800b130   0x0800b130   0x0000003c   Code   RO         1041    i.sendCAN_Outputs_wrapper  sendcan_wrapper.o
    0x0800b16c   0x0800b16c   0x00000038   Code   RO         1066    i.sendEepromUART_Outputs_wrapper  sendeepromuart_wrapper.o
    0x0800b1a4   0x0800b1a4   0x00000040   Code   RO         1091    i.sendUART_Outputs_wrapper  senduart_wrapper.o
    0x0800b1e4   0x0800b1e4   0x00000018   Code   RO         1116    i.setKeyOn_Outputs_wrapper  setkeyon_wrapper.o
    0x0800b1fc   0x0800b1fc   0x000000b8   Code   RO         1889    i.shiftArray        gcu_model_gencode.o
    0x0800b2b4   0x0800b2b4   0x000000b8   Code   RO         1890    i.shiftArray_h      gcu_model_gencode.o
    0x0800b36c   0x0800b36c   0x000000b8   Code   RO         1891    i.shiftArray_hs     gcu_model_gencode.o
    0x0800b424   0x0800b424   0x00000010   Code   RO         1140    i.stopBuzzer_Outputs_wrapper  stopbuzzer_wrapper.o
    0x0800b434   0x0800b434   0x0000008c   Code   RO         1892    i.testIndex         gcu_model_gencode.o
    0x0800b4c0   0x0800b4c0   0x00000080   Code   RO         1893    i.updateBuffer      gcu_model_gencode.o
    0x0800b540   0x0800b540   0x000000a8   Code   RO         1894    i.updateOutput      gcu_model_gencode.o
    0x0800b5e8   0x0800b5e8   0x00000014   Code   RO         1211    i.update_ADC_data_Outputs_wrapper  update_adc_data_wrapper.o
    0x0800b5fc   0x0800b5fc   0x00000008   Data   RO         1896    .constdata          gcu_model_gencode.o
    0x0800b604   0x0800b604   0x00000004   PAD
    0x0800b608   0x0800b608   0x000000f8   Data   RO         2248    .constdata          gcu_model_gencode_data.o
    0x0800b700   0x0800b700   0x00000008   Data   RO         5144    .constdata          stm32f7xx_hal_dma.o
    0x0800b708   0x0800b708   0x00000010   Data   RO         5776    .constdata          system_stm32f7xx.o
    0x0800b718   0x0800b718   0x00000008   Data   RO         5777    .constdata          system_stm32f7xx.o
    0x0800b720   0x0800b720   0x00000020   Data   RO         5842    Region$$Table       anon$$obj.o


    Execution Region RW_IRAM1 (Exec base: 0x20000000, Load base: 0x0800b740, Size: 0x00001a70, Max: 0x00080000, ABSOLUTE)

    Exec Addr    Load Addr    Size         Type   Attr      Idx    E Section Name        Object

    0x20000000   0x0800b740   0x00000010   Data   RW         1379    .data               can.o
    0x20000010   0x0800b750   0x00000010   Data   RW         1540    .data               tim.o
    0x20000020   0x0800b760   0x00000014   Data   RW         1619    .data               usart.o
    0x20000034   0x0800b774   0x00000008   Data   RW         1897    .data               gcu_model_gencode.o
    0x2000003c   0x0800b77c   0x00000004   PAD
    0x20000040   0x0800b780   0x00000028   Data   RW         1898    .data               gcu_model_gencode.o
    0x20000068   0x0800b7a8   0x0000000c   Data   RW         5523    .data               stm32f7xx_hal.o
    0x20000074   0x0800b7b4   0x00000004   Data   RW         5778    .data               system_stm32f7xx.o
    0x20000078        -       0x0000002c   Zero   RW         1229    .bss                main.o
    0x200000a4        -       0x00000016   Zero   RW         1230    .bss                main.o
    0x200000ba        -       0x00000010   Zero   RW         1231    .bss                main.o
    0x200000ca   0x0800b7b8   0x00000002   PAD
    0x200000cc        -       0x000000a8   Zero   RW         1326    .bss                adc.o
    0x20000174        -       0x00000084   Zero   RW         1377    .bss                can.o
    0x200001f8        -       0x0000004c   Zero   RW         1490    .bss                i2c.o
    0x20000244        -       0x00000100   Zero   RW         1539    .bss                tim.o
    0x20000344        -       0x00000100   Zero   RW         1618    .bss                usart.o
    0x20000444   0x0800b7b8   0x00000004   PAD
    0x20000448        -       0x00001228   Zero   RW         1895    .bss                gcu_model_gencode.o
    0x20001670        -       0x00000400   Zero   RW            1    STACK               startup_stm32f767xx.o


==============================================================================

Image component sizes


      Code (inc. data)   RO Data    RW Data    ZI Data      Debug   Object Name

        16          4          0          0          0     897633   activatebuzzer_wrapper.o
       532         50          0          0        168       2531   adc.o
        20          4          0          0          0        526   buzzer_init_wrapper.o
       356         40          0         16        132       2829   can.o
       212         10          0          0          0        735   can_filter_setup_wrapper.o
        44          6          0          0          0        570   can_restart_wrapper.o
        44          4          0          0          0        572   can_start_wrapper.o
        28          4          0          0          0        599   clutchmotor_init_wrapper.o
        76         22          0          0          0       1054   clutchmotor_setposition_wrapper.o
        68         20          0          0          0       1073   clutchmotor_setpwmregister_wrapper.o
        76          4          0          0          0        774   dma.o
        52          8          0          0          0       1150   eeprom_init_wrapper.o
        48          4          0          0          0       1226   eeprom_read_wrapper.o
        96         14          0          0          0       1421   eeprom_write_wrapper.o
        14          0          0          0          0        551   efi_init_wrapper.o
        16          6          0          0          0        517   efi_setcut_wrapper.o
        16          6          0          0          0        913   efi_setmap_wrapper.o
        16          6          0          0          0        544   efi_setrpmlimiter_wrapper.o
        16          6          0          0          0        527   efi_unsetcut_wrapper.o
        16          6          0          0          0        554   efi_unsetrpmlimiter_wrapper.o
        20          6          0          0          0        958   enginecontrol_start_wrapper.o
        20          4          0          0          0        953   enginecontrol_stop_wrapper.o
        20          4          0          0          0        536   fuelpump_init_wrapper.o
     24416       1332          8         48       4648      89520   gcu_model_gencode.o
         0          0        248          0          0      14487   gcu_model_gencode_data.o
        52          4          0          0          0       1070   gearmotor_brake_wrapper.o
        10          0          0          0          0        577   gearmotor_init_wrapper.o
        20          6          0          0          0        944   gearmotor_release_wrapper.o
        52          4          0          0          0       1089   gearmotor_turnleft_wrapper.o
        52          4          0          0          0       1098   gearmotor_turnright_wrapper.o
         2          0          0          0          0        451   gfxsimulator.o
       340         22          0          0          0       1051   gpio.o
       204         26          0          0         76       1629   i2c.o
        12          6          0          0          0        512   inittimer_wrapper.o
        20         10          0          0          0        511   inituart_wrapper.o
        52          0          0          0          0       1013   load_accparameters_wrapper.o
        16          0          0          0          0       1011   load_antistallparameters_wrapper.o
        52          0          0          0          0       1031   load_autoxparameters_wrapper.o
        76          0          0          0          0       1039   load_default_timings_wrapper.o
       302         20          0          0         82       2636   main.o
        46          0          0          0          0       1105   packcanmsg_wrapper.o
        32          0          0          0          0       1042   packuartmsg_wrapper.o
        20          4          0          0          0        966   read_oil_sensor_wrapper.o
        20         10          0          0          0        506   scanadc_wrapper.o
        60         12          0          0          0       1248   sendcan_wrapper.o
        56         12          0          0          0       1248   sendeepromuart_wrapper.o
        64         14          0          0          0       1220   senduart_wrapper.o
        24          4          0          0          0        963   setkeyon_wrapper.o
        36          8        504          0       1024        824   startup_stm32f767xx.o
       150         24          0         12          0       9093   stm32f7xx_hal.o
      1504         60          0          0          0       8142   stm32f7xx_hal_adc.o
         2          0          0          0          0        957   stm32f7xx_hal_adc_ex.o
      1690         10          0          0          0      14163   stm32f7xx_hal_can.o
       198         12          0          0          0      38927   stm32f7xx_hal_cortex.o
       966         16          8          0          0       6414   stm32f7xx_hal_dma.o
       506         54          0          0          0       3804   stm32f7xx_hal_gpio.o
      3780        102          0          0          0      29667   stm32f7xx_hal_i2c.o
       172          0          0          0          0       1943   stm32f7xx_hal_i2c_ex.o
        48          6          0          0          0        802   stm32f7xx_hal_msp.o
       108          8          0          0          0       1248   stm32f7xx_hal_pwr_ex.o
      1288         64          0          0          0       5048   stm32f7xx_hal_rcc.o
      1340         22          0          0          0       2304   stm32f7xx_hal_rcc_ex.o
      1938        140          0          0          0      16138   stm32f7xx_hal_tim.o
       262         18          0          0          0       3912   stm32f7xx_hal_tim_ex.o
      2050         96          0          0          0      14502   stm32f7xx_hal_uart.o
       128         54          0          0          0       8070   stm32f7xx_it.o
        16          6          0          0          0        541   stopbuzzer_wrapper.o
        20          4          0          0          0        537   stoplight_init_wrapper.o
        84         16         24          4          0       1191   system_stm32f7xx.o
       932         96          0         16        256       5782   tim.o
        38          0          0          0          0       1156   unpackcanuart_wrapper.o
        20          0          0          0          0       1066   update_adc_data_wrapper.o
       560         50          0         20        256       3142   usart.o

    ----------------------------------------------------------------------
     45734       2594        828        120       6648    1226086   Object Totals
         0          0         32          0          0          0   (incl. Generated)
        76          0          4          4          6          0   (incl. Padding)

    ----------------------------------------------------------------------

      Code (inc. data)   RO Data    RW Data    ZI Data      Debug   Library Member Name

         0          0          0          0          0          0   entry.o
         0          0          0          0          0          0   entry10a.o
         0          0          0          0          0          0   entry11a.o
         8          4          0          0          0          0   entry2.o
         4          0          0          0          0          0   entry5.o
         0          0          0          0          0          0   entry7b.o
         0          0          0          0          0          0   entry8b.o
         8          4          0          0          0          0   entry9a.o
        30          0          0          0          0          0   handlers.o
        36          8          0          0          0         68   init.o
        30          0          0          0          0         68   llshl.o
        32          0          0          0          0         68   llushr.o
        36          0          0          0          0         68   memcpya.o
        36          0          0          0          0        108   memseta.o
        30          0          0          0          0         80   strncmp.o
        98          0          0          0          0         92   uldiv.o

    ----------------------------------------------------------------------
       350         16          0          0          0        552   Library Totals
         2          0          0          0          0          0   (incl. Padding)

    ----------------------------------------------------------------------

      Code (inc. data)   RO Data    RW Data    ZI Data      Debug   Library Name

       348         16          0          0          0        552   mc_w.l

    ----------------------------------------------------------------------
       350         16          0          0          0        552   Library Totals

    ----------------------------------------------------------------------

==============================================================================


      Code (inc. data)   RO Data    RW Data    ZI Data      Debug   

     46084       2610        828        120       6648    1197534   Grand Totals
     46084       2610        828        120       6648    1197534   ELF Image Totals
     46084       2610        828        120          0          0   ROM Totals

==============================================================================

    Total RO  Size (Code + RO Data)                46912 (  45.81kB)
    Total RW  Size (RW Data + ZI Data)              6768 (   6.61kB)
    Total ROM Size (Code + RO Data + RW Data)      47032 (  45.93kB)

==============================================================================

